###############################################################################
#
# IAR ELF Linker V8.40.1.212/W32 for ARM                  26/Jun/2020  16:16:09
# Copyright 2007-2019 IAR Systems AB.
#
#    Output file  =
#        E:\Firmware\CodeTestL432KC\ReaderSIM\Firmware_L432KC\EWARM\NFC_L432KC\Exe\NFC_L432KC.out
#    Map file     =
#        E:\Firmware\CodeTestL432KC\ReaderSIM\Firmware_L432KC\EWARM\NFC_L432KC\List\NFC_L432KC.map
#    Command line =
#        -f C:\Users\ANNGUY~1\AppData\Local\Temp\EW10F8.tmp
#        (E:\Firmware\CodeTestL432KC\ReaderSIM\Firmware_L432KC\EWARM\NFC_L432KC\Obj\bcdencode.o
#        E:\Firmware\CodeTestL432KC\ReaderSIM\Firmware_L432KC\EWARM\NFC_L432KC\Obj\Config.o
#        E:\Firmware\CodeTestL432KC\ReaderSIM\Firmware_L432KC\EWARM\NFC_L432KC\Obj\Fonts.o
#        E:\Firmware\CodeTestL432KC\ReaderSIM\Firmware_L432KC\EWARM\NFC_L432KC\Obj\i2c-lcd.o
#        E:\Firmware\CodeTestL432KC\ReaderSIM\Firmware_L432KC\EWARM\NFC_L432KC\Obj\main.o
#        E:\Firmware\CodeTestL432KC\ReaderSIM\Firmware_L432KC\EWARM\NFC_L432KC\Obj\ndef.o
#        E:\Firmware\CodeTestL432KC\ReaderSIM\Firmware_L432KC\EWARM\NFC_L432KC\Obj\nfcm1833_module.o
#        E:\Firmware\CodeTestL432KC\ReaderSIM\Firmware_L432KC\EWARM\NFC_L432KC\Obj\nfcm1833tiny.o
#        E:\Firmware\CodeTestL432KC\ReaderSIM\Firmware_L432KC\EWARM\NFC_L432KC\Obj\nfcm1833tinz.o
#        E:\Firmware\CodeTestL432KC\ReaderSIM\Firmware_L432KC\EWARM\NFC_L432KC\Obj\SSD1306.o
#        E:\Firmware\CodeTestL432KC\ReaderSIM\Firmware_L432KC\EWARM\NFC_L432KC\Obj\startup_stm32l432xx.o
#        E:\Firmware\CodeTestL432KC\ReaderSIM\Firmware_L432KC\EWARM\NFC_L432KC\Obj\stm32l4xx_hal.o
#        E:\Firmware\CodeTestL432KC\ReaderSIM\Firmware_L432KC\EWARM\NFC_L432KC\Obj\stm32l4xx_hal_cortex.o
#        E:\Firmware\CodeTestL432KC\ReaderSIM\Firmware_L432KC\EWARM\NFC_L432KC\Obj\stm32l4xx_hal_crc.o
#        E:\Firmware\CodeTestL432KC\ReaderSIM\Firmware_L432KC\EWARM\NFC_L432KC\Obj\stm32l4xx_hal_crc_ex.o
#        E:\Firmware\CodeTestL432KC\ReaderSIM\Firmware_L432KC\EWARM\NFC_L432KC\Obj\stm32l4xx_hal_dma.o
#        E:\Firmware\CodeTestL432KC\ReaderSIM\Firmware_L432KC\EWARM\NFC_L432KC\Obj\stm32l4xx_hal_dma_ex.o
#        E:\Firmware\CodeTestL432KC\ReaderSIM\Firmware_L432KC\EWARM\NFC_L432KC\Obj\stm32l4xx_hal_exti.o
#        E:\Firmware\CodeTestL432KC\ReaderSIM\Firmware_L432KC\EWARM\NFC_L432KC\Obj\stm32l4xx_hal_flash.o
#        E:\Firmware\CodeTestL432KC\ReaderSIM\Firmware_L432KC\EWARM\NFC_L432KC\Obj\stm32l4xx_hal_flash_ex.o
#        E:\Firmware\CodeTestL432KC\ReaderSIM\Firmware_L432KC\EWARM\NFC_L432KC\Obj\stm32l4xx_hal_flash_ramfunc.o
#        E:\Firmware\CodeTestL432KC\ReaderSIM\Firmware_L432KC\EWARM\NFC_L432KC\Obj\stm32l4xx_hal_gpio.o
#        E:\Firmware\CodeTestL432KC\ReaderSIM\Firmware_L432KC\EWARM\NFC_L432KC\Obj\stm32l4xx_hal_i2c.o
#        E:\Firmware\CodeTestL432KC\ReaderSIM\Firmware_L432KC\EWARM\NFC_L432KC\Obj\stm32l4xx_hal_i2c_ex.o
#        E:\Firmware\CodeTestL432KC\ReaderSIM\Firmware_L432KC\EWARM\NFC_L432KC\Obj\stm32l4xx_hal_msp.o
#        E:\Firmware\CodeTestL432KC\ReaderSIM\Firmware_L432KC\EWARM\NFC_L432KC\Obj\stm32l4xx_hal_pcd.o
#        E:\Firmware\CodeTestL432KC\ReaderSIM\Firmware_L432KC\EWARM\NFC_L432KC\Obj\stm32l4xx_hal_pcd_ex.o
#        E:\Firmware\CodeTestL432KC\ReaderSIM\Firmware_L432KC\EWARM\NFC_L432KC\Obj\stm32l4xx_hal_pwr.o
#        E:\Firmware\CodeTestL432KC\ReaderSIM\Firmware_L432KC\EWARM\NFC_L432KC\Obj\stm32l4xx_hal_pwr_ex.o
#        E:\Firmware\CodeTestL432KC\ReaderSIM\Firmware_L432KC\EWARM\NFC_L432KC\Obj\stm32l4xx_hal_rcc.o
#        E:\Firmware\CodeTestL432KC\ReaderSIM\Firmware_L432KC\EWARM\NFC_L432KC\Obj\stm32l4xx_hal_rcc_ex.o
#        E:\Firmware\CodeTestL432KC\ReaderSIM\Firmware_L432KC\EWARM\NFC_L432KC\Obj\stm32l4xx_hal_spi.o
#        E:\Firmware\CodeTestL432KC\ReaderSIM\Firmware_L432KC\EWARM\NFC_L432KC\Obj\stm32l4xx_hal_spi_ex.o
#        E:\Firmware\CodeTestL432KC\ReaderSIM\Firmware_L432KC\EWARM\NFC_L432KC\Obj\stm32l4xx_hal_tim.o
#        E:\Firmware\CodeTestL432KC\ReaderSIM\Firmware_L432KC\EWARM\NFC_L432KC\Obj\stm32l4xx_hal_tim_ex.o
#        E:\Firmware\CodeTestL432KC\ReaderSIM\Firmware_L432KC\EWARM\NFC_L432KC\Obj\stm32l4xx_hal_uart.o
#        E:\Firmware\CodeTestL432KC\ReaderSIM\Firmware_L432KC\EWARM\NFC_L432KC\Obj\stm32l4xx_hal_uart_ex.o
#        E:\Firmware\CodeTestL432KC\ReaderSIM\Firmware_L432KC\EWARM\NFC_L432KC\Obj\stm32l4xx_it.o
#        E:\Firmware\CodeTestL432KC\ReaderSIM\Firmware_L432KC\EWARM\NFC_L432KC\Obj\stm32l4xx_ll_usb.o
#        E:\Firmware\CodeTestL432KC\ReaderSIM\Firmware_L432KC\EWARM\NFC_L432KC\Obj\system_stm32l4xx.o
#        E:\Firmware\CodeTestL432KC\ReaderSIM\Firmware_L432KC\EWARM\NFC_L432KC\Obj\usbd_cdc.o
#        E:\Firmware\CodeTestL432KC\ReaderSIM\Firmware_L432KC\EWARM\NFC_L432KC\Obj\usbd_cdc_vcp.o
#        E:\Firmware\CodeTestL432KC\ReaderSIM\Firmware_L432KC\EWARM\NFC_L432KC\Obj\usbd_conf.o
#        E:\Firmware\CodeTestL432KC\ReaderSIM\Firmware_L432KC\EWARM\NFC_L432KC\Obj\usbd_core.o
#        E:\Firmware\CodeTestL432KC\ReaderSIM\Firmware_L432KC\EWARM\NFC_L432KC\Obj\usbd_ctlreq.o
#        E:\Firmware\CodeTestL432KC\ReaderSIM\Firmware_L432KC\EWARM\NFC_L432KC\Obj\usbd_desc.o
#        E:\Firmware\CodeTestL432KC\ReaderSIM\Firmware_L432KC\EWARM\NFC_L432KC\Obj\usbd_hid.o
#        E:\Firmware\CodeTestL432KC\ReaderSIM\Firmware_L432KC\EWARM\NFC_L432KC\Obj\usbd_hid_keyboard.o
#        E:\Firmware\CodeTestL432KC\ReaderSIM\Firmware_L432KC\EWARM\NFC_L432KC\Obj\usbd_ioreq.o
#        --redirect _Printf=_PrintfFull --redirect _Scanf=_ScanfFull
#        --no_out_extension -o
#        E:\Firmware\CodeTestL432KC\ReaderSIM\Firmware_L432KC\EWARM\NFC_L432KC\Exe\NFC_L432KC.out
#        --map
#        E:\Firmware\CodeTestL432KC\ReaderSIM\Firmware_L432KC\EWARM\NFC_L432KC\List\NFC_L432KC.map
#        --config
#        E:\Firmware\CodeTestL432KC\ReaderSIM\Firmware_L432KC\EWARM/stm32l432xx_flash.icf
#        --semihosting --entry __iar_program_start --vfe --text_out locale)
#
###############################################################################

*******************************************************************************
*** RUNTIME MODEL ATTRIBUTES
***

CppFlavor       = *
__SystemLibrary = DLib
__dlib_version  = 6


*******************************************************************************
*** HEAP SELECTION
***

The basic heap was selected because no calls to memory allocation
functions were found in the application outside of system library
functions, and there are calls to deallocation functions in the
application.


*******************************************************************************
*** PLACEMENT SUMMARY
***

"A0":  place at address 0x800'0000 { ro section .intvec };
"P1":  place in [from 0x800'0000 to 0x803'ffff] { ro };
define block CSTACK with size = 1K, alignment = 8 { };
define block HEAP with size = 512, alignment = 8 { };
"P2":  place in [from 0x2000'0000 to 0x2000'ffff] {
          rw, block CSTACK, block HEAP };
initialize by copy { rw };

  Section            Kind         Address    Size  Object
  -------            ----         -------    ----  ------
"A0":                                       0x18c
  .intvec            ro code   0x800'0000   0x18c  startup_stm32l432xx.o [1]
                             - 0x800'018c   0x18c

"P1":                                      0x7cac
  .text              ro code   0x800'018c   0xe24  main.o [1]
  .text              ro code   0x800'0fb0    0x24  stm32l4xx_hal.o [1]
  .text              ro code   0x800'0fd4    0x28  stm32l4xx_hal.o [1]
  .text              ro code   0x800'0ffc    0x2a  nfcm1833_module.o [1]
  .text              ro code   0x800'1026    0x3a  zero_init3.o [4]
  .text              ro code   0x800'1060   0x116  i2c-lcd.o [1]
  .text              ro code   0x800'1176    0x2e  copy_init3.o [4]
  .text              ro code   0x800'11a4    0xa6  ABImemcpy.o [4]
  .text              ro code   0x800'124a   0x248  bcdencode.o [1]
  .rodata            const     0x800'1492     0x1  nfcm1833tinz.o [1]
  .rodata            const     0x800'1493     0x1  nfcm1833tinz.o [1]
  .text              ro code   0x800'1494   0x3ce  stm32l4xx_hal_gpio.o [1]
  .rodata            const     0x800'1862     0x1  nfcm1833tinz.o [1]
  .text              ro code   0x800'1864   0xa92  stm32l4xx_hal_uart.o [1]
  .text              ro code   0x800'22f8    0x36  strlen.o [4]
  .text              ro code   0x800'2330     0xc  stm32l4xx_hal.o [1]
  .text              ro code   0x800'233c    0x2c  strstr.o [2]
  .text              ro code   0x800'2368    0x66  ABImemset.o [4]
  .text              ro code   0x800'23d0   0xc54  stm32l4xx_hal_rcc.o [1]
  .text              ro code   0x800'3024   0x74c  stm32l4xx_hal_rcc_ex.o [1]
  .text              ro code   0x800'3770    0xb0  stm32l4xx_hal_pwr_ex.o [1]
  .text              ro code   0x800'3820   0x25c  stm32l4xx_hal_crc.o [1]
  .text              ro code   0x800'3a7c   0x5ac  stm32l4xx_hal_i2c.o [1]
  .text              ro code   0x800'4028   0x124  stm32l4xx_hal_i2c_ex.o [1]
  .text              ro code   0x800'414c   0x706  stm32l4xx_hal_spi.o [1]
  .text              ro code   0x800'4854   0x19c  stm32l4xx_hal_cortex.o [1]
  .text              ro code   0x800'49f0    0x60  stm32l4xx_hal.o [1]
  .text              ro code   0x800'4a50   0x1c0  stm32l4xx_hal_msp.o [1]
  .text              ro code   0x800'4c10   0x480  nfcm1833tinz.o [1]
  .text              ro code   0x800'5090   0x230  I64DivMod.o [4]
  .text              ro code   0x800'52c0    0x16  strchr.o [4]
  .text              ro code   0x800'52d8    0xa0  stm32l4xx_hal_crc_ex.o [1]
  .text              ro code   0x800'5378    0x14  memset.o [4]
  .text              ro code   0x800'538c     0x2  I64DivZer.o [4]
  .text              ro code   0x800'538e   0x864  stm32l4xx_ll_usb.o [1]
  .text              ro code   0x800'5bf4   0x7d4  stm32l4xx_hal_pcd.o [1]
  .text              ro code   0x800'63c8   0x314  usbd_conf.o [1]
  .text              ro code   0x800'66dc   0x31a  usbd_core.o [1]
  .text              ro code   0x800'69f8   0x766  usbd_ctlreq.o [1]
  .text              ro code   0x800'715e    0x94  usbd_ioreq.o [1]
  .rodata            const     0x800'71f4   0x100  nfcm1833tinz.o [1]
  .rodata            const     0x800'72f4   0x100  nfcm1833tinz.o [1]
  .rodata            const     0x800'73f4    0x88  stm32l4xx_hal_cortex.o [1]
  .rodata            const     0x800'747c    0x88  stm32l4xx_hal_crc_ex.o [1]
  .rodata            const     0x800'7504    0x88  stm32l4xx_hal_i2c_ex.o [1]
  .rodata            const     0x800'758c    0x88  stm32l4xx_hal_pwr_ex.o [1]
  .rodata            const     0x800'7614    0x88  stm32l4xx_hal_rcc_ex.o [1]
  .rodata            const     0x800'769c    0x84  stm32l4xx_hal_crc.o [1]
  .rodata            const     0x800'7720    0x84  stm32l4xx_hal_gpio.o [1]
  .rodata            const     0x800'77a4    0x84  stm32l4xx_hal_i2c.o [1]
  .rodata            const     0x800'7828    0x84  stm32l4xx_hal_rcc.o [1]
  .rodata            const     0x800'78ac    0x84  stm32l4xx_hal_spi.o [1]
  .rodata            const     0x800'7930    0x84  stm32l4xx_hal_uart.o [1]
  .rodata            const     0x800'79b4    0x64  main.o [1]
  .text              ro code   0x800'7a18    0x60  system_stm32l4xx.o [1]
  .rodata            const     0x800'7a78    0x50  nfcm1833tinz.o [1]
  .text              ro code   0x800'7ac8    0x36  stm32l4xx_it.o [1]
  .text              ro code   0x800'7b00    0x18  stm32l4xx_hal.o [1]
  .rodata            const     0x800'7b18    0x30  system_stm32l4xx.o [1]
  .text              ro code   0x800'7b48    0x28  data_init.o [4]
  .text              ro code   0x800'7b70    0x22  fpinit_M.o [3]
  .iar.init_table    const     0x800'7b94    0x24  - Linker created -
  .rodata            const     0x800'7bb8    0x20  main.o [1]
  .rodata            const     0x800'7bd8    0x20  main.o [1]
  .text              ro code   0x800'7bf8    0x1e  cmain.o [4]
  .text              ro code   0x800'7c16     0x4  low_level_init.o [2]
  .text              ro code   0x800'7c1a     0x4  exit.o [2]
  .text              ro code   0x800'7c20     0xa  cexit.o [4]
  .text              ro code   0x800'7c2c    0x14  exit.o [5]
  .rodata            const     0x800'7c40    0x14  main.o [1]
  .rodata            const     0x800'7c54    0x10  main.o [1]
  .rodata            const     0x800'7c64    0x10  main.o [1]
  .rodata            const     0x800'7c74    0x10  main.o [1]
  .rodata            const     0x800'7c84    0x10  main.o [1]
  .rodata            const     0x800'7c94    0x10  system_stm32l4xx.o [1]
  .text              ro code   0x800'7ca4    0x10  startup_stm32l432xx.o [1]
  .rodata            const     0x800'7cb4     0xc  main.o [1]
  .rodata            const     0x800'7cc0     0xc  main.o [1]
  .rodata            const     0x800'7ccc     0xc  main.o [1]
  .rodata            const     0x800'7cd8     0xc  main.o [1]
  .rodata            const     0x800'7ce4     0xc  main.o [1]
  .text              ro code   0x800'7cf0     0xc  cstartup_M.o [4]
  Initializer bytes  const     0x800'7cfc     0xc  <for P2-1>
  .rodata            const     0x800'7d08     0x8  main.o [1]
  .rodata            const     0x800'7d10     0x8  main.o [1]
  .rodata            const     0x800'7d18     0x8  main.o [1]
  .rodata            const     0x800'7d20     0x8  main.o [1]
  .rodata            const     0x800'7d28     0x8  main.o [1]
  .rodata            const     0x800'7d30     0x8  main.o [1]
  .rodata            const     0x800'7d38     0x8  nfcm1833tinz.o [1]
  .rodata            const     0x800'7d40     0x8  system_stm32l4xx.o [1]
  .rodata            const     0x800'7d48     0x4  nfcm1833tinz.o [1]
  .rodata            const     0x800'7d4c     0x4  nfcm1833tinz.o [1]
  .text              ro code   0x800'7d50     0x4  startup_stm32l432xx.o [1]
  .text              ro code   0x800'7d54     0x4  startup_stm32l432xx.o [1]
  .text              ro code   0x800'7d58     0x4  startup_stm32l432xx.o [1]
  .text              ro code   0x800'7d5c     0x4  startup_stm32l432xx.o [1]
  .text              ro code   0x800'7d60     0x4  startup_stm32l432xx.o [1]
  .text              ro code   0x800'7d64     0x4  startup_stm32l432xx.o [1]
  .text              ro code   0x800'7d68     0x4  startup_stm32l432xx.o [1]
  .text              ro code   0x800'7d6c     0x4  startup_stm32l432xx.o [1]
  .text              ro code   0x800'7d70     0x4  startup_stm32l432xx.o [1]
  .text              ro code   0x800'7d74     0x4  startup_stm32l432xx.o [1]
  .text              ro code   0x800'7d78     0x4  startup_stm32l432xx.o [1]
  .text              ro code   0x800'7d7c     0x4  startup_stm32l432xx.o [1]
  .text              ro code   0x800'7d80     0x4  startup_stm32l432xx.o [1]
  .text              ro code   0x800'7d84     0x4  startup_stm32l432xx.o [1]
  .text              ro code   0x800'7d88     0x4  startup_stm32l432xx.o [1]
  .text              ro code   0x800'7d8c     0x4  startup_stm32l432xx.o [1]
  .text              ro code   0x800'7d90     0x4  startup_stm32l432xx.o [1]
  .text              ro code   0x800'7d94     0x4  startup_stm32l432xx.o [1]
  .text              ro code   0x800'7d98     0x4  startup_stm32l432xx.o [1]
  .text              ro code   0x800'7d9c     0x4  startup_stm32l432xx.o [1]
  .text              ro code   0x800'7da0     0x4  startup_stm32l432xx.o [1]
  .text              ro code   0x800'7da4     0x4  startup_stm32l432xx.o [1]
  .text              ro code   0x800'7da8     0x4  startup_stm32l432xx.o [1]
  .text              ro code   0x800'7dac     0x4  startup_stm32l432xx.o [1]
  .text              ro code   0x800'7db0     0x4  startup_stm32l432xx.o [1]
  .text              ro code   0x800'7db4     0x4  startup_stm32l432xx.o [1]
  .text              ro code   0x800'7db8     0x4  startup_stm32l432xx.o [1]
  .text              ro code   0x800'7dbc     0x4  startup_stm32l432xx.o [1]
  .text              ro code   0x800'7dc0     0x4  startup_stm32l432xx.o [1]
  .text              ro code   0x800'7dc4     0x4  startup_stm32l432xx.o [1]
  .text              ro code   0x800'7dc8     0x4  startup_stm32l432xx.o [1]
  .text              ro code   0x800'7dcc     0x4  startup_stm32l432xx.o [1]
  .text              ro code   0x800'7dd0     0x4  startup_stm32l432xx.o [1]
  .text              ro code   0x800'7dd4     0x4  startup_stm32l432xx.o [1]
  .text              ro code   0x800'7dd8     0x4  startup_stm32l432xx.o [1]
  .text              ro code   0x800'7ddc     0x4  startup_stm32l432xx.o [1]
  .text              ro code   0x800'7de0     0x4  startup_stm32l432xx.o [1]
  .text              ro code   0x800'7de4     0x4  startup_stm32l432xx.o [1]
  .text              ro code   0x800'7de8     0x4  startup_stm32l432xx.o [1]
  .text              ro code   0x800'7dec     0x4  startup_stm32l432xx.o [1]
  .text              ro code   0x800'7df0     0x4  startup_stm32l432xx.o [1]
  .text              ro code   0x800'7df4     0x4  startup_stm32l432xx.o [1]
  .text              ro code   0x800'7df8     0x4  startup_stm32l432xx.o [1]
  .text              ro code   0x800'7dfc     0x4  startup_stm32l432xx.o [1]
  .text              ro code   0x800'7e00     0x4  startup_stm32l432xx.o [1]
  .text              ro code   0x800'7e04     0x4  startup_stm32l432xx.o [1]
  .text              ro code   0x800'7e08     0x4  startup_stm32l432xx.o [1]
  .text              ro code   0x800'7e0c     0x4  startup_stm32l432xx.o [1]
  .text              ro code   0x800'7e10     0x4  startup_stm32l432xx.o [1]
  .text              ro code   0x800'7e14     0x4  startup_stm32l432xx.o [1]
  .text              ro code   0x800'7e18     0x4  startup_stm32l432xx.o [1]
  .text              ro code   0x800'7e1c     0x4  startup_stm32l432xx.o [1]
  .text              ro code   0x800'7e20     0x4  startup_stm32l432xx.o [1]
  .text              ro code   0x800'7e24     0x4  startup_stm32l432xx.o [1]
  .text              ro code   0x800'7e28     0x4  startup_stm32l432xx.o [1]
  .text              ro code   0x800'7e2c     0x4  startup_stm32l432xx.o [1]
  .text              ro code   0x800'7e30     0x4  startup_stm32l432xx.o [1]
  .text              ro code   0x800'7e34     0x4  startup_stm32l432xx.o [1]
  .rodata            const     0x800'7e38     0x0  zero_init3.o [4]
  .rodata            const     0x800'7e38     0x0  copy_init3.o [4]
                             - 0x800'7e38  0x7cac

"P2", part 1 of 3:                            0xc
  P2-1                        0x2000'0000     0xc  <Init block>
    .data            inited   0x2000'0000     0x4  stm32l4xx_hal.o [1]
    .data            inited   0x2000'0004     0x4  stm32l4xx_hal.o [1]
    .data            inited   0x2000'0008     0x4  system_stm32l4xx.o [1]
                            - 0x2000'000c     0xc

"P2", part 2 of 3:                          0x600
  .bss               zero     0x2000'000c   0x274  usbd_conf.o [1]
  .bss               zero     0x2000'0280   0x1f4  main.o [1]
  .bss               zero     0x2000'0474    0x80  main.o [1]
  .bss               zero     0x2000'04f4    0x64  main.o [1]
  .bss               zero     0x2000'0558    0x4c  main.o [1]
  .bss               zero     0x2000'05a4    0x24  main.o [1]
  .bss               zero     0x2000'05c8    0x10  main.o [1]
  .bss               zero     0x2000'05d8    0x10  main.o [1]
  .bss               zero     0x2000'05e8    0x10  main.o [1]
  .bss               zero     0x2000'05f8     0x8  main.o [1]
  .bss               zero     0x2000'0600     0x4  stm32l4xx_hal.o [1]
  .bss               zero     0x2000'0604     0x2  main.o [1]
  .bss               zero     0x2000'0606     0x1  main.o [1]
  .bss               zero     0x2000'0607     0x1  main.o [1]
  .bss               zero     0x2000'0608     0x1  main.o [1]
  .bss               zero     0x2000'0609     0x1  usbd_ctlreq.o [1]
                            - 0x2000'060a   0x5fe

"P2", part 3 of 3:                          0x400
  CSTACK                      0x2000'0610   0x400  <Block>
    CSTACK           uninit   0x2000'0610   0x400  <Block tail>
                            - 0x2000'0a10   0x400

Unused ranges:

         From           To      Size
         ----           --      ----
   0x800'7e38   0x803'ffff  0x3'81c8
  0x2000'060c  0x2000'060f       0x4
  0x2000'0a10  0x2000'ffff    0xf5f0


*******************************************************************************
*** INIT TABLE
***

          Address      Size
          -------      ----
Zero (__iar_zero_init3)
    1 destination range, total size 0x5fe:
          0x2000'000c  0x5fe

Copy (__iar_copy_init3)
    1 source range, total size 0xc:
           0x800'7cfc    0xc
    1 destination range, total size 0xc:
          0x2000'0000    0xc



*******************************************************************************
*** MODULE SUMMARY
***

    Module                  ro code  ro data  rw data
    ------                  -------  -------  -------
command line/config:
    -------------------------------------------------
    Total:

E:\Firmware\CodeTestL432KC\ReaderSIM\Firmware_L432KC\EWARM\NFC_L432KC\Obj: [1]
    bcdencode.o                 584
    i2c-lcd.o                   278
    main.o                    3'620      356      901
    nfcm1833_module.o            42
    nfcm1833tinz.o            1'152      611
    startup_stm32l432xx.o       644
    stm32l4xx_hal.o             208        8       12
    stm32l4xx_hal_cortex.o      412      136
    stm32l4xx_hal_crc.o         604      132
    stm32l4xx_hal_crc_ex.o      160      136
    stm32l4xx_hal_gpio.o        974      132
    stm32l4xx_hal_i2c.o       1'452      132
    stm32l4xx_hal_i2c_ex.o      292      136
    stm32l4xx_hal_msp.o         448
    stm32l4xx_hal_pcd.o       2'004
    stm32l4xx_hal_pwr_ex.o      176      136
    stm32l4xx_hal_rcc.o       3'156      132
    stm32l4xx_hal_rcc_ex.o    1'868      136
    stm32l4xx_hal_spi.o       1'798      132
    stm32l4xx_hal_uart.o      2'706      132
    stm32l4xx_it.o               54
    stm32l4xx_ll_usb.o        2'148
    system_stm32l4xx.o           96       76        4
    usbd_conf.o                 788               628
    usbd_core.o                 794
    usbd_ctlreq.o             1'894                 1
    usbd_ioreq.o                148
    -------------------------------------------------
    Total:                   28'500    2'523    1'546

dl7M_tlf.a: [2]
    exit.o                        4
    low_level_init.o              4
    strstr.o                     44
    -------------------------------------------------
    Total:                       52

m7M_tls.a: [3]
    fpinit_M.o                   34
    -------------------------------------------------
    Total:                       34

rt7M_tl.a: [4]
    ABImemcpy.o                 166
    ABImemset.o                 102
    I64DivMod.o                 560
    I64DivZer.o                   2
    cexit.o                      10
    cmain.o                      30
    copy_init3.o                 46
    cstartup_M.o                 12
    data_init.o                  40
    memset.o                     20
    strchr.o                     22
    strlen.o                     54
    zero_init3.o                 58
    -------------------------------------------------
    Total:                    1'122

shb_l.a: [5]
    exit.o                       20
    -------------------------------------------------
    Total:                       20

    Gaps                         21        4
    Linker created                        36    1'024
-----------------------------------------------------
    Grand Total:             29'749    2'563    2'570


*******************************************************************************
*** ENTRY LIST
***

Entry                       Address   Size  Type      Object
-----                       -------   ----  ----      ------
.iar.init_table$$Base    0x800'7b94          --   Gb  - Linker created -
.iar.init_table$$Limit   0x800'7bb8          --   Gb  - Linker created -
?main                    0x800'7bf9         Code  Gb  cmain.o [4]
AHBPrescTable            0x800'7c94   0x10  Data  Gb  system_stm32l4xx.o [1]
APBPrescTable            0x800'7d40    0x8  Data  Gb  system_stm32l4xx.o [1]
BusFault_Handler         0x800'7ad5    0x2  Code  Gb  stm32l4xx_it.o [1]
CRC_Handle_16            0x800'3a45   0x38  Code  Lc  stm32l4xx_hal_crc.o [1]
CRC_Handle_8             0x800'39ad   0x98  Code  Lc  stm32l4xx_hal_crc.o [1]
CSTACK$$Base            0x2000'0610          --   Gb  - Linker created -
CSTACK$$Limit           0x2000'0a10          --   Gb  - Linker created -
DebugMon_Handler         0x800'7adb    0x2  Code  Gb  stm32l4xx_it.o [1]
EXTI0_IRQHandler         0x800'7af5    0xa  Code  Gb  stm32l4xx_it.o [1]
Error_Handler            0x800'0fad    0x2  Code  Gb  main.o [1]
HAL_CRCEx_Polynomial_Set
                         0x800'52d9   0x9c  Code  Gb  stm32l4xx_hal_crc_ex.o [1]
HAL_CRC_Calculate        0x800'393d   0x70  Code  Gb  stm32l4xx_hal_crc.o [1]
HAL_CRC_Init             0x800'3821  0x110  Code  Gb  stm32l4xx_hal_crc.o [1]
HAL_CRC_MspInit          0x800'4a7f   0x22  Code  Gb  stm32l4xx_hal_msp.o [1]
HAL_Delay                0x800'0fd5   0x28  Code  Wk  stm32l4xx_hal.o [1]
HAL_GPIO_EXTI_IRQHandler
                         0x800'17fd   0x20  Code  Gb  stm32l4xx_hal_gpio.o [1]
HAL_GPIO_Init            0x800'1495  0x2f0  Code  Gb  stm32l4xx_hal_gpio.o [1]
HAL_GPIO_ReadPin         0x800'1785   0x2c  Code  Gb  stm32l4xx_hal_gpio.o [1]
HAL_GPIO_WritePin        0x800'17b1   0x4c  Code  Gb  stm32l4xx_hal_gpio.o [1]
HAL_GetTick              0x800'2331    0xc  Code  Wk  stm32l4xx_hal.o [1]
HAL_I2CEx_ConfigAnalogFilter
                         0x800'4029   0x92  Code  Gb  stm32l4xx_hal_i2c_ex.o [1]
HAL_I2CEx_ConfigDigitalFilter
                         0x800'40bb   0x86  Code  Gb  stm32l4xx_hal_i2c_ex.o [1]
HAL_I2C_Init             0x800'3a7d  0x1b6  Code  Gb  stm32l4xx_hal_i2c.o [1]
HAL_I2C_Master_Transmit
                         0x800'3c33  0x17e  Code  Gb  stm32l4xx_hal_i2c.o [1]
HAL_I2C_MspInit          0x800'4aa1   0x60  Code  Gb  stm32l4xx_hal_msp.o [1]
HAL_IncTick              0x800'7b01   0x18  Code  Wk  stm32l4xx_hal.o [1]
HAL_Init                 0x800'0fb1   0x24  Code  Gb  stm32l4xx_hal.o [1]
HAL_InitTick             0x800'49f1   0x60  Code  Wk  stm32l4xx_hal.o [1]
HAL_MspInit              0x800'4a51   0x2e  Code  Gb  stm32l4xx_hal_msp.o [1]
HAL_NVIC_SetPriority     0x800'4971   0x46  Code  Gb  stm32l4xx_hal_cortex.o [1]
HAL_NVIC_SetPriorityGrouping
                         0x800'4947   0x2a  Code  Gb  stm32l4xx_hal_cortex.o [1]
HAL_NVIC_SystemReset     0x800'49b7    0x8  Code  Gb  stm32l4xx_hal_cortex.o [1]
HAL_PCDEx_LPM_Callback   0x800'6683   0x4c  Code  Gb  usbd_conf.o [1]
HAL_PCD_DataInStageCallback
                         0x800'63fb   0x1e  Code  Gb  usbd_conf.o [1]
HAL_PCD_DataOutStageCallback
                         0x800'63db   0x20  Code  Gb  usbd_conf.o [1]
HAL_PCD_EP_ClrStall      0x800'5fbb   0x78  Code  Gb  stm32l4xx_hal_pcd.o [1]
HAL_PCD_EP_Open          0x800'5ded   0x9e  Code  Gb  stm32l4xx_hal_pcd.o [1]
HAL_PCD_EP_Receive       0x800'5e8b   0x56  Code  Gb  stm32l4xx_hal_pcd.o [1]
HAL_PCD_EP_SetStall      0x800'5f37   0x84  Code  Gb  stm32l4xx_hal_pcd.o [1]
HAL_PCD_EP_Transmit      0x800'5ee1   0x56  Code  Gb  stm32l4xx_hal_pcd.o [1]
HAL_PCD_IRQHandler       0x800'5bf5  0x1c8  Code  Gb  stm32l4xx_hal_pcd.o [1]
HAL_PCD_ResetCallback    0x800'6427   0x26  Code  Gb  usbd_conf.o [1]
HAL_PCD_ResumeCallback   0x800'646d   0x24  Code  Gb  usbd_conf.o [1]
HAL_PCD_SOFCallback      0x800'6419    0xe  Code  Gb  usbd_conf.o [1]
HAL_PCD_SetAddress       0x800'5dbd   0x30  Code  Gb  stm32l4xx_hal_pcd.o [1]
HAL_PCD_SetupStageCallback
                         0x800'63c9   0x12  Code  Gb  usbd_conf.o [1]
HAL_PCD_SuspendCallback
                         0x800'644d   0x20  Code  Gb  usbd_conf.o [1]
HAL_PWREx_ControlVoltageScaling
                         0x800'377d   0x8e  Code  Gb  stm32l4xx_hal_pwr_ex.o [1]
HAL_PWREx_GetVoltageRange
                         0x800'3771    0xc  Code  Gb  stm32l4xx_hal_pwr_ex.o [1]
HAL_RCCEx_PeriphCLKConfig
                         0x800'3025  0x4d2  Code  Gb  stm32l4xx_hal_rcc_ex.o [1]
HAL_RCC_ClockConfig      0x800'2be7  0x23c  Code  Gb  stm32l4xx_hal_rcc.o [1]
HAL_RCC_GetHCLKFreq      0x800'2f17    0x6  Code  Gb  stm32l4xx_hal_rcc.o [1]
HAL_RCC_GetPCLK1Freq     0x800'2f1d   0x1a  Code  Gb  stm32l4xx_hal_rcc.o [1]
HAL_RCC_GetPCLK2Freq     0x800'2f37   0x1a  Code  Gb  stm32l4xx_hal_rcc.o [1]
HAL_RCC_GetSysClockFreq
                         0x800'2e41   0xd6  Code  Gb  stm32l4xx_hal_rcc.o [1]
HAL_RCC_OscConfig        0x800'23d1  0x816  Code  Gb  stm32l4xx_hal_rcc.o [1]
HAL_SPI_Init             0x800'414d  0x26c  Code  Gb  stm32l4xx_hal_spi.o [1]
HAL_SPI_MspInit          0x800'4b01   0x88  Code  Gb  stm32l4xx_hal_msp.o [1]
HAL_SPI_TransmitReceive
                         0x800'43b9  0x2e0  Code  Gb  stm32l4xx_hal_spi.o [1]
HAL_SYSTICK_Config       0x800'49bf    0xc  Code  Gb  stm32l4xx_hal_cortex.o [1]
HAL_UART_Init            0x800'1865   0xd0  Code  Gb  stm32l4xx_hal_uart.o [1]
HAL_UART_MspInit         0x800'4b89   0x64  Code  Gb  stm32l4xx_hal_msp.o [1]
HAL_UART_Receive         0x800'1a0f  0x146  Code  Gb  stm32l4xx_hal_uart.o [1]
HAL_UART_Transmit        0x800'1935   0xda  Code  Gb  stm32l4xx_hal_uart.o [1]
HardFault_Handler        0x800'7acb    0x8  Code  Gb  stm32l4xx_it.o [1]
I2C_Flush_TXDR           0x800'3dc5   0x24  Code  Lc  stm32l4xx_hal_i2c.o [1]
I2C_IsAcknowledgeFailed
                         0x800'3ef1   0x8a  Code  Lc  stm32l4xx_hal_i2c.o [1]
I2C_TransferConfig       0x800'3f7b   0x8c  Code  Lc  stm32l4xx_hal_i2c.o [1]
I2C_WaitOnFlagUntilTimeout
                         0x800'3de9   0x5e  Code  Lc  stm32l4xx_hal_i2c.o [1]
I2C_WaitOnSTOPFlagUntilTimeout
                         0x800'3e9f   0x52  Code  Lc  stm32l4xx_hal_i2c.o [1]
I2C_WaitOnTXISFlagUntilTimeout
                         0x800'3e47   0x58  Code  Lc  stm32l4xx_hal_i2c.o [1]
LCD_Dislay_Clear         0x800'09f7   0x1e  Code  Gb  main.o [1]
LCD_Display              0x800'0a15   0x36  Code  Gb  main.o [1]
LCD_Display_Faild        0x800'0a81   0x36  Code  Gb  main.o [1]
LCD_Display_Success      0x800'0a4b   0x36  Code  Gb  main.o [1]
MSIRangeTable            0x800'7b18   0x30  Data  Gb  system_stm32l4xx.o [1]
MX_CRC_Init              0x800'0d61   0x3a  Code  Lc  main.o [1]
MX_GPIO_Init             0x800'0e51   0x8a  Code  Lc  main.o [1]
MX_I2C1_Init             0x800'0d9b   0x58  Code  Lc  main.o [1]
MX_SPI1_Init             0x800'0df9   0x50  Code  Lc  main.o [1]
MX_USART1_UART_Init      0x800'0ee1   0x3c  Code  Lc  main.o [1]
MemManage_Handler        0x800'7ad3    0x2  Code  Gb  stm32l4xx_it.o [1]
NMI_Handler              0x800'7ac9    0x2  Code  Gb  stm32l4xx_it.o [1]
NVIC_EncodePriority      0x800'48b3   0x40  Code  Lc  stm32l4xx_hal_cortex.o [1]
PCD_EP_ISR_Handler       0x800'6033  0x396  Code  Lc  stm32l4xx_hal_pcd.o [1]
PendSV_Handler           0x800'7add    0x2  Code  Gb  stm32l4xx_it.o [1]
RCCEx_PLLSAI1_Config     0x800'3515  0x236  Code  Lc  stm32l4xx_hal_rcc_ex.o [1]
RCC_SetFlashLatencyFromMSIRange
                         0x800'2f5d   0x8a  Code  Lc  stm32l4xx_hal_rcc.o [1]
Region$$Table$$Base      0x800'7b94          --   Gb  - Linker created -
Region$$Table$$Limit     0x800'7bb8          --   Gb  - Linker created -
SPI_EndRxTxTransaction   0x800'47e9   0x6a  Code  Lc  stm32l4xx_hal_spi.o [1]
SPI_WaitFifoStateUntilTimeout
                         0x800'4745   0xa4  Code  Lc  stm32l4xx_hal_spi.o [1]
SPI_WaitFlagStateUntilTimeout
                         0x800'46a5   0xa0  Code  Lc  stm32l4xx_hal_spi.o [1]
SVC_Handler              0x800'7ad9    0x2  Code  Gb  stm32l4xx_it.o [1]
Sim_Response             0x800'0be1   0xc0  Code  Gb  main.o [1]
Sim_Rxdata              0x2000'0604    0x2  Data  Gb  main.o [1]
Sim_response            0x2000'0280  0x1f4  Data  Gb  main.o [1]
Sim_sendCommand          0x800'0af3   0xe6  Code  Gb  main.o [1]
So_Bill                 0x2000'05e8   0x10  Data  Gb  main.o [1]
So_Tien_Pay             0x2000'05d8   0x10  Data  Gb  main.o [1]
SysTick_Config           0x800'4911   0x36  Code  Lc  stm32l4xx_hal_cortex.o [1]
SysTick_Handler          0x800'7adf    0x8  Code  Gb  stm32l4xx_it.o [1]
SystemClockConfig_Resume
                         0x800'66d5    0x8  Code  Lc  usbd_conf.o [1]
SystemClock_Config       0x800'0ca1   0xc0  Code  Gb  main.o [1]
SystemCoreClock         0x2000'0008    0x4  Data  Gb  system_stm32l4xx.o [1]
SystemInit               0x800'7a19   0x42  Code  Gb  system_stm32l4xx.o [1]
UART_AdvFeatureConfig    0x800'2007  0x1f2  Code  Gb  stm32l4xx_hal_uart.o [1]
UART_CheckIdleState      0x800'2225   0x68  Code  Gb  stm32l4xx_hal_uart.o [1]
UART_SetConfig           0x800'1b65  0x4a2  Code  Gb  stm32l4xx_hal_uart.o [1]
UART_WaitOnFlagUntilTimeout
                         0x800'228d   0x6a  Code  Gb  stm32l4xx_hal_uart.o [1]
USBD_ClrClassConfig      0x800'670f   0x18  Code  Gb  usbd_core.o [1]
USBD_ClrFeature          0x800'70f1   0x2e  Code  Lc  usbd_ctlreq.o [1]
USBD_CtlContinueRx       0x800'71a5   0x1a  Code  Gb  usbd_ioreq.o [1]
USBD_CtlContinueSendData
                         0x800'718b   0x1a  Code  Gb  usbd_ioreq.o [1]
USBD_CtlError            0x800'7147   0x18  Code  Gb  usbd_ctlreq.o [1]
USBD_CtlReceiveStatus    0x800'71d9   0x1a  Code  Gb  usbd_ioreq.o [1]
USBD_CtlSendData         0x800'715f   0x2c  Code  Gb  usbd_ioreq.o [1]
USBD_CtlSendStatus       0x800'71bf   0x1a  Code  Gb  usbd_ioreq.o [1]
USBD_GetConfig           0x800'703d   0x4e  Code  Lc  usbd_ctlreq.o [1]
USBD_GetDescriptor       0x800'6d89  0x178  Code  Lc  usbd_ctlreq.o [1]
USBD_GetStatus           0x800'708b   0x4c  Code  Lc  usbd_ctlreq.o [1]
USBD_LL_ClearStallEP     0x800'6529   0x42  Code  Gb  usbd_conf.o [1]
USBD_LL_DataInStage      0x800'683d  0x10c  Code  Gb  usbd_core.o [1]
USBD_LL_DataOutStage     0x800'678f   0xae  Code  Gb  usbd_core.o [1]
USBD_LL_IsStallEP        0x800'656b   0x2e  Code  Gb  usbd_conf.o [1]
USBD_LL_OpenEP           0x800'6491   0x56  Code  Gb  usbd_conf.o [1]
USBD_LL_PrepareReceive   0x800'662f   0x54  Code  Gb  usbd_conf.o [1]
USBD_LL_Reset            0x800'6949   0x60  Code  Gb  usbd_core.o [1]
USBD_LL_Resume           0x800'69c5    0xe  Code  Gb  usbd_core.o [1]
USBD_LL_SOF              0x800'69d3   0x24  Code  Gb  usbd_core.o [1]
USBD_LL_SetSpeed         0x800'69a9    0x8  Code  Gb  usbd_core.o [1]
USBD_LL_SetUSBAddress    0x800'6599   0x42  Code  Gb  usbd_conf.o [1]
USBD_LL_SetupStage       0x800'6727   0x68  Code  Gb  usbd_core.o [1]
USBD_LL_StallEP          0x800'64e7   0x42  Code  Gb  usbd_conf.o [1]
USBD_LL_Suspend          0x800'69b1   0x14  Code  Gb  usbd_core.o [1]
USBD_LL_Transmit         0x800'65db   0x54  Code  Gb  usbd_conf.o [1]
USBD_ParseSetupRequest   0x800'711f   0x28  Code  Gb  usbd_ctlreq.o [1]
USBD_RunTestMode         0x800'66dd    0x6  Code  Gb  usbd_core.o [1]
USBD_SetAddress          0x800'6f01   0x68  Code  Lc  usbd_ctlreq.o [1]
USBD_SetClassConfig      0x800'66e3   0x2c  Code  Gb  usbd_core.o [1]
USBD_SetConfig           0x800'6f69   0xce  Code  Lc  usbd_ctlreq.o [1]
USBD_SetConfig::cfgidx  0x2000'0609    0x1  Data  Lc  usbd_ctlreq.o [1]
USBD_SetFeature          0x800'70d7   0x1a  Code  Lc  usbd_ctlreq.o [1]
USBD_StdDevReq           0x800'69f9   0xa6  Code  Gb  usbd_ctlreq.o [1]
USBD_StdEPReq            0x800'6b0d  0x27c  Code  Gb  usbd_ctlreq.o [1]
USBD_StdItfReq           0x800'6a9f   0x6e  Code  Gb  usbd_ctlreq.o [1]
USB_ActivateEndpoint     0x800'538f  0x368  Code  Gb  stm32l4xx_ll_usb.o [1]
USB_EP0_OutStart         0x800'5b45    0x6  Code  Gb  stm32l4xx_ll_usb.o [1]
USB_EPClearStall         0x800'5a7b   0xae  Code  Gb  stm32l4xx_ll_usb.o [1]
USB_EPSetStall           0x800'5a31   0x4a  Code  Gb  stm32l4xx_ll_usb.o [1]
USB_EPStartXfer          0x800'56f7  0x33a  Code  Gb  stm32l4xx_ll_usb.o [1]
USB_IRQHandler           0x800'7ae7    0xa  Code  Gb  stm32l4xx_it.o [1]
USB_ReadInterrupts       0x800'5b3d    0x8  Code  Gb  stm32l4xx_ll_usb.o [1]
USB_ReadPMA              0x800'5b9d   0x56  Code  Gb  stm32l4xx_ll_usb.o [1]
USB_SetDevAddress        0x800'5b29   0x14  Code  Gb  stm32l4xx_ll_usb.o [1]
USB_WritePMA             0x800'5b4b   0x52  Code  Gb  stm32l4xx_ll_usb.o [1]
UsageFault_Handler       0x800'7ad7    0x2  Code  Gb  stm32l4xx_it.o [1]
WakeUp_CR95HF            0x800'101f    0x8  Code  Gb  nfcm1833_module.o [1]
WakeUp_TinZ              0x800'5021   0x70  Code  Gb  nfcm1833tinz.o [1]
__NVIC_GetPriorityGrouping
                         0x800'4877    0xc  Code  Lc  stm32l4xx_hal_cortex.o [1]
__NVIC_SetPriority       0x800'4883   0x30  Code  Lc  stm32l4xx_hal_cortex.o [1]
__NVIC_SetPriorityGrouping
                         0x800'4855   0x22  Code  Lc  stm32l4xx_hal_cortex.o [1]
__NVIC_SystemReset       0x800'48f3   0x1e  Code  Lc  stm32l4xx_hal_cortex.o [1]
__aeabi_ldiv0            0x800'538d         Code  Gb  I64DivZer.o [4]
__aeabi_memcpy           0x800'11a5         Code  Gb  ABImemcpy.o [4]
__aeabi_memcpy4          0x800'11c5         Code  Gb  ABImemcpy.o [4]
__aeabi_memcpy8          0x800'11c5         Code  Gb  ABImemcpy.o [4]
__aeabi_memset           0x800'2369         Code  Gb  ABImemset.o [4]
__aeabi_uldivmod         0x800'5091         Code  Gb  I64DivMod.o [4]
__cmain                  0x800'7bf9         Code  Gb  cmain.o [4]
__exit                   0x800'7c2d   0x14  Code  Gb  exit.o [5]
__iar_Memset             0x800'2369         Code  Gb  ABImemset.o [4]
__iar_Memset_word        0x800'2371         Code  Gb  ABImemset.o [4]
__iar_Strchr             0x800'52c1         Code  Gb  strchr.o [4]
__iar_copy_init3         0x800'1177   0x2e  Code  Gb  copy_init3.o [4]
__iar_data_init3         0x800'7b49   0x28  Code  Gb  data_init.o [4]
__iar_init_vfp           0x800'7b71         Code  Gb  fpinit_M.o [3]
__iar_program_start      0x800'7cf1         Code  Gb  cstartup_M.o [4]
__iar_zero_init3         0x800'1027   0x3a  Code  Gb  zero_init3.o [4]
__low_level_init         0x800'7c17    0x4  Code  Gb  low_level_init.o [2]
__vector_table           0x800'0000         Data  Gb  startup_stm32l432xx.o [1]
_call_main               0x800'7c05         Code  Gb  cmain.o [4]
_exit                    0x800'7c21         Code  Gb  cexit.o [4]
_main                    0x800'7c13         Code  Gb  cmain.o [4]
assert_failed            0x800'0faf    0x2  Code  Gb  main.o [1]
crcx25                   0x800'4fd5   0x1e  Code  Lc  nfcm1833tinz.o [1]
deleteBuffer             0x800'0ad9   0x1a  Code  Gb  main.o [1]
display                  0x800'0ab7   0x1e  Code  Gb  main.o [1]
encode4byte              0x800'124b   0xf0  Code  Gb  bcdencode.o [1]
encode8byte_little_edian
                         0x800'133b  0x158  Code  Gb  bcdencode.o [1]
exit                     0x800'7c1b    0x4  Code  Gb  exit.o [2]
getDeviceID              0x800'1013    0xc  Code  Gb  nfcm1833_module.o [1]
getDeviceID_spi          0x800'4f93   0x42  Code  Gb  nfcm1833tinz.o [1]
hcrc                    0x2000'05a4   0x24  Data  Gb  main.o [1]
hi2c1                   0x2000'0558   0x4c  Data  Gb  main.o [1]
hpcd_USB_FS             0x2000'000c  0x274  Data  Gb  usbd_conf.o [1]
huart1                  0x2000'0474   0x80  Data  Gb  main.o [1]
idTag                   0x2000'05f8    0x8  Data  Gb  main.o [1]
idTagBCD                0x2000'05c8   0x10  Data  Gb  main.o [1]
lcd_clear_display        0x800'114b    0xa  Code  Gb  i2c-lcd.o [1]
lcd_goto_XY              0x800'1155   0x22  Code  Gb  i2c-lcd.o [1]
lcd_init                 0x800'10dd   0x58  Code  Gb  i2c-lcd.o [1]
lcd_send_cmd             0x800'1061   0x3c  Code  Gb  i2c-lcd.o [1]
lcd_send_data            0x800'109d   0x3c  Code  Gb  i2c-lcd.o [1]
lcd_send_string          0x800'1135   0x16  Code  Gb  i2c-lcd.o [1]
main                     0x800'018d  0x86a  Code  Gb  main.o [1]
memset                   0x800'5379   0x14  Code  Gb  memset.o [4]
permissReadTag          0x2000'0606    0x1  Data  Gb  main.o [1]
ping_module              0x800'100b    0x8  Code  Gb  nfcm1833_module.o [1]
ping_module_spi          0x800'4dad   0x4e  Code  Gb  nfcm1833tinz.o [1]
select_tag_type          0x800'0ffd    0xe  Code  Gb  nfcm1833_module.o [1]
select_tag_type_spi      0x800'4eab   0x22  Code  Gb  nfcm1833tinz.o [1]
select_tag_type_spi_tag_type_4a
                         0x800'4e53   0x58  Code  Lc  nfcm1833tinz.o [1]
select_tag_type_spi_tag_type_5
                         0x800'4dfb   0x58  Code  Lc  nfcm1833tinz.o [1]
sendrecv_spi             0x800'4ecd   0xc6  Code  Gb  nfcm1833tinz.o [1]
spi_polling_data_cr95hf
                         0x800'4c99   0x84  Code  Lc  nfcm1833tinz.o [1]
spi_recv_data_from_cr95hf
                         0x800'4d1d   0x90  Code  Lc  nfcm1833tinz.o [1]
spi_send_data_to_cr95hf
                         0x800'4c11   0x88  Code  Lc  nfcm1833tinz.o [1]
spi_to_nfcm1833tinz     0x2000'04f4   0x64  Data  Gb  main.o [1]
strchr                   0x800'52c1         Code  Gb  strchr.o [4]
strlen                   0x800'22f9         Code  Gb  strlen.o [4]
strstr                   0x800'233d   0x2c  Code  Gb  strstr.o [2]
uwTick                  0x2000'0600    0x4  Data  Gb  stm32l4xx_hal.o [1]
uwTickFreq              0x2000'0004    0x4  Data  Gb  stm32l4xx_hal.o [1]
uwTickPrio              0x2000'0000    0x4  Data  Gb  stm32l4xx_hal.o [1]
viTriBill               0x2000'0608    0x1  Data  Gb  main.o [1]
viTriTien               0x2000'0607    0x1  Data  Gb  main.o [1]


[1] = E:\Firmware\CodeTestL432KC\ReaderSIM\Firmware_L432KC\EWARM\NFC_L432KC\Obj
[2] = dl7M_tlf.a
[3] = m7M_tls.a
[4] = rt7M_tl.a
[5] = shb_l.a

  29'749 bytes of readonly  code memory
   2'563 bytes of readonly  data memory
   2'570 bytes of readwrite data memory

Errors: none
Warnings: none
