###############################################################################
#
# IAR ELF Linker V8.40.1.212/W32 for ARM                  26/May/2020  15:21:50
# Copyright 2007-2019 IAR Systems AB.
#
#    Output file  =
#        E:\Firmware\CodeTestL432KC\ReaderL432KC\Firmware_L432KC\EWARM\NFC_L432KC\Exe\NFC_L432KC.out
#    Map file     =
#        E:\Firmware\CodeTestL432KC\ReaderL432KC\Firmware_L432KC\EWARM\NFC_L432KC\List\NFC_L432KC.map
#    Command line =
#        -f C:\Users\ANNGUY~1\AppData\Local\Temp\EW409D.tmp
#        (E:\Firmware\CodeTestL432KC\ReaderL432KC\Firmware_L432KC\EWARM\NFC_L432KC\Obj\bcdencode.o
#        E:\Firmware\CodeTestL432KC\ReaderL432KC\Firmware_L432KC\EWARM\NFC_L432KC\Obj\main.o
#        E:\Firmware\CodeTestL432KC\ReaderL432KC\Firmware_L432KC\EWARM\NFC_L432KC\Obj\ndef.o
#        E:\Firmware\CodeTestL432KC\ReaderL432KC\Firmware_L432KC\EWARM\NFC_L432KC\Obj\nfcm1833_module.o
#        E:\Firmware\CodeTestL432KC\ReaderL432KC\Firmware_L432KC\EWARM\NFC_L432KC\Obj\nfcm1833tiny.o
#        E:\Firmware\CodeTestL432KC\ReaderL432KC\Firmware_L432KC\EWARM\NFC_L432KC\Obj\nfcm1833tinz.o
#        E:\Firmware\CodeTestL432KC\ReaderL432KC\Firmware_L432KC\EWARM\NFC_L432KC\Obj\startup_stm32l432xx.o
#        E:\Firmware\CodeTestL432KC\ReaderL432KC\Firmware_L432KC\EWARM\NFC_L432KC\Obj\stm32l4xx_hal.o
#        E:\Firmware\CodeTestL432KC\ReaderL432KC\Firmware_L432KC\EWARM\NFC_L432KC\Obj\stm32l4xx_hal_cortex.o
#        E:\Firmware\CodeTestL432KC\ReaderL432KC\Firmware_L432KC\EWARM\NFC_L432KC\Obj\stm32l4xx_hal_crc.o
#        E:\Firmware\CodeTestL432KC\ReaderL432KC\Firmware_L432KC\EWARM\NFC_L432KC\Obj\stm32l4xx_hal_crc_ex.o
#        E:\Firmware\CodeTestL432KC\ReaderL432KC\Firmware_L432KC\EWARM\NFC_L432KC\Obj\stm32l4xx_hal_dma.o
#        E:\Firmware\CodeTestL432KC\ReaderL432KC\Firmware_L432KC\EWARM\NFC_L432KC\Obj\stm32l4xx_hal_dma_ex.o
#        E:\Firmware\CodeTestL432KC\ReaderL432KC\Firmware_L432KC\EWARM\NFC_L432KC\Obj\stm32l4xx_hal_exti.o
#        E:\Firmware\CodeTestL432KC\ReaderL432KC\Firmware_L432KC\EWARM\NFC_L432KC\Obj\stm32l4xx_hal_flash.o
#        E:\Firmware\CodeTestL432KC\ReaderL432KC\Firmware_L432KC\EWARM\NFC_L432KC\Obj\stm32l4xx_hal_flash_ex.o
#        E:\Firmware\CodeTestL432KC\ReaderL432KC\Firmware_L432KC\EWARM\NFC_L432KC\Obj\stm32l4xx_hal_flash_ramfunc.o
#        E:\Firmware\CodeTestL432KC\ReaderL432KC\Firmware_L432KC\EWARM\NFC_L432KC\Obj\stm32l4xx_hal_gpio.o
#        E:\Firmware\CodeTestL432KC\ReaderL432KC\Firmware_L432KC\EWARM\NFC_L432KC\Obj\stm32l4xx_hal_i2c.o
#        E:\Firmware\CodeTestL432KC\ReaderL432KC\Firmware_L432KC\EWARM\NFC_L432KC\Obj\stm32l4xx_hal_i2c_ex.o
#        E:\Firmware\CodeTestL432KC\ReaderL432KC\Firmware_L432KC\EWARM\NFC_L432KC\Obj\stm32l4xx_hal_msp.o
#        E:\Firmware\CodeTestL432KC\ReaderL432KC\Firmware_L432KC\EWARM\NFC_L432KC\Obj\stm32l4xx_hal_pcd.o
#        E:\Firmware\CodeTestL432KC\ReaderL432KC\Firmware_L432KC\EWARM\NFC_L432KC\Obj\stm32l4xx_hal_pcd_ex.o
#        E:\Firmware\CodeTestL432KC\ReaderL432KC\Firmware_L432KC\EWARM\NFC_L432KC\Obj\stm32l4xx_hal_pwr.o
#        E:\Firmware\CodeTestL432KC\ReaderL432KC\Firmware_L432KC\EWARM\NFC_L432KC\Obj\stm32l4xx_hal_pwr_ex.o
#        E:\Firmware\CodeTestL432KC\ReaderL432KC\Firmware_L432KC\EWARM\NFC_L432KC\Obj\stm32l4xx_hal_rcc.o
#        E:\Firmware\CodeTestL432KC\ReaderL432KC\Firmware_L432KC\EWARM\NFC_L432KC\Obj\stm32l4xx_hal_rcc_ex.o
#        E:\Firmware\CodeTestL432KC\ReaderL432KC\Firmware_L432KC\EWARM\NFC_L432KC\Obj\stm32l4xx_hal_spi.o
#        E:\Firmware\CodeTestL432KC\ReaderL432KC\Firmware_L432KC\EWARM\NFC_L432KC\Obj\stm32l4xx_hal_spi_ex.o
#        E:\Firmware\CodeTestL432KC\ReaderL432KC\Firmware_L432KC\EWARM\NFC_L432KC\Obj\stm32l4xx_hal_tim.o
#        E:\Firmware\CodeTestL432KC\ReaderL432KC\Firmware_L432KC\EWARM\NFC_L432KC\Obj\stm32l4xx_hal_tim_ex.o
#        E:\Firmware\CodeTestL432KC\ReaderL432KC\Firmware_L432KC\EWARM\NFC_L432KC\Obj\stm32l4xx_hal_uart.o
#        E:\Firmware\CodeTestL432KC\ReaderL432KC\Firmware_L432KC\EWARM\NFC_L432KC\Obj\stm32l4xx_hal_uart_ex.o
#        E:\Firmware\CodeTestL432KC\ReaderL432KC\Firmware_L432KC\EWARM\NFC_L432KC\Obj\stm32l4xx_it.o
#        E:\Firmware\CodeTestL432KC\ReaderL432KC\Firmware_L432KC\EWARM\NFC_L432KC\Obj\stm32l4xx_ll_usb.o
#        E:\Firmware\CodeTestL432KC\ReaderL432KC\Firmware_L432KC\EWARM\NFC_L432KC\Obj\system_stm32l4xx.o
#        E:\Firmware\CodeTestL432KC\ReaderL432KC\Firmware_L432KC\EWARM\NFC_L432KC\Obj\usbd_cdc.o
#        E:\Firmware\CodeTestL432KC\ReaderL432KC\Firmware_L432KC\EWARM\NFC_L432KC\Obj\usbd_cdc_vcp.o
#        E:\Firmware\CodeTestL432KC\ReaderL432KC\Firmware_L432KC\EWARM\NFC_L432KC\Obj\usbd_conf.o
#        E:\Firmware\CodeTestL432KC\ReaderL432KC\Firmware_L432KC\EWARM\NFC_L432KC\Obj\usbd_core.o
#        E:\Firmware\CodeTestL432KC\ReaderL432KC\Firmware_L432KC\EWARM\NFC_L432KC\Obj\usbd_ctlreq.o
#        E:\Firmware\CodeTestL432KC\ReaderL432KC\Firmware_L432KC\EWARM\NFC_L432KC\Obj\usbd_desc.o
#        E:\Firmware\CodeTestL432KC\ReaderL432KC\Firmware_L432KC\EWARM\NFC_L432KC\Obj\usbd_hid.o
#        E:\Firmware\CodeTestL432KC\ReaderL432KC\Firmware_L432KC\EWARM\NFC_L432KC\Obj\usbd_hid_keyboard.o
#        E:\Firmware\CodeTestL432KC\ReaderL432KC\Firmware_L432KC\EWARM\NFC_L432KC\Obj\usbd_ioreq.o
#        --redirect _Printf=_PrintfFull --redirect _Scanf=_ScanfFull
#        --no_out_extension -o
#        E:\Firmware\CodeTestL432KC\ReaderL432KC\Firmware_L432KC\EWARM\NFC_L432KC\Exe\NFC_L432KC.out
#        --map
#        E:\Firmware\CodeTestL432KC\ReaderL432KC\Firmware_L432KC\EWARM\NFC_L432KC\List\NFC_L432KC.map
#        --config
#        E:\Firmware\CodeTestL432KC\ReaderL432KC\Firmware_L432KC\EWARM/stm32l432xx_flash.icf
#        --semihosting --entry __iar_program_start --vfe --text_out locale)
#
###############################################################################

*******************************************************************************
*** RUNTIME MODEL ATTRIBUTES
***

CppFlavor       = *
__SystemLibrary = DLib
__dlib_version  = 6


*******************************************************************************
*** HEAP SELECTION
***

The basic heap was selected because no calls to memory allocation
functions were found in the application outside of system library
functions, and there are calls to deallocation functions in the
application.


*******************************************************************************
*** PLACEMENT SUMMARY
***

"A0":  place at address 0x800'0000 { ro section .intvec };
"P1":  place in [from 0x800'0000 to 0x803'ffff] { ro };
define block CSTACK with size = 1K, alignment = 8 { };
define block HEAP with size = 512, alignment = 8 { };
"P2":  place in [from 0x2000'0000 to 0x2000'ffff] {
          rw, block CSTACK, block HEAP };
initialize by copy { rw };

  Section            Kind         Address    Size  Object
  -------            ----         -------    ----  ------
"A0":                                       0x18c
  .intvec            ro code   0x800'0000   0x18c  startup_stm32l432xx.o [1]
                             - 0x800'018c   0x18c

"P1":                                      0x6b2c
  .text              ro code   0x800'018c   0xc54  stm32l4xx_hal_rcc.o [1]
  .text              ro code   0x800'0de0   0x61c  main.o [1]
  .text              ro code   0x800'13fc    0x60  stm32l4xx_hal.o [1]
  .text              ro code   0x800'145c     0xc  stm32l4xx_hal.o [1]
  .text              ro code   0x800'1468    0xb0  stm32l4xx_hal_pwr_ex.o [1]
  .text              ro code   0x800'1518    0x24  stm32l4xx_hal.o [1]
  .text              ro code   0x800'153c    0x2a  nfcm1833_module.o [1]
  .text              ro code   0x800'1566    0x3a  zero_init3.o [4]
  .text              ro code   0x800'15a0    0x28  stm32l4xx_hal.o [1]
  .text              ro code   0x800'15c8    0xa6  ABImemcpy.o [4]
  .text              ro code   0x800'166e   0x248  bcdencode.o [1]
  .text              ro code   0x800'18b6     0xc  memcpy.o [4]
  .text              ro code   0x800'18c2    0x2e  copy_init3.o [4]
  .text              ro code   0x800'18f0    0x36  strlen.o [4]
  .rodata            const     0x800'1926     0x1  nfcm1833tinz.o [1]
  .rodata            const     0x800'1927     0x1  nfcm1833tinz.o [1]
  .text              ro code   0x800'1928   0xa92  stm32l4xx_hal_uart.o [1]
  .text              ro code   0x800'23ba    0x2c  strstr.o [2]
  .text              ro code   0x800'23e6    0x14  memset.o [4]
  .rodata            const     0x800'23fa     0x1  nfcm1833tinz.o [1]
  .text              ro code   0x800'23fc   0x74c  stm32l4xx_hal_rcc_ex.o [1]
  .text              ro code   0x800'2b48   0x25c  stm32l4xx_hal_crc.o [1]
  .text              ro code   0x800'2da4   0x706  stm32l4xx_hal_spi.o [1]
  .text              ro code   0x800'34ac   0x19c  stm32l4xx_hal_cortex.o [1]
  .text              ro code   0x800'3648   0x1ac  stm32l4xx_hal_msp.o [1]
  .text              ro code   0x800'37f4   0x480  nfcm1833tinz.o [1]
  .text              ro code   0x800'3c74   0x230  I64DivMod.o [4]
  .text              ro code   0x800'3ea4    0x16  strchr.o [4]
  .text              ro code   0x800'3ebc    0x66  ABImemset.o [4]
  .text              ro code   0x800'3f24    0xa0  stm32l4xx_hal_crc_ex.o [1]
  .text              ro code   0x800'3fc4   0x3a2  stm32l4xx_hal_gpio.o [1]
  .text              ro code   0x800'4368     0x2  I64DivZer.o [4]
  .text              ro code   0x800'436a   0x864  stm32l4xx_ll_usb.o [1]
  .text              ro code   0x800'4bd0   0x7d4  stm32l4xx_hal_pcd.o [1]
  .text              ro code   0x800'53a4   0x314  usbd_conf.o [1]
  .text              ro code   0x800'56b8   0x31a  usbd_core.o [1]
  .text              ro code   0x800'59d4   0x766  usbd_ctlreq.o [1]
  .text              ro code   0x800'613a    0x94  usbd_ioreq.o [1]
  .rodata            const     0x800'61d0   0x100  nfcm1833tinz.o [1]
  .rodata            const     0x800'62d0   0x100  nfcm1833tinz.o [1]
  .rodata            const     0x800'63d0    0x88  stm32l4xx_hal_cortex.o [1]
  .rodata            const     0x800'6458    0x88  stm32l4xx_hal_crc.o [1]
  .rodata            const     0x800'64e0    0x88  stm32l4xx_hal_crc_ex.o [1]
  .rodata            const     0x800'6568    0x88  stm32l4xx_hal_gpio.o [1]
  .rodata            const     0x800'65f0    0x88  stm32l4xx_hal_pwr_ex.o [1]
  .rodata            const     0x800'6678    0x88  stm32l4xx_hal_rcc.o [1]
  .rodata            const     0x800'6700    0x88  stm32l4xx_hal_rcc_ex.o [1]
  .rodata            const     0x800'6788    0x88  stm32l4xx_hal_spi.o [1]
  .rodata            const     0x800'6810    0x88  stm32l4xx_hal_uart.o [1]
  .rodata            const     0x800'6898    0x70  main.o [1]
  .text              ro code   0x800'6908    0x60  system_stm32l4xx.o [1]
  .rodata            const     0x800'6968    0x54  nfcm1833tinz.o [1]
  .text              ro code   0x800'69bc    0x36  stm32l4xx_it.o [1]
  .text              ro code   0x800'69f4    0x18  stm32l4xx_hal.o [1]
  .rodata            const     0x800'6a0c    0x30  system_stm32l4xx.o [1]
  .text              ro code   0x800'6a3c    0x28  data_init.o [4]
  .text              ro code   0x800'6a64    0x22  fpinit_M.o [3]
  .iar.init_table    const     0x800'6a88    0x24  - Linker created -
  .rodata            const     0x800'6aac    0x20  main.o [1]
  .rodata            const     0x800'6acc    0x20  main.o [1]
  .text              ro code   0x800'6aec    0x1e  cmain.o [4]
  .text              ro code   0x800'6b0a     0x4  low_level_init.o [2]
  .text              ro code   0x800'6b0e     0x4  exit.o [2]
  .text              ro code   0x800'6b14     0xa  cexit.o [4]
  .text              ro code   0x800'6b20    0x14  exit.o [5]
  .rodata            const     0x800'6b34    0x10  main.o [1]
  .rodata            const     0x800'6b44    0x10  main.o [1]
  .rodata            const     0x800'6b54    0x10  system_stm32l4xx.o [1]
  .text              ro code   0x800'6b64    0x10  startup_stm32l432xx.o [1]
  .rodata            const     0x800'6b74     0xc  main.o [1]
  .rodata            const     0x800'6b80     0xc  main.o [1]
  .rodata            const     0x800'6b8c     0xc  main.o [1]
  .text              ro code   0x800'6b98     0xc  cstartup_M.o [4]
  Initializer bytes  const     0x800'6ba4     0xc  <for P2-1>
  .rodata            const     0x800'6bb0     0x8  main.o [1]
  .rodata            const     0x800'6bb8     0x8  nfcm1833tinz.o [1]
  .rodata            const     0x800'6bc0     0x8  system_stm32l4xx.o [1]
  .rodata            const     0x800'6bc8     0x4  nfcm1833tinz.o [1]
  .rodata            const     0x800'6bcc     0x4  nfcm1833tinz.o [1]
  .text              ro code   0x800'6bd0     0x4  startup_stm32l432xx.o [1]
  .text              ro code   0x800'6bd4     0x4  startup_stm32l432xx.o [1]
  .text              ro code   0x800'6bd8     0x4  startup_stm32l432xx.o [1]
  .text              ro code   0x800'6bdc     0x4  startup_stm32l432xx.o [1]
  .text              ro code   0x800'6be0     0x4  startup_stm32l432xx.o [1]
  .text              ro code   0x800'6be4     0x4  startup_stm32l432xx.o [1]
  .text              ro code   0x800'6be8     0x4  startup_stm32l432xx.o [1]
  .text              ro code   0x800'6bec     0x4  startup_stm32l432xx.o [1]
  .text              ro code   0x800'6bf0     0x4  startup_stm32l432xx.o [1]
  .text              ro code   0x800'6bf4     0x4  startup_stm32l432xx.o [1]
  .text              ro code   0x800'6bf8     0x4  startup_stm32l432xx.o [1]
  .text              ro code   0x800'6bfc     0x4  startup_stm32l432xx.o [1]
  .text              ro code   0x800'6c00     0x4  startup_stm32l432xx.o [1]
  .text              ro code   0x800'6c04     0x4  startup_stm32l432xx.o [1]
  .text              ro code   0x800'6c08     0x4  startup_stm32l432xx.o [1]
  .text              ro code   0x800'6c0c     0x4  startup_stm32l432xx.o [1]
  .text              ro code   0x800'6c10     0x4  startup_stm32l432xx.o [1]
  .text              ro code   0x800'6c14     0x4  startup_stm32l432xx.o [1]
  .text              ro code   0x800'6c18     0x4  startup_stm32l432xx.o [1]
  .text              ro code   0x800'6c1c     0x4  startup_stm32l432xx.o [1]
  .text              ro code   0x800'6c20     0x4  startup_stm32l432xx.o [1]
  .text              ro code   0x800'6c24     0x4  startup_stm32l432xx.o [1]
  .text              ro code   0x800'6c28     0x4  startup_stm32l432xx.o [1]
  .text              ro code   0x800'6c2c     0x4  startup_stm32l432xx.o [1]
  .text              ro code   0x800'6c30     0x4  startup_stm32l432xx.o [1]
  .text              ro code   0x800'6c34     0x4  startup_stm32l432xx.o [1]
  .text              ro code   0x800'6c38     0x4  startup_stm32l432xx.o [1]
  .text              ro code   0x800'6c3c     0x4  startup_stm32l432xx.o [1]
  .text              ro code   0x800'6c40     0x4  startup_stm32l432xx.o [1]
  .text              ro code   0x800'6c44     0x4  startup_stm32l432xx.o [1]
  .text              ro code   0x800'6c48     0x4  startup_stm32l432xx.o [1]
  .text              ro code   0x800'6c4c     0x4  startup_stm32l432xx.o [1]
  .text              ro code   0x800'6c50     0x4  startup_stm32l432xx.o [1]
  .text              ro code   0x800'6c54     0x4  startup_stm32l432xx.o [1]
  .text              ro code   0x800'6c58     0x4  startup_stm32l432xx.o [1]
  .text              ro code   0x800'6c5c     0x4  startup_stm32l432xx.o [1]
  .text              ro code   0x800'6c60     0x4  startup_stm32l432xx.o [1]
  .text              ro code   0x800'6c64     0x4  startup_stm32l432xx.o [1]
  .text              ro code   0x800'6c68     0x4  startup_stm32l432xx.o [1]
  .text              ro code   0x800'6c6c     0x4  startup_stm32l432xx.o [1]
  .text              ro code   0x800'6c70     0x4  startup_stm32l432xx.o [1]
  .text              ro code   0x800'6c74     0x4  startup_stm32l432xx.o [1]
  .text              ro code   0x800'6c78     0x4  startup_stm32l432xx.o [1]
  .text              ro code   0x800'6c7c     0x4  startup_stm32l432xx.o [1]
  .text              ro code   0x800'6c80     0x4  startup_stm32l432xx.o [1]
  .text              ro code   0x800'6c84     0x4  startup_stm32l432xx.o [1]
  .text              ro code   0x800'6c88     0x4  startup_stm32l432xx.o [1]
  .text              ro code   0x800'6c8c     0x4  startup_stm32l432xx.o [1]
  .text              ro code   0x800'6c90     0x4  startup_stm32l432xx.o [1]
  .text              ro code   0x800'6c94     0x4  startup_stm32l432xx.o [1]
  .text              ro code   0x800'6c98     0x4  startup_stm32l432xx.o [1]
  .text              ro code   0x800'6c9c     0x4  startup_stm32l432xx.o [1]
  .text              ro code   0x800'6ca0     0x4  startup_stm32l432xx.o [1]
  .text              ro code   0x800'6ca4     0x4  startup_stm32l432xx.o [1]
  .text              ro code   0x800'6ca8     0x4  startup_stm32l432xx.o [1]
  .text              ro code   0x800'6cac     0x4  startup_stm32l432xx.o [1]
  .text              ro code   0x800'6cb0     0x4  startup_stm32l432xx.o [1]
  .text              ro code   0x800'6cb4     0x4  startup_stm32l432xx.o [1]
  .rodata            const     0x800'6cb8     0x0  zero_init3.o [4]
  .rodata            const     0x800'6cb8     0x0  copy_init3.o [4]
                             - 0x800'6cb8  0x6b2c

"P2", part 1 of 3:                            0xc
  P2-1                        0x2000'0000     0xc  <Init block>
    .data            inited   0x2000'0000     0x4  stm32l4xx_hal.o [1]
    .data            inited   0x2000'0004     0x4  stm32l4xx_hal.o [1]
    .data            inited   0x2000'0008     0x4  system_stm32l4xx.o [1]
                            - 0x2000'000c     0xc

"P2", part 2 of 3:                          0x610
  .bss               zero     0x2000'000c   0x274  usbd_conf.o [1]
  .bss               zero     0x2000'0280   0x1f4  main.o [1]
  .bss               zero     0x2000'0474    0x80  main.o [1]
  .bss               zero     0x2000'04f4    0x80  main.o [1]
  .bss               zero     0x2000'0574    0x64  main.o [1]
  .bss               zero     0x2000'05d8    0x24  main.o [1]
  .bss               zero     0x2000'05fc    0x10  main.o [1]
  .bss               zero     0x2000'060c     0x8  main.o [1]
  .bss               zero     0x2000'0614     0x4  stm32l4xx_hal.o [1]
  .bss               zero     0x2000'0618     0x2  main.o [1]
  .bss               zero     0x2000'061a     0x1  usbd_ctlreq.o [1]
                            - 0x2000'061b   0x60f

"P2", part 3 of 3:                          0x400
  CSTACK                      0x2000'0620   0x400  <Block>
    CSTACK           uninit   0x2000'0620   0x400  <Block tail>
                            - 0x2000'0a20   0x400

Unused ranges:

         From           To      Size
         ----           --      ----
   0x800'6cb8   0x803'ffff  0x3'9348
  0x2000'061c  0x2000'061f       0x4
  0x2000'0a20  0x2000'ffff    0xf5e0


*******************************************************************************
*** INIT TABLE
***

          Address      Size
          -------      ----
Zero (__iar_zero_init3)
    1 destination range, total size 0x60f:
          0x2000'000c  0x60f

Copy (__iar_copy_init3)
    1 source range, total size 0xc:
           0x800'6ba4    0xc
    1 destination range, total size 0xc:
          0x2000'0000    0xc



*******************************************************************************
*** MODULE SUMMARY
***

    Module                  ro code  ro data  rw data
    ------                  -------  -------  -------
command line/config:
    -------------------------------------------------
    Total:

E:\Firmware\CodeTestL432KC\ReaderL432KC\Firmware_L432KC\EWARM\NFC_L432KC\Obj: [1]
    bcdencode.o                 584
    main.o                    1'564      252      918
    nfcm1833_module.o            42
    nfcm1833tinz.o            1'152      615
    startup_stm32l432xx.o       644
    stm32l4xx_hal.o             208        8       12
    stm32l4xx_hal_cortex.o      412      136
    stm32l4xx_hal_crc.o         604      136
    stm32l4xx_hal_crc_ex.o      160      136
    stm32l4xx_hal_gpio.o        930      136
    stm32l4xx_hal_msp.o         428
    stm32l4xx_hal_pcd.o       2'004
    stm32l4xx_hal_pwr_ex.o      176      136
    stm32l4xx_hal_rcc.o       3'156      136
    stm32l4xx_hal_rcc_ex.o    1'868      136
    stm32l4xx_hal_spi.o       1'798      136
    stm32l4xx_hal_uart.o      2'706      136
    stm32l4xx_it.o               54
    stm32l4xx_ll_usb.o        2'148
    system_stm32l4xx.o           96       76        4
    usbd_conf.o                 788               628
    usbd_core.o                 794
    usbd_ctlreq.o             1'894                 1
    usbd_ioreq.o                148
    -------------------------------------------------
    Total:                   24'358    2'175    1'563

dl7M_tlf.a: [2]
    exit.o                        4
    low_level_init.o              4
    strstr.o                     44
    -------------------------------------------------
    Total:                       52

m7M_tls.a: [3]
    fpinit_M.o                   34
    -------------------------------------------------
    Total:                       34

rt7M_tl.a: [4]
    ABImemcpy.o                 166
    ABImemset.o                 102
    I64DivMod.o                 560
    I64DivZer.o                   2
    cexit.o                      10
    cmain.o                      30
    copy_init3.o                 46
    cstartup_M.o                 12
    data_init.o                  40
    memcpy.o                     12
    memset.o                     20
    strchr.o                     22
    strlen.o                     54
    zero_init3.o                 58
    -------------------------------------------------
    Total:                    1'134

shb_l.a: [5]
    exit.o                       20
    -------------------------------------------------
    Total:                       20

    Gaps                         19        4
    Linker created                        36    1'024
-----------------------------------------------------
    Grand Total:             25'617    2'215    2'587


*******************************************************************************
*** ENTRY LIST
***

Entry                       Address   Size  Type      Object
-----                       -------   ----  ----      ------
.iar.init_table$$Base    0x800'6a88          --   Gb  - Linker created -
.iar.init_table$$Limit   0x800'6aac          --   Gb  - Linker created -
?main                    0x800'6aed         Code  Gb  cmain.o [4]
AHBPrescTable            0x800'6b54   0x10  Data  Gb  system_stm32l4xx.o [1]
APBPrescTable            0x800'6bc0    0x8  Data  Gb  system_stm32l4xx.o [1]
BusFault_Handler         0x800'69c9    0x2  Code  Gb  stm32l4xx_it.o [1]
CRC_Handle_16            0x800'2d6d   0x38  Code  Lc  stm32l4xx_hal_crc.o [1]
CRC_Handle_8             0x800'2cd5   0x98  Code  Lc  stm32l4xx_hal_crc.o [1]
CSTACK$$Base            0x2000'0620          --   Gb  - Linker created -
CSTACK$$Limit           0x2000'0a20          --   Gb  - Linker created -
DebugMon_Handler         0x800'69cf    0x2  Code  Gb  stm32l4xx_it.o [1]
EXTI0_IRQHandler         0x800'69e9    0xa  Code  Gb  stm32l4xx_it.o [1]
Error_Handler            0x800'13f9    0x2  Code  Gb  main.o [1]
HAL_CRCEx_Polynomial_Set
                         0x800'3f25   0x9c  Code  Gb  stm32l4xx_hal_crc_ex.o [1]
HAL_CRC_Calculate        0x800'2c65   0x70  Code  Gb  stm32l4xx_hal_crc.o [1]
HAL_CRC_Init             0x800'2b49  0x110  Code  Gb  stm32l4xx_hal_crc.o [1]
HAL_CRC_MspInit          0x800'3677   0x22  Code  Gb  stm32l4xx_hal_msp.o [1]
HAL_Delay                0x800'15a1   0x28  Code  Wk  stm32l4xx_hal.o [1]
HAL_GPIO_EXTI_IRQHandler
                         0x800'4301   0x20  Code  Gb  stm32l4xx_hal_gpio.o [1]
HAL_GPIO_Init            0x800'3fc5  0x2f0  Code  Gb  stm32l4xx_hal_gpio.o [1]
HAL_GPIO_WritePin        0x800'42b5   0x4c  Code  Gb  stm32l4xx_hal_gpio.o [1]
HAL_GetTick              0x800'145d    0xc  Code  Wk  stm32l4xx_hal.o [1]
HAL_IncTick              0x800'69f5   0x18  Code  Wk  stm32l4xx_hal.o [1]
HAL_Init                 0x800'1519   0x24  Code  Gb  stm32l4xx_hal.o [1]
HAL_InitTick             0x800'13fd   0x60  Code  Wk  stm32l4xx_hal.o [1]
HAL_MspInit              0x800'3649   0x2e  Code  Gb  stm32l4xx_hal_msp.o [1]
HAL_NVIC_SetPriority     0x800'35c9   0x46  Code  Gb  stm32l4xx_hal_cortex.o [1]
HAL_NVIC_SetPriorityGrouping
                         0x800'359f   0x2a  Code  Gb  stm32l4xx_hal_cortex.o [1]
HAL_NVIC_SystemReset     0x800'360f    0x8  Code  Gb  stm32l4xx_hal_cortex.o [1]
HAL_PCDEx_LPM_Callback   0x800'565f   0x4c  Code  Gb  usbd_conf.o [1]
HAL_PCD_DataInStageCallback
                         0x800'53d7   0x1e  Code  Gb  usbd_conf.o [1]
HAL_PCD_DataOutStageCallback
                         0x800'53b7   0x20  Code  Gb  usbd_conf.o [1]
HAL_PCD_EP_ClrStall      0x800'4f97   0x78  Code  Gb  stm32l4xx_hal_pcd.o [1]
HAL_PCD_EP_Open          0x800'4dc9   0x9e  Code  Gb  stm32l4xx_hal_pcd.o [1]
HAL_PCD_EP_Receive       0x800'4e67   0x56  Code  Gb  stm32l4xx_hal_pcd.o [1]
HAL_PCD_EP_SetStall      0x800'4f13   0x84  Code  Gb  stm32l4xx_hal_pcd.o [1]
HAL_PCD_EP_Transmit      0x800'4ebd   0x56  Code  Gb  stm32l4xx_hal_pcd.o [1]
HAL_PCD_IRQHandler       0x800'4bd1  0x1c8  Code  Gb  stm32l4xx_hal_pcd.o [1]
HAL_PCD_ResetCallback    0x800'5403   0x26  Code  Gb  usbd_conf.o [1]
HAL_PCD_ResumeCallback   0x800'5449   0x24  Code  Gb  usbd_conf.o [1]
HAL_PCD_SOFCallback      0x800'53f5    0xe  Code  Gb  usbd_conf.o [1]
HAL_PCD_SetAddress       0x800'4d99   0x30  Code  Gb  stm32l4xx_hal_pcd.o [1]
HAL_PCD_SetupStageCallback
                         0x800'53a5   0x12  Code  Gb  usbd_conf.o [1]
HAL_PCD_SuspendCallback
                         0x800'5429   0x20  Code  Gb  usbd_conf.o [1]
HAL_PWREx_ControlVoltageScaling
                         0x800'1475   0x8e  Code  Gb  stm32l4xx_hal_pwr_ex.o [1]
HAL_PWREx_GetVoltageRange
                         0x800'1469    0xc  Code  Gb  stm32l4xx_hal_pwr_ex.o [1]
HAL_RCCEx_PeriphCLKConfig
                         0x800'23fd  0x4d2  Code  Gb  stm32l4xx_hal_rcc_ex.o [1]
HAL_RCC_ClockConfig      0x800'09a3  0x23c  Code  Gb  stm32l4xx_hal_rcc.o [1]
HAL_RCC_GetHCLKFreq      0x800'0cd3    0x6  Code  Gb  stm32l4xx_hal_rcc.o [1]
HAL_RCC_GetPCLK1Freq     0x800'0cd9   0x1a  Code  Gb  stm32l4xx_hal_rcc.o [1]
HAL_RCC_GetPCLK2Freq     0x800'0cf3   0x1a  Code  Gb  stm32l4xx_hal_rcc.o [1]
HAL_RCC_GetSysClockFreq
                         0x800'0bfd   0xd6  Code  Gb  stm32l4xx_hal_rcc.o [1]
HAL_RCC_OscConfig        0x800'018d  0x816  Code  Gb  stm32l4xx_hal_rcc.o [1]
HAL_SPI_Init             0x800'2da5  0x26c  Code  Gb  stm32l4xx_hal_spi.o [1]
HAL_SPI_MspInit          0x800'3699   0x88  Code  Gb  stm32l4xx_hal_msp.o [1]
HAL_SPI_TransmitReceive
                         0x800'3011  0x2e0  Code  Gb  stm32l4xx_hal_spi.o [1]
HAL_SYSTICK_Config       0x800'3617    0xc  Code  Gb  stm32l4xx_hal_cortex.o [1]
HAL_UART_Init            0x800'1929   0xd0  Code  Gb  stm32l4xx_hal_uart.o [1]
HAL_UART_MspInit         0x800'3721   0xb4  Code  Gb  stm32l4xx_hal_msp.o [1]
HAL_UART_Receive         0x800'1ad3  0x146  Code  Gb  stm32l4xx_hal_uart.o [1]
HAL_UART_Transmit        0x800'19f9   0xda  Code  Gb  stm32l4xx_hal_uart.o [1]
HardFault_Handler        0x800'69bf    0x8  Code  Gb  stm32l4xx_it.o [1]
MSIRangeTable            0x800'6a0c   0x30  Data  Gb  system_stm32l4xx.o [1]
MX_CRC_Init              0x800'123f   0x3a  Code  Lc  main.o [1]
MX_GPIO_Init             0x800'12cd   0x5c  Code  Lc  main.o [1]
MX_SPI1_Init             0x800'1279   0x50  Code  Lc  main.o [1]
MX_USART1_UART_Init      0x800'1365   0x3c  Code  Lc  main.o [1]
MX_USART2_UART_Init      0x800'1329   0x3c  Code  Lc  main.o [1]
MemManage_Handler        0x800'69c7    0x2  Code  Gb  stm32l4xx_it.o [1]
NMI_Handler              0x800'69bd    0x2  Code  Gb  stm32l4xx_it.o [1]
NVIC_EncodePriority      0x800'350b   0x40  Code  Lc  stm32l4xx_hal_cortex.o [1]
PCD_EP_ISR_Handler       0x800'500f  0x396  Code  Lc  stm32l4xx_hal_pcd.o [1]
PendSV_Handler           0x800'69d1    0x2  Code  Gb  stm32l4xx_it.o [1]
RCCEx_PLLSAI1_Config     0x800'28ed  0x236  Code  Lc  stm32l4xx_hal_rcc_ex.o [1]
RCC_SetFlashLatencyFromMSIRange
                         0x800'0d19   0x8a  Code  Lc  stm32l4xx_hal_rcc.o [1]
Region$$Table$$Base      0x800'6a88          --   Gb  - Linker created -
Region$$Table$$Limit     0x800'6aac          --   Gb  - Linker created -
SPI_EndRxTxTransaction   0x800'3441   0x6a  Code  Lc  stm32l4xx_hal_spi.o [1]
SPI_WaitFifoStateUntilTimeout
                         0x800'339d   0xa4  Code  Lc  stm32l4xx_hal_spi.o [1]
SPI_WaitFlagStateUntilTimeout
                         0x800'32fd   0xa0  Code  Lc  stm32l4xx_hal_spi.o [1]
SVC_Handler              0x800'69cd    0x2  Code  Gb  stm32l4xx_it.o [1]
Sim_Response             0x800'10c1   0xc4  Code  Gb  main.o [1]
Sim_Rxdata              0x2000'0618    0x2  Data  Gb  main.o [1]
Sim_response            0x2000'0280  0x1f4  Data  Gb  main.o [1]
Sim_sendCommand          0x800'0fbf   0xf8  Code  Gb  main.o [1]
SysTick_Config           0x800'3569   0x36  Code  Lc  stm32l4xx_hal_cortex.o [1]
SysTick_Handler          0x800'69d3    0x8  Code  Gb  stm32l4xx_it.o [1]
SystemClockConfig_Resume
                         0x800'56b1    0x8  Code  Lc  usbd_conf.o [1]
SystemClock_Config       0x800'1189   0xb6  Code  Gb  main.o [1]
SystemCoreClock         0x2000'0008    0x4  Data  Gb  system_stm32l4xx.o [1]
SystemInit               0x800'6909   0x42  Code  Gb  system_stm32l4xx.o [1]
UART_AdvFeatureConfig    0x800'20cb  0x1f2  Code  Gb  stm32l4xx_hal_uart.o [1]
UART_CheckIdleState      0x800'22e9   0x68  Code  Gb  stm32l4xx_hal_uart.o [1]
UART_SetConfig           0x800'1c29  0x4a2  Code  Gb  stm32l4xx_hal_uart.o [1]
UART_WaitOnFlagUntilTimeout
                         0x800'2351   0x6a  Code  Gb  stm32l4xx_hal_uart.o [1]
USBD_ClrClassConfig      0x800'56eb   0x18  Code  Gb  usbd_core.o [1]
USBD_ClrFeature          0x800'60cd   0x2e  Code  Lc  usbd_ctlreq.o [1]
USBD_CtlContinueRx       0x800'6181   0x1a  Code  Gb  usbd_ioreq.o [1]
USBD_CtlContinueSendData
                         0x800'6167   0x1a  Code  Gb  usbd_ioreq.o [1]
USBD_CtlError            0x800'6123   0x18  Code  Gb  usbd_ctlreq.o [1]
USBD_CtlReceiveStatus    0x800'61b5   0x1a  Code  Gb  usbd_ioreq.o [1]
USBD_CtlSendData         0x800'613b   0x2c  Code  Gb  usbd_ioreq.o [1]
USBD_CtlSendStatus       0x800'619b   0x1a  Code  Gb  usbd_ioreq.o [1]
USBD_GetConfig           0x800'6019   0x4e  Code  Lc  usbd_ctlreq.o [1]
USBD_GetDescriptor       0x800'5d65  0x178  Code  Lc  usbd_ctlreq.o [1]
USBD_GetStatus           0x800'6067   0x4c  Code  Lc  usbd_ctlreq.o [1]
USBD_LL_ClearStallEP     0x800'5505   0x42  Code  Gb  usbd_conf.o [1]
USBD_LL_DataInStage      0x800'5819  0x10c  Code  Gb  usbd_core.o [1]
USBD_LL_DataOutStage     0x800'576b   0xae  Code  Gb  usbd_core.o [1]
USBD_LL_IsStallEP        0x800'5547   0x2e  Code  Gb  usbd_conf.o [1]
USBD_LL_OpenEP           0x800'546d   0x56  Code  Gb  usbd_conf.o [1]
USBD_LL_PrepareReceive   0x800'560b   0x54  Code  Gb  usbd_conf.o [1]
USBD_LL_Reset            0x800'5925   0x60  Code  Gb  usbd_core.o [1]
USBD_LL_Resume           0x800'59a1    0xe  Code  Gb  usbd_core.o [1]
USBD_LL_SOF              0x800'59af   0x24  Code  Gb  usbd_core.o [1]
USBD_LL_SetSpeed         0x800'5985    0x8  Code  Gb  usbd_core.o [1]
USBD_LL_SetUSBAddress    0x800'5575   0x42  Code  Gb  usbd_conf.o [1]
USBD_LL_SetupStage       0x800'5703   0x68  Code  Gb  usbd_core.o [1]
USBD_LL_StallEP          0x800'54c3   0x42  Code  Gb  usbd_conf.o [1]
USBD_LL_Suspend          0x800'598d   0x14  Code  Gb  usbd_core.o [1]
USBD_LL_Transmit         0x800'55b7   0x54  Code  Gb  usbd_conf.o [1]
USBD_ParseSetupRequest   0x800'60fb   0x28  Code  Gb  usbd_ctlreq.o [1]
USBD_RunTestMode         0x800'56b9    0x6  Code  Gb  usbd_core.o [1]
USBD_SetAddress          0x800'5edd   0x68  Code  Lc  usbd_ctlreq.o [1]
USBD_SetClassConfig      0x800'56bf   0x2c  Code  Gb  usbd_core.o [1]
USBD_SetConfig           0x800'5f45   0xce  Code  Lc  usbd_ctlreq.o [1]
USBD_SetConfig::cfgidx  0x2000'061a    0x1  Data  Lc  usbd_ctlreq.o [1]
USBD_SetFeature          0x800'60b3   0x1a  Code  Lc  usbd_ctlreq.o [1]
USBD_StdDevReq           0x800'59d5   0xa6  Code  Gb  usbd_ctlreq.o [1]
USBD_StdEPReq            0x800'5ae9  0x27c  Code  Gb  usbd_ctlreq.o [1]
USBD_StdItfReq           0x800'5a7b   0x6e  Code  Gb  usbd_ctlreq.o [1]
USB_ActivateEndpoint     0x800'436b  0x368  Code  Gb  stm32l4xx_ll_usb.o [1]
USB_EP0_OutStart         0x800'4b21    0x6  Code  Gb  stm32l4xx_ll_usb.o [1]
USB_EPClearStall         0x800'4a57   0xae  Code  Gb  stm32l4xx_ll_usb.o [1]
USB_EPSetStall           0x800'4a0d   0x4a  Code  Gb  stm32l4xx_ll_usb.o [1]
USB_EPStartXfer          0x800'46d3  0x33a  Code  Gb  stm32l4xx_ll_usb.o [1]
USB_IRQHandler           0x800'69db    0xa  Code  Gb  stm32l4xx_it.o [1]
USB_ReadInterrupts       0x800'4b19    0x8  Code  Gb  stm32l4xx_ll_usb.o [1]
USB_ReadPMA              0x800'4b79   0x56  Code  Gb  stm32l4xx_ll_usb.o [1]
USB_SetDevAddress        0x800'4b05   0x14  Code  Gb  stm32l4xx_ll_usb.o [1]
USB_WritePMA             0x800'4b27   0x52  Code  Gb  stm32l4xx_ll_usb.o [1]
UsageFault_Handler       0x800'69cb    0x2  Code  Gb  stm32l4xx_it.o [1]
WakeUp_CR95HF            0x800'155f    0x8  Code  Gb  nfcm1833_module.o [1]
WakeUp_TinZ              0x800'3c05   0x70  Code  Gb  nfcm1833tinz.o [1]
__NVIC_GetPriorityGrouping
                         0x800'34cf    0xc  Code  Lc  stm32l4xx_hal_cortex.o [1]
__NVIC_SetPriority       0x800'34db   0x30  Code  Lc  stm32l4xx_hal_cortex.o [1]
__NVIC_SetPriorityGrouping
                         0x800'34ad   0x22  Code  Lc  stm32l4xx_hal_cortex.o [1]
__NVIC_SystemReset       0x800'354b   0x1e  Code  Lc  stm32l4xx_hal_cortex.o [1]
__aeabi_ldiv0            0x800'4369         Code  Gb  I64DivZer.o [4]
__aeabi_memcpy           0x800'15c9         Code  Gb  ABImemcpy.o [4]
__aeabi_memcpy4          0x800'15e9         Code  Gb  ABImemcpy.o [4]
__aeabi_memcpy8          0x800'15e9         Code  Gb  ABImemcpy.o [4]
__aeabi_memset           0x800'3ebd         Code  Gb  ABImemset.o [4]
__aeabi_uldivmod         0x800'3c75         Code  Gb  I64DivMod.o [4]
__cmain                  0x800'6aed         Code  Gb  cmain.o [4]
__exit                   0x800'6b21   0x14  Code  Gb  exit.o [5]
__iar_Memset             0x800'3ebd         Code  Gb  ABImemset.o [4]
__iar_Memset_word        0x800'3ec5         Code  Gb  ABImemset.o [4]
__iar_Strchr             0x800'3ea5         Code  Gb  strchr.o [4]
__iar_copy_init3         0x800'18c3   0x2e  Code  Gb  copy_init3.o [4]
__iar_data_init3         0x800'6a3d   0x28  Code  Gb  data_init.o [4]
__iar_init_vfp           0x800'6a65         Code  Gb  fpinit_M.o [3]
__iar_program_start      0x800'6b99         Code  Gb  cstartup_M.o [4]
__iar_zero_init3         0x800'1567   0x3a  Code  Gb  zero_init3.o [4]
__low_level_init         0x800'6b0b    0x4  Code  Gb  low_level_init.o [2]
__vector_table           0x800'0000         Data  Gb  startup_stm32l432xx.o [1]
_call_main               0x800'6af9         Code  Gb  cmain.o [4]
_exit                    0x800'6b15         Code  Gb  cexit.o [4]
_main                    0x800'6b07         Code  Gb  cmain.o [4]
assert_failed            0x800'13fb    0x2  Code  Gb  main.o [1]
crcx25                   0x800'3bb9   0x1e  Code  Lc  nfcm1833tinz.o [1]
deleteBuffer             0x800'0fa5   0x1a  Code  Gb  main.o [1]
display                  0x800'0f87   0x1e  Code  Gb  main.o [1]
encode4byte              0x800'166f   0xf0  Code  Gb  bcdencode.o [1]
encode8byte_little_edian
                         0x800'175f  0x158  Code  Gb  bcdencode.o [1]
exit                     0x800'6b0f    0x4  Code  Gb  exit.o [2]
getDeviceID              0x800'1553    0xc  Code  Gb  nfcm1833_module.o [1]
getDeviceID_spi          0x800'3b77   0x42  Code  Gb  nfcm1833tinz.o [1]
hcrc                    0x2000'05d8   0x24  Data  Gb  main.o [1]
hpcd_USB_FS             0x2000'000c  0x274  Data  Gb  usbd_conf.o [1]
huart1                  0x2000'04f4   0x80  Data  Gb  main.o [1]
huart2                  0x2000'0474   0x80  Data  Gb  main.o [1]
idTag                   0x2000'060c    0x8  Data  Gb  main.o [1]
idTagBCD                0x2000'05fc   0x10  Data  Gb  main.o [1]
main                     0x800'0de1  0x1a6  Code  Gb  main.o [1]
memcpy                   0x800'18b7    0xc  Code  Gb  memcpy.o [4]
memset                   0x800'23e7   0x14  Code  Gb  memset.o [4]
ping_module              0x800'154b    0x8  Code  Gb  nfcm1833_module.o [1]
ping_module_spi          0x800'3991   0x4e  Code  Gb  nfcm1833tinz.o [1]
select_tag_type          0x800'153d    0xe  Code  Gb  nfcm1833_module.o [1]
select_tag_type_spi      0x800'3a8f   0x22  Code  Gb  nfcm1833tinz.o [1]
select_tag_type_spi_tag_type_4a
                         0x800'3a37   0x58  Code  Lc  nfcm1833tinz.o [1]
select_tag_type_spi_tag_type_5
                         0x800'39df   0x58  Code  Lc  nfcm1833tinz.o [1]
sendrecv_spi             0x800'3ab1   0xc6  Code  Gb  nfcm1833tinz.o [1]
spi_polling_data_cr95hf
                         0x800'387d   0x84  Code  Lc  nfcm1833tinz.o [1]
spi_recv_data_from_cr95hf
                         0x800'3901   0x90  Code  Lc  nfcm1833tinz.o [1]
spi_send_data_to_cr95hf
                         0x800'37f5   0x88  Code  Lc  nfcm1833tinz.o [1]
spi_to_nfcm1833tinz     0x2000'0574   0x64  Data  Gb  main.o [1]
strchr                   0x800'3ea5         Code  Gb  strchr.o [4]
strlen                   0x800'18f1         Code  Gb  strlen.o [4]
strstr                   0x800'23bb   0x2c  Code  Gb  strstr.o [2]
uwTick                  0x2000'0614    0x4  Data  Gb  stm32l4xx_hal.o [1]
uwTickFreq              0x2000'0004    0x4  Data  Gb  stm32l4xx_hal.o [1]
uwTickPrio              0x2000'0000    0x4  Data  Gb  stm32l4xx_hal.o [1]


[1] = E:\Firmware\CodeTestL432KC\ReaderL432KC\Firmware_L432KC\EWARM\NFC_L432KC\Obj
[2] = dl7M_tlf.a
[3] = m7M_tls.a
[4] = rt7M_tl.a
[5] = shb_l.a

  25'617 bytes of readonly  code memory
   2'215 bytes of readonly  data memory
   2'587 bytes of readwrite data memory

Errors: none
Warnings: none
