###############################################################################
#
# IAR ELF Linker V8.40.1.212/W32 for ARM                  24/Jun/2020  18:00:45
# Copyright 2007-2019 IAR Systems AB.
#
#    Output file  =
#        E:\Firmware\CodeTestL432KC\ReaderSIM\Firmware_L432KC\EWARM\NFC_L432KC\Exe\NFC_L432KC.out
#    Map file     =
#        E:\Firmware\CodeTestL432KC\ReaderSIM\Firmware_L432KC\EWARM\NFC_L432KC\List\NFC_L432KC.map
#    Command line =
#        -f C:\Users\ANNGUY~1\AppData\Local\Temp\EW7C38.tmp
#        (E:\Firmware\CodeTestL432KC\ReaderSIM\Firmware_L432KC\EWARM\NFC_L432KC\Obj\bcdencode.o
#        E:\Firmware\CodeTestL432KC\ReaderSIM\Firmware_L432KC\EWARM\NFC_L432KC\Obj\i2c-lcd.o
#        E:\Firmware\CodeTestL432KC\ReaderSIM\Firmware_L432KC\EWARM\NFC_L432KC\Obj\main.o
#        E:\Firmware\CodeTestL432KC\ReaderSIM\Firmware_L432KC\EWARM\NFC_L432KC\Obj\ndef.o
#        E:\Firmware\CodeTestL432KC\ReaderSIM\Firmware_L432KC\EWARM\NFC_L432KC\Obj\nfcm1833_module.o
#        E:\Firmware\CodeTestL432KC\ReaderSIM\Firmware_L432KC\EWARM\NFC_L432KC\Obj\nfcm1833tiny.o
#        E:\Firmware\CodeTestL432KC\ReaderSIM\Firmware_L432KC\EWARM\NFC_L432KC\Obj\nfcm1833tinz.o
#        E:\Firmware\CodeTestL432KC\ReaderSIM\Firmware_L432KC\EWARM\NFC_L432KC\Obj\startup_stm32l432xx.o
#        E:\Firmware\CodeTestL432KC\ReaderSIM\Firmware_L432KC\EWARM\NFC_L432KC\Obj\stm32l4xx_hal.o
#        E:\Firmware\CodeTestL432KC\ReaderSIM\Firmware_L432KC\EWARM\NFC_L432KC\Obj\stm32l4xx_hal_cortex.o
#        E:\Firmware\CodeTestL432KC\ReaderSIM\Firmware_L432KC\EWARM\NFC_L432KC\Obj\stm32l4xx_hal_crc.o
#        E:\Firmware\CodeTestL432KC\ReaderSIM\Firmware_L432KC\EWARM\NFC_L432KC\Obj\stm32l4xx_hal_crc_ex.o
#        E:\Firmware\CodeTestL432KC\ReaderSIM\Firmware_L432KC\EWARM\NFC_L432KC\Obj\stm32l4xx_hal_dma.o
#        E:\Firmware\CodeTestL432KC\ReaderSIM\Firmware_L432KC\EWARM\NFC_L432KC\Obj\stm32l4xx_hal_dma_ex.o
#        E:\Firmware\CodeTestL432KC\ReaderSIM\Firmware_L432KC\EWARM\NFC_L432KC\Obj\stm32l4xx_hal_exti.o
#        E:\Firmware\CodeTestL432KC\ReaderSIM\Firmware_L432KC\EWARM\NFC_L432KC\Obj\stm32l4xx_hal_flash.o
#        E:\Firmware\CodeTestL432KC\ReaderSIM\Firmware_L432KC\EWARM\NFC_L432KC\Obj\stm32l4xx_hal_flash_ex.o
#        E:\Firmware\CodeTestL432KC\ReaderSIM\Firmware_L432KC\EWARM\NFC_L432KC\Obj\stm32l4xx_hal_flash_ramfunc.o
#        E:\Firmware\CodeTestL432KC\ReaderSIM\Firmware_L432KC\EWARM\NFC_L432KC\Obj\stm32l4xx_hal_gpio.o
#        E:\Firmware\CodeTestL432KC\ReaderSIM\Firmware_L432KC\EWARM\NFC_L432KC\Obj\stm32l4xx_hal_i2c.o
#        E:\Firmware\CodeTestL432KC\ReaderSIM\Firmware_L432KC\EWARM\NFC_L432KC\Obj\stm32l4xx_hal_i2c_ex.o
#        E:\Firmware\CodeTestL432KC\ReaderSIM\Firmware_L432KC\EWARM\NFC_L432KC\Obj\stm32l4xx_hal_msp.o
#        E:\Firmware\CodeTestL432KC\ReaderSIM\Firmware_L432KC\EWARM\NFC_L432KC\Obj\stm32l4xx_hal_pcd.o
#        E:\Firmware\CodeTestL432KC\ReaderSIM\Firmware_L432KC\EWARM\NFC_L432KC\Obj\stm32l4xx_hal_pcd_ex.o
#        E:\Firmware\CodeTestL432KC\ReaderSIM\Firmware_L432KC\EWARM\NFC_L432KC\Obj\stm32l4xx_hal_pwr.o
#        E:\Firmware\CodeTestL432KC\ReaderSIM\Firmware_L432KC\EWARM\NFC_L432KC\Obj\stm32l4xx_hal_pwr_ex.o
#        E:\Firmware\CodeTestL432KC\ReaderSIM\Firmware_L432KC\EWARM\NFC_L432KC\Obj\stm32l4xx_hal_rcc.o
#        E:\Firmware\CodeTestL432KC\ReaderSIM\Firmware_L432KC\EWARM\NFC_L432KC\Obj\stm32l4xx_hal_rcc_ex.o
#        E:\Firmware\CodeTestL432KC\ReaderSIM\Firmware_L432KC\EWARM\NFC_L432KC\Obj\stm32l4xx_hal_spi.o
#        E:\Firmware\CodeTestL432KC\ReaderSIM\Firmware_L432KC\EWARM\NFC_L432KC\Obj\stm32l4xx_hal_spi_ex.o
#        E:\Firmware\CodeTestL432KC\ReaderSIM\Firmware_L432KC\EWARM\NFC_L432KC\Obj\stm32l4xx_hal_tim.o
#        E:\Firmware\CodeTestL432KC\ReaderSIM\Firmware_L432KC\EWARM\NFC_L432KC\Obj\stm32l4xx_hal_tim_ex.o
#        E:\Firmware\CodeTestL432KC\ReaderSIM\Firmware_L432KC\EWARM\NFC_L432KC\Obj\stm32l4xx_hal_uart.o
#        E:\Firmware\CodeTestL432KC\ReaderSIM\Firmware_L432KC\EWARM\NFC_L432KC\Obj\stm32l4xx_hal_uart_ex.o
#        E:\Firmware\CodeTestL432KC\ReaderSIM\Firmware_L432KC\EWARM\NFC_L432KC\Obj\stm32l4xx_it.o
#        E:\Firmware\CodeTestL432KC\ReaderSIM\Firmware_L432KC\EWARM\NFC_L432KC\Obj\stm32l4xx_ll_usb.o
#        E:\Firmware\CodeTestL432KC\ReaderSIM\Firmware_L432KC\EWARM\NFC_L432KC\Obj\system_stm32l4xx.o
#        E:\Firmware\CodeTestL432KC\ReaderSIM\Firmware_L432KC\EWARM\NFC_L432KC\Obj\usbd_cdc.o
#        E:\Firmware\CodeTestL432KC\ReaderSIM\Firmware_L432KC\EWARM\NFC_L432KC\Obj\usbd_cdc_vcp.o
#        E:\Firmware\CodeTestL432KC\ReaderSIM\Firmware_L432KC\EWARM\NFC_L432KC\Obj\usbd_conf.o
#        E:\Firmware\CodeTestL432KC\ReaderSIM\Firmware_L432KC\EWARM\NFC_L432KC\Obj\usbd_core.o
#        E:\Firmware\CodeTestL432KC\ReaderSIM\Firmware_L432KC\EWARM\NFC_L432KC\Obj\usbd_ctlreq.o
#        E:\Firmware\CodeTestL432KC\ReaderSIM\Firmware_L432KC\EWARM\NFC_L432KC\Obj\usbd_desc.o
#        E:\Firmware\CodeTestL432KC\ReaderSIM\Firmware_L432KC\EWARM\NFC_L432KC\Obj\usbd_hid.o
#        E:\Firmware\CodeTestL432KC\ReaderSIM\Firmware_L432KC\EWARM\NFC_L432KC\Obj\usbd_hid_keyboard.o
#        E:\Firmware\CodeTestL432KC\ReaderSIM\Firmware_L432KC\EWARM\NFC_L432KC\Obj\usbd_ioreq.o
#        --redirect _Printf=_PrintfFull --redirect _Scanf=_ScanfFull
#        --no_out_extension -o
#        E:\Firmware\CodeTestL432KC\ReaderSIM\Firmware_L432KC\EWARM\NFC_L432KC\Exe\NFC_L432KC.out
#        --map
#        E:\Firmware\CodeTestL432KC\ReaderSIM\Firmware_L432KC\EWARM\NFC_L432KC\List\NFC_L432KC.map
#        --config
#        E:\Firmware\CodeTestL432KC\ReaderSIM\Firmware_L432KC\EWARM/stm32l432xx_flash.icf
#        --semihosting --entry __iar_program_start --vfe --text_out locale)
#
###############################################################################

*******************************************************************************
*** RUNTIME MODEL ATTRIBUTES
***

CppFlavor       = *
__SystemLibrary = DLib
__dlib_version  = 6


*******************************************************************************
*** HEAP SELECTION
***

The basic heap was selected because no calls to memory allocation
functions were found in the application outside of system library
functions, and there are calls to deallocation functions in the
application.


*******************************************************************************
*** PLACEMENT SUMMARY
***

"A0":  place at address 0x800'0000 { ro section .intvec };
"P1":  place in [from 0x800'0000 to 0x803'ffff] { ro };
define block CSTACK with size = 1K, alignment = 8 { };
define block HEAP with size = 512, alignment = 8 { };
"P2":  place in [from 0x2000'0000 to 0x2000'ffff] {
          rw, block CSTACK, block HEAP };
initialize by copy { rw };

  Section            Kind         Address    Size  Object
  -------            ----         -------    ----  ------
"A0":                                       0x18c
  .intvec            ro code   0x800'0000   0x18c  startup_stm32l432xx.o [1]
                             - 0x800'018c   0x18c

"P1":                                      0x793c
  .text              ro code   0x800'018c   0xc54  stm32l4xx_hal_rcc.o [1]
  .text              ro code   0x800'0de0   0xae0  main.o [1]
  .text              ro code   0x800'18c0    0x60  stm32l4xx_hal.o [1]
  .text              ro code   0x800'1920     0xc  stm32l4xx_hal.o [1]
  .text              ro code   0x800'192c    0xb0  stm32l4xx_hal_pwr_ex.o [1]
  .text              ro code   0x800'19dc    0x24  stm32l4xx_hal.o [1]
  .text              ro code   0x800'1a00    0x28  stm32l4xx_hal.o [1]
  .text              ro code   0x800'1a28    0x2a  nfcm1833_module.o [1]
  .text              ro code   0x800'1a52    0x3a  zero_init3.o [4]
  .text              ro code   0x800'1a8c   0x116  i2c-lcd.o [1]
  .text              ro code   0x800'1ba2    0x2e  copy_init3.o [4]
  .text              ro code   0x800'1bd0    0xa6  ABImemcpy.o [4]
  .text              ro code   0x800'1c76   0x248  bcdencode.o [1]
  .rodata            const     0x800'1ebe     0x1  nfcm1833tinz.o [1]
  .rodata            const     0x800'1ebf     0x1  nfcm1833tinz.o [1]
  .text              ro code   0x800'1ec0   0x3ce  stm32l4xx_hal_gpio.o [1]
  .rodata            const     0x800'228e     0x1  nfcm1833tinz.o [1]
  .text              ro code   0x800'2290   0xa92  stm32l4xx_hal_uart.o [1]
  .text              ro code   0x800'2d24    0x36  strlen.o [4]
  .text              ro code   0x800'2d5a    0x2c  strstr.o [2]
  .text              ro code   0x800'2d88    0x66  ABImemset.o [4]
  .text              ro code   0x800'2df0   0x74c  stm32l4xx_hal_rcc_ex.o [1]
  .text              ro code   0x800'353c   0x25c  stm32l4xx_hal_crc.o [1]
  .text              ro code   0x800'3798   0x5ac  stm32l4xx_hal_i2c.o [1]
  .text              ro code   0x800'3d44   0x124  stm32l4xx_hal_i2c_ex.o [1]
  .text              ro code   0x800'3e68   0x706  stm32l4xx_hal_spi.o [1]
  .text              ro code   0x800'4570   0x19c  stm32l4xx_hal_cortex.o [1]
  .text              ro code   0x800'470c   0x1c0  stm32l4xx_hal_msp.o [1]
  .text              ro code   0x800'48cc   0x480  nfcm1833tinz.o [1]
  .text              ro code   0x800'4d4c   0x230  I64DivMod.o [4]
  .text              ro code   0x800'4f7c    0x16  strchr.o [4]
  .text              ro code   0x800'4f94    0xa0  stm32l4xx_hal_crc_ex.o [1]
  .text              ro code   0x800'5034    0x14  memset.o [4]
  .text              ro code   0x800'5048     0x2  I64DivZer.o [4]
  .text              ro code   0x800'504a   0x864  stm32l4xx_ll_usb.o [1]
  .text              ro code   0x800'58b0   0x7d4  stm32l4xx_hal_pcd.o [1]
  .text              ro code   0x800'6084   0x314  usbd_conf.o [1]
  .text              ro code   0x800'6398   0x31a  usbd_core.o [1]
  .text              ro code   0x800'66b4   0x766  usbd_ctlreq.o [1]
  .text              ro code   0x800'6e1a    0x94  usbd_ioreq.o [1]
  .rodata            const     0x800'6eb0   0x100  nfcm1833tinz.o [1]
  .rodata            const     0x800'6fb0   0x100  nfcm1833tinz.o [1]
  .rodata            const     0x800'70b0    0x88  stm32l4xx_hal_cortex.o [1]
  .rodata            const     0x800'7138    0x88  stm32l4xx_hal_crc_ex.o [1]
  .rodata            const     0x800'71c0    0x88  stm32l4xx_hal_i2c_ex.o [1]
  .rodata            const     0x800'7248    0x88  stm32l4xx_hal_pwr_ex.o [1]
  .rodata            const     0x800'72d0    0x88  stm32l4xx_hal_rcc_ex.o [1]
  .rodata            const     0x800'7358    0x84  stm32l4xx_hal_crc.o [1]
  .rodata            const     0x800'73dc    0x84  stm32l4xx_hal_gpio.o [1]
  .rodata            const     0x800'7460    0x84  stm32l4xx_hal_i2c.o [1]
  .rodata            const     0x800'74e4    0x84  stm32l4xx_hal_rcc.o [1]
  .rodata            const     0x800'7568    0x84  stm32l4xx_hal_spi.o [1]
  .rodata            const     0x800'75ec    0x84  stm32l4xx_hal_uart.o [1]
  .rodata            const     0x800'7670    0x64  main.o [1]
  .text              ro code   0x800'76d4    0x60  system_stm32l4xx.o [1]
  .rodata            const     0x800'7734    0x50  nfcm1833tinz.o [1]
  .text              ro code   0x800'7784    0x36  stm32l4xx_it.o [1]
  .text              ro code   0x800'77bc    0x18  stm32l4xx_hal.o [1]
  .rodata            const     0x800'77d4    0x30  system_stm32l4xx.o [1]
  .text              ro code   0x800'7804    0x28  data_init.o [4]
  .text              ro code   0x800'782c    0x22  fpinit_M.o [3]
  .iar.init_table    const     0x800'7850    0x24  - Linker created -
  .rodata            const     0x800'7874    0x20  main.o [1]
  .rodata            const     0x800'7894    0x20  main.o [1]
  .text              ro code   0x800'78b4    0x1e  cmain.o [4]
  .text              ro code   0x800'78d2     0x4  low_level_init.o [2]
  .text              ro code   0x800'78d6     0x4  exit.o [2]
  .text              ro code   0x800'78dc     0xa  cexit.o [4]
  .text              ro code   0x800'78e8    0x14  exit.o [5]
  .rodata            const     0x800'78fc    0x14  main.o [1]
  .rodata            const     0x800'7910    0x10  main.o [1]
  .rodata            const     0x800'7920    0x10  main.o [1]
  .rodata            const     0x800'7930    0x10  main.o [1]
  .rodata            const     0x800'7940    0x10  system_stm32l4xx.o [1]
  .text              ro code   0x800'7950    0x10  startup_stm32l432xx.o [1]
  .rodata            const     0x800'7960     0xc  main.o [1]
  .rodata            const     0x800'796c     0xc  main.o [1]
  .rodata            const     0x800'7978     0xc  main.o [1]
  .rodata            const     0x800'7984     0xc  main.o [1]
  .text              ro code   0x800'7990     0xc  cstartup_M.o [4]
  Initializer bytes  const     0x800'799c     0xc  <for P2-1>
  .rodata            const     0x800'79a8     0x8  main.o [1]
  .rodata            const     0x800'79b0     0x8  main.o [1]
  .rodata            const     0x800'79b8     0x8  main.o [1]
  .rodata            const     0x800'79c0     0x8  main.o [1]
  .rodata            const     0x800'79c8     0x8  nfcm1833tinz.o [1]
  .rodata            const     0x800'79d0     0x8  system_stm32l4xx.o [1]
  .rodata            const     0x800'79d8     0x4  nfcm1833tinz.o [1]
  .rodata            const     0x800'79dc     0x4  nfcm1833tinz.o [1]
  .text              ro code   0x800'79e0     0x4  startup_stm32l432xx.o [1]
  .text              ro code   0x800'79e4     0x4  startup_stm32l432xx.o [1]
  .text              ro code   0x800'79e8     0x4  startup_stm32l432xx.o [1]
  .text              ro code   0x800'79ec     0x4  startup_stm32l432xx.o [1]
  .text              ro code   0x800'79f0     0x4  startup_stm32l432xx.o [1]
  .text              ro code   0x800'79f4     0x4  startup_stm32l432xx.o [1]
  .text              ro code   0x800'79f8     0x4  startup_stm32l432xx.o [1]
  .text              ro code   0x800'79fc     0x4  startup_stm32l432xx.o [1]
  .text              ro code   0x800'7a00     0x4  startup_stm32l432xx.o [1]
  .text              ro code   0x800'7a04     0x4  startup_stm32l432xx.o [1]
  .text              ro code   0x800'7a08     0x4  startup_stm32l432xx.o [1]
  .text              ro code   0x800'7a0c     0x4  startup_stm32l432xx.o [1]
  .text              ro code   0x800'7a10     0x4  startup_stm32l432xx.o [1]
  .text              ro code   0x800'7a14     0x4  startup_stm32l432xx.o [1]
  .text              ro code   0x800'7a18     0x4  startup_stm32l432xx.o [1]
  .text              ro code   0x800'7a1c     0x4  startup_stm32l432xx.o [1]
  .text              ro code   0x800'7a20     0x4  startup_stm32l432xx.o [1]
  .text              ro code   0x800'7a24     0x4  startup_stm32l432xx.o [1]
  .text              ro code   0x800'7a28     0x4  startup_stm32l432xx.o [1]
  .text              ro code   0x800'7a2c     0x4  startup_stm32l432xx.o [1]
  .text              ro code   0x800'7a30     0x4  startup_stm32l432xx.o [1]
  .text              ro code   0x800'7a34     0x4  startup_stm32l432xx.o [1]
  .text              ro code   0x800'7a38     0x4  startup_stm32l432xx.o [1]
  .text              ro code   0x800'7a3c     0x4  startup_stm32l432xx.o [1]
  .text              ro code   0x800'7a40     0x4  startup_stm32l432xx.o [1]
  .text              ro code   0x800'7a44     0x4  startup_stm32l432xx.o [1]
  .text              ro code   0x800'7a48     0x4  startup_stm32l432xx.o [1]
  .text              ro code   0x800'7a4c     0x4  startup_stm32l432xx.o [1]
  .text              ro code   0x800'7a50     0x4  startup_stm32l432xx.o [1]
  .text              ro code   0x800'7a54     0x4  startup_stm32l432xx.o [1]
  .text              ro code   0x800'7a58     0x4  startup_stm32l432xx.o [1]
  .text              ro code   0x800'7a5c     0x4  startup_stm32l432xx.o [1]
  .text              ro code   0x800'7a60     0x4  startup_stm32l432xx.o [1]
  .text              ro code   0x800'7a64     0x4  startup_stm32l432xx.o [1]
  .text              ro code   0x800'7a68     0x4  startup_stm32l432xx.o [1]
  .text              ro code   0x800'7a6c     0x4  startup_stm32l432xx.o [1]
  .text              ro code   0x800'7a70     0x4  startup_stm32l432xx.o [1]
  .text              ro code   0x800'7a74     0x4  startup_stm32l432xx.o [1]
  .text              ro code   0x800'7a78     0x4  startup_stm32l432xx.o [1]
  .text              ro code   0x800'7a7c     0x4  startup_stm32l432xx.o [1]
  .text              ro code   0x800'7a80     0x4  startup_stm32l432xx.o [1]
  .text              ro code   0x800'7a84     0x4  startup_stm32l432xx.o [1]
  .text              ro code   0x800'7a88     0x4  startup_stm32l432xx.o [1]
  .text              ro code   0x800'7a8c     0x4  startup_stm32l432xx.o [1]
  .text              ro code   0x800'7a90     0x4  startup_stm32l432xx.o [1]
  .text              ro code   0x800'7a94     0x4  startup_stm32l432xx.o [1]
  .text              ro code   0x800'7a98     0x4  startup_stm32l432xx.o [1]
  .text              ro code   0x800'7a9c     0x4  startup_stm32l432xx.o [1]
  .text              ro code   0x800'7aa0     0x4  startup_stm32l432xx.o [1]
  .text              ro code   0x800'7aa4     0x4  startup_stm32l432xx.o [1]
  .text              ro code   0x800'7aa8     0x4  startup_stm32l432xx.o [1]
  .text              ro code   0x800'7aac     0x4  startup_stm32l432xx.o [1]
  .text              ro code   0x800'7ab0     0x4  startup_stm32l432xx.o [1]
  .text              ro code   0x800'7ab4     0x4  startup_stm32l432xx.o [1]
  .text              ro code   0x800'7ab8     0x4  startup_stm32l432xx.o [1]
  .text              ro code   0x800'7abc     0x4  startup_stm32l432xx.o [1]
  .text              ro code   0x800'7ac0     0x4  startup_stm32l432xx.o [1]
  .text              ro code   0x800'7ac4     0x4  startup_stm32l432xx.o [1]
  .rodata            const     0x800'7ac8     0x0  zero_init3.o [4]
  .rodata            const     0x800'7ac8     0x0  copy_init3.o [4]
                             - 0x800'7ac8  0x793c

"P2", part 1 of 3:                            0xc
  P2-1                        0x2000'0000     0xc  <Init block>
    .data            inited   0x2000'0000     0x4  stm32l4xx_hal.o [1]
    .data            inited   0x2000'0004     0x4  stm32l4xx_hal.o [1]
    .data            inited   0x2000'0008     0x4  system_stm32l4xx.o [1]
                            - 0x2000'000c     0xc

"P2", part 2 of 3:                          0x5f0
  .bss               zero     0x2000'000c   0x274  usbd_conf.o [1]
  .bss               zero     0x2000'0280   0x1f4  main.o [1]
  .bss               zero     0x2000'0474    0x80  main.o [1]
  .bss               zero     0x2000'04f4    0x64  main.o [1]
  .bss               zero     0x2000'0558    0x4c  main.o [1]
  .bss               zero     0x2000'05a4    0x24  main.o [1]
  .bss               zero     0x2000'05c8    0x10  main.o [1]
  .bss               zero     0x2000'05d8    0x10  main.o [1]
  .bss               zero     0x2000'05e8     0x8  main.o [1]
  .bss               zero     0x2000'05f0     0x4  stm32l4xx_hal.o [1]
  .bss               zero     0x2000'05f4     0x2  main.o [1]
  .bss               zero     0x2000'05f6     0x1  main.o [1]
  .bss               zero     0x2000'05f7     0x1  main.o [1]
  .bss               zero     0x2000'05f8     0x1  usbd_ctlreq.o [1]
                            - 0x2000'05f9   0x5ed

"P2", part 3 of 3:                          0x400
  CSTACK                      0x2000'0600   0x400  <Block>
    CSTACK           uninit   0x2000'0600   0x400  <Block tail>
                            - 0x2000'0a00   0x400

Unused ranges:

         From           To      Size
         ----           --      ----
   0x800'7ac8   0x803'ffff  0x3'8538
  0x2000'05fc  0x2000'05ff       0x4
  0x2000'0a00  0x2000'ffff    0xf600


*******************************************************************************
*** INIT TABLE
***

          Address      Size
          -------      ----
Zero (__iar_zero_init3)
    1 destination range, total size 0x5ed:
          0x2000'000c  0x5ed

Copy (__iar_copy_init3)
    1 source range, total size 0xc:
           0x800'799c    0xc
    1 destination range, total size 0xc:
          0x2000'0000    0xc



*******************************************************************************
*** MODULE SUMMARY
***

    Module                  ro code  ro data  rw data
    ------                  -------  -------  -------
command line/config:
    -------------------------------------------------
    Total:

E:\Firmware\CodeTestL432KC\ReaderSIM\Firmware_L432KC\EWARM\NFC_L432KC\Obj: [1]
    bcdencode.o                 584
    i2c-lcd.o                   278
    main.o                    2'784      312      884
    nfcm1833_module.o            42
    nfcm1833tinz.o            1'152      611
    startup_stm32l432xx.o       644
    stm32l4xx_hal.o             208        8       12
    stm32l4xx_hal_cortex.o      412      136
    stm32l4xx_hal_crc.o         604      132
    stm32l4xx_hal_crc_ex.o      160      136
    stm32l4xx_hal_gpio.o        974      132
    stm32l4xx_hal_i2c.o       1'452      132
    stm32l4xx_hal_i2c_ex.o      292      136
    stm32l4xx_hal_msp.o         448
    stm32l4xx_hal_pcd.o       2'004
    stm32l4xx_hal_pwr_ex.o      176      136
    stm32l4xx_hal_rcc.o       3'156      132
    stm32l4xx_hal_rcc_ex.o    1'868      136
    stm32l4xx_hal_spi.o       1'798      132
    stm32l4xx_hal_uart.o      2'706      132
    stm32l4xx_it.o               54
    stm32l4xx_ll_usb.o        2'148
    system_stm32l4xx.o           96       76        4
    usbd_conf.o                 788               628
    usbd_core.o                 794
    usbd_ctlreq.o             1'894                 1
    usbd_ioreq.o                148
    -------------------------------------------------
    Total:                   27'664    2'479    1'529

dl7M_tlf.a: [2]
    exit.o                        4
    low_level_init.o              4
    strstr.o                     44
    -------------------------------------------------
    Total:                       52

m7M_tls.a: [3]
    fpinit_M.o                   34
    -------------------------------------------------
    Total:                       34

rt7M_tl.a: [4]
    ABImemcpy.o                 166
    ABImemset.o                 102
    I64DivMod.o                 560
    I64DivZer.o                   2
    cexit.o                      10
    cmain.o                      30
    copy_init3.o                 46
    cstartup_M.o                 12
    data_init.o                  40
    memset.o                     20
    strchr.o                     22
    strlen.o                     54
    zero_init3.o                 58
    -------------------------------------------------
    Total:                    1'122

shb_l.a: [5]
    exit.o                       20
    -------------------------------------------------
    Total:                       20

    Gaps                         21        4
    Linker created                        36    1'024
-----------------------------------------------------
    Grand Total:             28'913    2'519    2'553


*******************************************************************************
*** ENTRY LIST
***

Entry                       Address   Size  Type      Object
-----                       -------   ----  ----      ------
.iar.init_table$$Base    0x800'7850          --   Gb  - Linker created -
.iar.init_table$$Limit   0x800'7874          --   Gb  - Linker created -
?main                    0x800'78b5         Code  Gb  cmain.o [4]
AHBPrescTable            0x800'7940   0x10  Data  Gb  system_stm32l4xx.o [1]
APBPrescTable            0x800'79d0    0x8  Data  Gb  system_stm32l4xx.o [1]
BusFault_Handler         0x800'7791    0x2  Code  Gb  stm32l4xx_it.o [1]
CRC_Handle_16            0x800'3761   0x38  Code  Lc  stm32l4xx_hal_crc.o [1]
CRC_Handle_8             0x800'36c9   0x98  Code  Lc  stm32l4xx_hal_crc.o [1]
CSTACK$$Base            0x2000'0600          --   Gb  - Linker created -
CSTACK$$Limit           0x2000'0a00          --   Gb  - Linker created -
DebugMon_Handler         0x800'7797    0x2  Code  Gb  stm32l4xx_it.o [1]
EXTI0_IRQHandler         0x800'77b1    0xa  Code  Gb  stm32l4xx_it.o [1]
Error_Handler            0x800'18bd    0x2  Code  Gb  main.o [1]
HAL_CRCEx_Polynomial_Set
                         0x800'4f95   0x9c  Code  Gb  stm32l4xx_hal_crc_ex.o [1]
HAL_CRC_Calculate        0x800'3659   0x70  Code  Gb  stm32l4xx_hal_crc.o [1]
HAL_CRC_Init             0x800'353d  0x110  Code  Gb  stm32l4xx_hal_crc.o [1]
HAL_CRC_MspInit          0x800'473b   0x22  Code  Gb  stm32l4xx_hal_msp.o [1]
HAL_Delay                0x800'1a01   0x28  Code  Wk  stm32l4xx_hal.o [1]
HAL_GPIO_EXTI_IRQHandler
                         0x800'2229   0x20  Code  Gb  stm32l4xx_hal_gpio.o [1]
HAL_GPIO_Init            0x800'1ec1  0x2f0  Code  Gb  stm32l4xx_hal_gpio.o [1]
HAL_GPIO_ReadPin         0x800'21b1   0x2c  Code  Gb  stm32l4xx_hal_gpio.o [1]
HAL_GPIO_WritePin        0x800'21dd   0x4c  Code  Gb  stm32l4xx_hal_gpio.o [1]
HAL_GetTick              0x800'1921    0xc  Code  Wk  stm32l4xx_hal.o [1]
HAL_I2CEx_ConfigAnalogFilter
                         0x800'3d45   0x92  Code  Gb  stm32l4xx_hal_i2c_ex.o [1]
HAL_I2CEx_ConfigDigitalFilter
                         0x800'3dd7   0x86  Code  Gb  stm32l4xx_hal_i2c_ex.o [1]
HAL_I2C_Init             0x800'3799  0x1b6  Code  Gb  stm32l4xx_hal_i2c.o [1]
HAL_I2C_Master_Transmit
                         0x800'394f  0x17e  Code  Gb  stm32l4xx_hal_i2c.o [1]
HAL_I2C_MspInit          0x800'475d   0x60  Code  Gb  stm32l4xx_hal_msp.o [1]
HAL_IncTick              0x800'77bd   0x18  Code  Wk  stm32l4xx_hal.o [1]
HAL_Init                 0x800'19dd   0x24  Code  Gb  stm32l4xx_hal.o [1]
HAL_InitTick             0x800'18c1   0x60  Code  Wk  stm32l4xx_hal.o [1]
HAL_MspInit              0x800'470d   0x2e  Code  Gb  stm32l4xx_hal_msp.o [1]
HAL_NVIC_SetPriority     0x800'468d   0x46  Code  Gb  stm32l4xx_hal_cortex.o [1]
HAL_NVIC_SetPriorityGrouping
                         0x800'4663   0x2a  Code  Gb  stm32l4xx_hal_cortex.o [1]
HAL_NVIC_SystemReset     0x800'46d3    0x8  Code  Gb  stm32l4xx_hal_cortex.o [1]
HAL_PCDEx_LPM_Callback   0x800'633f   0x4c  Code  Gb  usbd_conf.o [1]
HAL_PCD_DataInStageCallback
                         0x800'60b7   0x1e  Code  Gb  usbd_conf.o [1]
HAL_PCD_DataOutStageCallback
                         0x800'6097   0x20  Code  Gb  usbd_conf.o [1]
HAL_PCD_EP_ClrStall      0x800'5c77   0x78  Code  Gb  stm32l4xx_hal_pcd.o [1]
HAL_PCD_EP_Open          0x800'5aa9   0x9e  Code  Gb  stm32l4xx_hal_pcd.o [1]
HAL_PCD_EP_Receive       0x800'5b47   0x56  Code  Gb  stm32l4xx_hal_pcd.o [1]
HAL_PCD_EP_SetStall      0x800'5bf3   0x84  Code  Gb  stm32l4xx_hal_pcd.o [1]
HAL_PCD_EP_Transmit      0x800'5b9d   0x56  Code  Gb  stm32l4xx_hal_pcd.o [1]
HAL_PCD_IRQHandler       0x800'58b1  0x1c8  Code  Gb  stm32l4xx_hal_pcd.o [1]
HAL_PCD_ResetCallback    0x800'60e3   0x26  Code  Gb  usbd_conf.o [1]
HAL_PCD_ResumeCallback   0x800'6129   0x24  Code  Gb  usbd_conf.o [1]
HAL_PCD_SOFCallback      0x800'60d5    0xe  Code  Gb  usbd_conf.o [1]
HAL_PCD_SetAddress       0x800'5a79   0x30  Code  Gb  stm32l4xx_hal_pcd.o [1]
HAL_PCD_SetupStageCallback
                         0x800'6085   0x12  Code  Gb  usbd_conf.o [1]
HAL_PCD_SuspendCallback
                         0x800'6109   0x20  Code  Gb  usbd_conf.o [1]
HAL_PWREx_ControlVoltageScaling
                         0x800'1939   0x8e  Code  Gb  stm32l4xx_hal_pwr_ex.o [1]
HAL_PWREx_GetVoltageRange
                         0x800'192d    0xc  Code  Gb  stm32l4xx_hal_pwr_ex.o [1]
HAL_RCCEx_PeriphCLKConfig
                         0x800'2df1  0x4d2  Code  Gb  stm32l4xx_hal_rcc_ex.o [1]
HAL_RCC_ClockConfig      0x800'09a3  0x23c  Code  Gb  stm32l4xx_hal_rcc.o [1]
HAL_RCC_GetHCLKFreq      0x800'0cd3    0x6  Code  Gb  stm32l4xx_hal_rcc.o [1]
HAL_RCC_GetPCLK1Freq     0x800'0cd9   0x1a  Code  Gb  stm32l4xx_hal_rcc.o [1]
HAL_RCC_GetPCLK2Freq     0x800'0cf3   0x1a  Code  Gb  stm32l4xx_hal_rcc.o [1]
HAL_RCC_GetSysClockFreq
                         0x800'0bfd   0xd6  Code  Gb  stm32l4xx_hal_rcc.o [1]
HAL_RCC_OscConfig        0x800'018d  0x816  Code  Gb  stm32l4xx_hal_rcc.o [1]
HAL_SPI_Init             0x800'3e69  0x26c  Code  Gb  stm32l4xx_hal_spi.o [1]
HAL_SPI_MspInit          0x800'47bd   0x88  Code  Gb  stm32l4xx_hal_msp.o [1]
HAL_SPI_TransmitReceive
                         0x800'40d5  0x2e0  Code  Gb  stm32l4xx_hal_spi.o [1]
HAL_SYSTICK_Config       0x800'46db    0xc  Code  Gb  stm32l4xx_hal_cortex.o [1]
HAL_UART_Init            0x800'2291   0xd0  Code  Gb  stm32l4xx_hal_uart.o [1]
HAL_UART_MspInit         0x800'4845   0x64  Code  Gb  stm32l4xx_hal_msp.o [1]
HAL_UART_Receive         0x800'243b  0x146  Code  Gb  stm32l4xx_hal_uart.o [1]
HAL_UART_Transmit        0x800'2361   0xda  Code  Gb  stm32l4xx_hal_uart.o [1]
HardFault_Handler        0x800'7787    0x8  Code  Gb  stm32l4xx_it.o [1]
I2C_Flush_TXDR           0x800'3ae1   0x24  Code  Lc  stm32l4xx_hal_i2c.o [1]
I2C_IsAcknowledgeFailed
                         0x800'3c0d   0x8a  Code  Lc  stm32l4xx_hal_i2c.o [1]
I2C_TransferConfig       0x800'3c97   0x8c  Code  Lc  stm32l4xx_hal_i2c.o [1]
I2C_WaitOnFlagUntilTimeout
                         0x800'3b05   0x5e  Code  Lc  stm32l4xx_hal_i2c.o [1]
I2C_WaitOnSTOPFlagUntilTimeout
                         0x800'3bbb   0x52  Code  Lc  stm32l4xx_hal_i2c.o [1]
I2C_WaitOnTXISFlagUntilTimeout
                         0x800'3b63   0x58  Code  Lc  stm32l4xx_hal_i2c.o [1]
LCD_Dislay_Clear         0x800'131d   0x1e  Code  Gb  main.o [1]
LCD_Display              0x800'133b   0x36  Code  Gb  main.o [1]
LCD_Display_Faild        0x800'13a7   0x36  Code  Gb  main.o [1]
LCD_Display_Success      0x800'1371   0x36  Code  Gb  main.o [1]
MSIRangeTable            0x800'77d4   0x30  Data  Gb  system_stm32l4xx.o [1]
MX_CRC_Init              0x800'1689   0x3a  Code  Lc  main.o [1]
MX_GPIO_Init             0x800'1771   0x8a  Code  Lc  main.o [1]
MX_I2C1_Init             0x800'16c3   0x58  Code  Lc  main.o [1]
MX_SPI1_Init             0x800'1721   0x50  Code  Lc  main.o [1]
MX_USART1_UART_Init      0x800'17fb   0x3c  Code  Lc  main.o [1]
MemManage_Handler        0x800'778f    0x2  Code  Gb  stm32l4xx_it.o [1]
NMI_Handler              0x800'7785    0x2  Code  Gb  stm32l4xx_it.o [1]
NVIC_EncodePriority      0x800'45cf   0x40  Code  Lc  stm32l4xx_hal_cortex.o [1]
PCD_EP_ISR_Handler       0x800'5cef  0x396  Code  Lc  stm32l4xx_hal_pcd.o [1]
PendSV_Handler           0x800'7799    0x2  Code  Gb  stm32l4xx_it.o [1]
RCCEx_PLLSAI1_Config     0x800'32e1  0x236  Code  Lc  stm32l4xx_hal_rcc_ex.o [1]
RCC_SetFlashLatencyFromMSIRange
                         0x800'0d19   0x8a  Code  Lc  stm32l4xx_hal_rcc.o [1]
Region$$Table$$Base      0x800'7850          --   Gb  - Linker created -
Region$$Table$$Limit     0x800'7874          --   Gb  - Linker created -
SPI_EndRxTxTransaction   0x800'4505   0x6a  Code  Lc  stm32l4xx_hal_spi.o [1]
SPI_WaitFifoStateUntilTimeout
                         0x800'4461   0xa4  Code  Lc  stm32l4xx_hal_spi.o [1]
SPI_WaitFlagStateUntilTimeout
                         0x800'43c1   0xa0  Code  Lc  stm32l4xx_hal_spi.o [1]
SVC_Handler              0x800'7795    0x2  Code  Gb  stm32l4xx_it.o [1]
Sim_Response             0x800'1505   0xbe  Code  Gb  main.o [1]
Sim_Rxdata              0x2000'05f4    0x2  Data  Gb  main.o [1]
Sim_response            0x2000'0280  0x1f4  Data  Gb  main.o [1]
Sim_sendCommand          0x800'1415   0xe6  Code  Gb  main.o [1]
So_Tien_Pay             0x2000'05d8   0x10  Data  Gb  main.o [1]
SysTick_Config           0x800'462d   0x36  Code  Lc  stm32l4xx_hal_cortex.o [1]
SysTick_Handler          0x800'779b    0x8  Code  Gb  stm32l4xx_it.o [1]
SystemClockConfig_Resume
                         0x800'6391    0x8  Code  Lc  usbd_conf.o [1]
SystemClock_Config       0x800'15c9   0xc0  Code  Gb  main.o [1]
SystemCoreClock         0x2000'0008    0x4  Data  Gb  system_stm32l4xx.o [1]
SystemInit               0x800'76d5   0x42  Code  Gb  system_stm32l4xx.o [1]
UART_AdvFeatureConfig    0x800'2a33  0x1f2  Code  Gb  stm32l4xx_hal_uart.o [1]
UART_CheckIdleState      0x800'2c51   0x68  Code  Gb  stm32l4xx_hal_uart.o [1]
UART_SetConfig           0x800'2591  0x4a2  Code  Gb  stm32l4xx_hal_uart.o [1]
UART_WaitOnFlagUntilTimeout
                         0x800'2cb9   0x6a  Code  Gb  stm32l4xx_hal_uart.o [1]
USBD_ClrClassConfig      0x800'63cb   0x18  Code  Gb  usbd_core.o [1]
USBD_ClrFeature          0x800'6dad   0x2e  Code  Lc  usbd_ctlreq.o [1]
USBD_CtlContinueRx       0x800'6e61   0x1a  Code  Gb  usbd_ioreq.o [1]
USBD_CtlContinueSendData
                         0x800'6e47   0x1a  Code  Gb  usbd_ioreq.o [1]
USBD_CtlError            0x800'6e03   0x18  Code  Gb  usbd_ctlreq.o [1]
USBD_CtlReceiveStatus    0x800'6e95   0x1a  Code  Gb  usbd_ioreq.o [1]
USBD_CtlSendData         0x800'6e1b   0x2c  Code  Gb  usbd_ioreq.o [1]
USBD_CtlSendStatus       0x800'6e7b   0x1a  Code  Gb  usbd_ioreq.o [1]
USBD_GetConfig           0x800'6cf9   0x4e  Code  Lc  usbd_ctlreq.o [1]
USBD_GetDescriptor       0x800'6a45  0x178  Code  Lc  usbd_ctlreq.o [1]
USBD_GetStatus           0x800'6d47   0x4c  Code  Lc  usbd_ctlreq.o [1]
USBD_LL_ClearStallEP     0x800'61e5   0x42  Code  Gb  usbd_conf.o [1]
USBD_LL_DataInStage      0x800'64f9  0x10c  Code  Gb  usbd_core.o [1]
USBD_LL_DataOutStage     0x800'644b   0xae  Code  Gb  usbd_core.o [1]
USBD_LL_IsStallEP        0x800'6227   0x2e  Code  Gb  usbd_conf.o [1]
USBD_LL_OpenEP           0x800'614d   0x56  Code  Gb  usbd_conf.o [1]
USBD_LL_PrepareReceive   0x800'62eb   0x54  Code  Gb  usbd_conf.o [1]
USBD_LL_Reset            0x800'6605   0x60  Code  Gb  usbd_core.o [1]
USBD_LL_Resume           0x800'6681    0xe  Code  Gb  usbd_core.o [1]
USBD_LL_SOF              0x800'668f   0x24  Code  Gb  usbd_core.o [1]
USBD_LL_SetSpeed         0x800'6665    0x8  Code  Gb  usbd_core.o [1]
USBD_LL_SetUSBAddress    0x800'6255   0x42  Code  Gb  usbd_conf.o [1]
USBD_LL_SetupStage       0x800'63e3   0x68  Code  Gb  usbd_core.o [1]
USBD_LL_StallEP          0x800'61a3   0x42  Code  Gb  usbd_conf.o [1]
USBD_LL_Suspend          0x800'666d   0x14  Code  Gb  usbd_core.o [1]
USBD_LL_Transmit         0x800'6297   0x54  Code  Gb  usbd_conf.o [1]
USBD_ParseSetupRequest   0x800'6ddb   0x28  Code  Gb  usbd_ctlreq.o [1]
USBD_RunTestMode         0x800'6399    0x6  Code  Gb  usbd_core.o [1]
USBD_SetAddress          0x800'6bbd   0x68  Code  Lc  usbd_ctlreq.o [1]
USBD_SetClassConfig      0x800'639f   0x2c  Code  Gb  usbd_core.o [1]
USBD_SetConfig           0x800'6c25   0xce  Code  Lc  usbd_ctlreq.o [1]
USBD_SetConfig::cfgidx  0x2000'05f8    0x1  Data  Lc  usbd_ctlreq.o [1]
USBD_SetFeature          0x800'6d93   0x1a  Code  Lc  usbd_ctlreq.o [1]
USBD_StdDevReq           0x800'66b5   0xa6  Code  Gb  usbd_ctlreq.o [1]
USBD_StdEPReq            0x800'67c9  0x27c  Code  Gb  usbd_ctlreq.o [1]
USBD_StdItfReq           0x800'675b   0x6e  Code  Gb  usbd_ctlreq.o [1]
USB_ActivateEndpoint     0x800'504b  0x368  Code  Gb  stm32l4xx_ll_usb.o [1]
USB_EP0_OutStart         0x800'5801    0x6  Code  Gb  stm32l4xx_ll_usb.o [1]
USB_EPClearStall         0x800'5737   0xae  Code  Gb  stm32l4xx_ll_usb.o [1]
USB_EPSetStall           0x800'56ed   0x4a  Code  Gb  stm32l4xx_ll_usb.o [1]
USB_EPStartXfer          0x800'53b3  0x33a  Code  Gb  stm32l4xx_ll_usb.o [1]
USB_IRQHandler           0x800'77a3    0xa  Code  Gb  stm32l4xx_it.o [1]
USB_ReadInterrupts       0x800'57f9    0x8  Code  Gb  stm32l4xx_ll_usb.o [1]
USB_ReadPMA              0x800'5859   0x56  Code  Gb  stm32l4xx_ll_usb.o [1]
USB_SetDevAddress        0x800'57e5   0x14  Code  Gb  stm32l4xx_ll_usb.o [1]
USB_WritePMA             0x800'5807   0x52  Code  Gb  stm32l4xx_ll_usb.o [1]
UsageFault_Handler       0x800'7793    0x2  Code  Gb  stm32l4xx_it.o [1]
WakeUp_CR95HF            0x800'1a4b    0x8  Code  Gb  nfcm1833_module.o [1]
WakeUp_TinZ              0x800'4cdd   0x70  Code  Gb  nfcm1833tinz.o [1]
__NVIC_GetPriorityGrouping
                         0x800'4593    0xc  Code  Lc  stm32l4xx_hal_cortex.o [1]
__NVIC_SetPriority       0x800'459f   0x30  Code  Lc  stm32l4xx_hal_cortex.o [1]
__NVIC_SetPriorityGrouping
                         0x800'4571   0x22  Code  Lc  stm32l4xx_hal_cortex.o [1]
__NVIC_SystemReset       0x800'460f   0x1e  Code  Lc  stm32l4xx_hal_cortex.o [1]
__aeabi_ldiv0            0x800'5049         Code  Gb  I64DivZer.o [4]
__aeabi_memcpy           0x800'1bd1         Code  Gb  ABImemcpy.o [4]
__aeabi_memcpy4          0x800'1bf1         Code  Gb  ABImemcpy.o [4]
__aeabi_memcpy8          0x800'1bf1         Code  Gb  ABImemcpy.o [4]
__aeabi_memset           0x800'2d89         Code  Gb  ABImemset.o [4]
__aeabi_uldivmod         0x800'4d4d         Code  Gb  I64DivMod.o [4]
__cmain                  0x800'78b5         Code  Gb  cmain.o [4]
__exit                   0x800'78e9   0x14  Code  Gb  exit.o [5]
__iar_Memset             0x800'2d89         Code  Gb  ABImemset.o [4]
__iar_Memset_word        0x800'2d91         Code  Gb  ABImemset.o [4]
__iar_Strchr             0x800'4f7d         Code  Gb  strchr.o [4]
__iar_copy_init3         0x800'1ba3   0x2e  Code  Gb  copy_init3.o [4]
__iar_data_init3         0x800'7805   0x28  Code  Gb  data_init.o [4]
__iar_init_vfp           0x800'782d         Code  Gb  fpinit_M.o [3]
__iar_program_start      0x800'7991         Code  Gb  cstartup_M.o [4]
__iar_zero_init3         0x800'1a53   0x3a  Code  Gb  zero_init3.o [4]
__low_level_init         0x800'78d3    0x4  Code  Gb  low_level_init.o [2]
__vector_table           0x800'0000         Data  Gb  startup_stm32l432xx.o [1]
_call_main               0x800'78c1         Code  Gb  cmain.o [4]
_exit                    0x800'78dd         Code  Gb  cexit.o [4]
_main                    0x800'78cf         Code  Gb  cmain.o [4]
assert_failed            0x800'18bf    0x2  Code  Gb  main.o [1]
crcx25                   0x800'4c91   0x1e  Code  Lc  nfcm1833tinz.o [1]
deleteBuffer             0x800'13fb   0x1a  Code  Gb  main.o [1]
display                  0x800'13dd   0x1e  Code  Gb  main.o [1]
encode4byte              0x800'1c77   0xf0  Code  Gb  bcdencode.o [1]
encode8byte_little_edian
                         0x800'1d67  0x158  Code  Gb  bcdencode.o [1]
exit                     0x800'78d7    0x4  Code  Gb  exit.o [2]
getDeviceID              0x800'1a3f    0xc  Code  Gb  nfcm1833_module.o [1]
getDeviceID_spi          0x800'4c4f   0x42  Code  Gb  nfcm1833tinz.o [1]
hcrc                    0x2000'05a4   0x24  Data  Gb  main.o [1]
hi2c1                   0x2000'0558   0x4c  Data  Gb  main.o [1]
hpcd_USB_FS             0x2000'000c  0x274  Data  Gb  usbd_conf.o [1]
huart1                  0x2000'0474   0x80  Data  Gb  main.o [1]
idTag                   0x2000'05e8    0x8  Data  Gb  main.o [1]
idTagBCD                0x2000'05c8   0x10  Data  Gb  main.o [1]
lcd_clear_display        0x800'1b77    0xa  Code  Gb  i2c-lcd.o [1]
lcd_goto_XY              0x800'1b81   0x22  Code  Gb  i2c-lcd.o [1]
lcd_init                 0x800'1b09   0x58  Code  Gb  i2c-lcd.o [1]
lcd_send_cmd             0x800'1a8d   0x3c  Code  Gb  i2c-lcd.o [1]
lcd_send_data            0x800'1ac9   0x3c  Code  Gb  i2c-lcd.o [1]
lcd_send_string          0x800'1b61   0x16  Code  Gb  i2c-lcd.o [1]
main                     0x800'0de1  0x53c  Code  Gb  main.o [1]
memset                   0x800'5035   0x14  Code  Gb  memset.o [4]
permissReadTag          0x2000'05f6    0x1  Data  Gb  main.o [1]
ping_module              0x800'1a37    0x8  Code  Gb  nfcm1833_module.o [1]
ping_module_spi          0x800'4a69   0x4e  Code  Gb  nfcm1833tinz.o [1]
select_tag_type          0x800'1a29    0xe  Code  Gb  nfcm1833_module.o [1]
select_tag_type_spi      0x800'4b67   0x22  Code  Gb  nfcm1833tinz.o [1]
select_tag_type_spi_tag_type_4a
                         0x800'4b0f   0x58  Code  Lc  nfcm1833tinz.o [1]
select_tag_type_spi_tag_type_5
                         0x800'4ab7   0x58  Code  Lc  nfcm1833tinz.o [1]
sendrecv_spi             0x800'4b89   0xc6  Code  Gb  nfcm1833tinz.o [1]
spi_polling_data_cr95hf
                         0x800'4955   0x84  Code  Lc  nfcm1833tinz.o [1]
spi_recv_data_from_cr95hf
                         0x800'49d9   0x90  Code  Lc  nfcm1833tinz.o [1]
spi_send_data_to_cr95hf
                         0x800'48cd   0x88  Code  Lc  nfcm1833tinz.o [1]
spi_to_nfcm1833tinz     0x2000'04f4   0x64  Data  Gb  main.o [1]
strchr                   0x800'4f7d         Code  Gb  strchr.o [4]
strlen                   0x800'2d25         Code  Gb  strlen.o [4]
strstr                   0x800'2d5b   0x2c  Code  Gb  strstr.o [2]
uwTick                  0x2000'05f0    0x4  Data  Gb  stm32l4xx_hal.o [1]
uwTickFreq              0x2000'0004    0x4  Data  Gb  stm32l4xx_hal.o [1]
uwTickPrio              0x2000'0000    0x4  Data  Gb  stm32l4xx_hal.o [1]
viTriTien               0x2000'05f7    0x1  Data  Gb  main.o [1]


[1] = E:\Firmware\CodeTestL432KC\ReaderSIM\Firmware_L432KC\EWARM\NFC_L432KC\Obj
[2] = dl7M_tlf.a
[3] = m7M_tls.a
[4] = rt7M_tl.a
[5] = shb_l.a

  28'913 bytes of readonly  code memory
   2'519 bytes of readonly  data memory
   2'553 bytes of readwrite data memory

Errors: none
Warnings: none
