###############################################################################
#
# IAR ELF Linker V8.40.1.212/W32 for ARM                  27/May/2020  17:13:16
# Copyright 2007-2019 IAR Systems AB.
#
#    Output file  =
#        E:\Firmware\CodeTestL432KC\ReaderSIM\Firmware_L432KC\EWARM\NFC_L432KC\Exe\NFC_L432KC.out
#    Map file     =
#        E:\Firmware\CodeTestL432KC\ReaderSIM\Firmware_L432KC\EWARM\NFC_L432KC\List\NFC_L432KC.map
#    Command line =
#        -f C:\Users\ANNGUY~1\AppData\Local\Temp\EW348F.tmp
#        (E:\Firmware\CodeTestL432KC\ReaderSIM\Firmware_L432KC\EWARM\NFC_L432KC\Obj\bcdencode.o
#        E:\Firmware\CodeTestL432KC\ReaderSIM\Firmware_L432KC\EWARM\NFC_L432KC\Obj\i2c-lcd.o
#        E:\Firmware\CodeTestL432KC\ReaderSIM\Firmware_L432KC\EWARM\NFC_L432KC\Obj\main.o
#        E:\Firmware\CodeTestL432KC\ReaderSIM\Firmware_L432KC\EWARM\NFC_L432KC\Obj\ndef.o
#        E:\Firmware\CodeTestL432KC\ReaderSIM\Firmware_L432KC\EWARM\NFC_L432KC\Obj\nfcm1833_module.o
#        E:\Firmware\CodeTestL432KC\ReaderSIM\Firmware_L432KC\EWARM\NFC_L432KC\Obj\nfcm1833tiny.o
#        E:\Firmware\CodeTestL432KC\ReaderSIM\Firmware_L432KC\EWARM\NFC_L432KC\Obj\nfcm1833tinz.o
#        E:\Firmware\CodeTestL432KC\ReaderSIM\Firmware_L432KC\EWARM\NFC_L432KC\Obj\startup_stm32l432xx.o
#        E:\Firmware\CodeTestL432KC\ReaderSIM\Firmware_L432KC\EWARM\NFC_L432KC\Obj\stm32l4xx_hal.o
#        E:\Firmware\CodeTestL432KC\ReaderSIM\Firmware_L432KC\EWARM\NFC_L432KC\Obj\stm32l4xx_hal_cortex.o
#        E:\Firmware\CodeTestL432KC\ReaderSIM\Firmware_L432KC\EWARM\NFC_L432KC\Obj\stm32l4xx_hal_crc.o
#        E:\Firmware\CodeTestL432KC\ReaderSIM\Firmware_L432KC\EWARM\NFC_L432KC\Obj\stm32l4xx_hal_crc_ex.o
#        E:\Firmware\CodeTestL432KC\ReaderSIM\Firmware_L432KC\EWARM\NFC_L432KC\Obj\stm32l4xx_hal_dma.o
#        E:\Firmware\CodeTestL432KC\ReaderSIM\Firmware_L432KC\EWARM\NFC_L432KC\Obj\stm32l4xx_hal_dma_ex.o
#        E:\Firmware\CodeTestL432KC\ReaderSIM\Firmware_L432KC\EWARM\NFC_L432KC\Obj\stm32l4xx_hal_exti.o
#        E:\Firmware\CodeTestL432KC\ReaderSIM\Firmware_L432KC\EWARM\NFC_L432KC\Obj\stm32l4xx_hal_flash.o
#        E:\Firmware\CodeTestL432KC\ReaderSIM\Firmware_L432KC\EWARM\NFC_L432KC\Obj\stm32l4xx_hal_flash_ex.o
#        E:\Firmware\CodeTestL432KC\ReaderSIM\Firmware_L432KC\EWARM\NFC_L432KC\Obj\stm32l4xx_hal_flash_ramfunc.o
#        E:\Firmware\CodeTestL432KC\ReaderSIM\Firmware_L432KC\EWARM\NFC_L432KC\Obj\stm32l4xx_hal_gpio.o
#        E:\Firmware\CodeTestL432KC\ReaderSIM\Firmware_L432KC\EWARM\NFC_L432KC\Obj\stm32l4xx_hal_i2c.o
#        E:\Firmware\CodeTestL432KC\ReaderSIM\Firmware_L432KC\EWARM\NFC_L432KC\Obj\stm32l4xx_hal_i2c_ex.o
#        E:\Firmware\CodeTestL432KC\ReaderSIM\Firmware_L432KC\EWARM\NFC_L432KC\Obj\stm32l4xx_hal_msp.o
#        E:\Firmware\CodeTestL432KC\ReaderSIM\Firmware_L432KC\EWARM\NFC_L432KC\Obj\stm32l4xx_hal_pcd.o
#        E:\Firmware\CodeTestL432KC\ReaderSIM\Firmware_L432KC\EWARM\NFC_L432KC\Obj\stm32l4xx_hal_pcd_ex.o
#        E:\Firmware\CodeTestL432KC\ReaderSIM\Firmware_L432KC\EWARM\NFC_L432KC\Obj\stm32l4xx_hal_pwr.o
#        E:\Firmware\CodeTestL432KC\ReaderSIM\Firmware_L432KC\EWARM\NFC_L432KC\Obj\stm32l4xx_hal_pwr_ex.o
#        E:\Firmware\CodeTestL432KC\ReaderSIM\Firmware_L432KC\EWARM\NFC_L432KC\Obj\stm32l4xx_hal_rcc.o
#        E:\Firmware\CodeTestL432KC\ReaderSIM\Firmware_L432KC\EWARM\NFC_L432KC\Obj\stm32l4xx_hal_rcc_ex.o
#        E:\Firmware\CodeTestL432KC\ReaderSIM\Firmware_L432KC\EWARM\NFC_L432KC\Obj\stm32l4xx_hal_spi.o
#        E:\Firmware\CodeTestL432KC\ReaderSIM\Firmware_L432KC\EWARM\NFC_L432KC\Obj\stm32l4xx_hal_spi_ex.o
#        E:\Firmware\CodeTestL432KC\ReaderSIM\Firmware_L432KC\EWARM\NFC_L432KC\Obj\stm32l4xx_hal_tim.o
#        E:\Firmware\CodeTestL432KC\ReaderSIM\Firmware_L432KC\EWARM\NFC_L432KC\Obj\stm32l4xx_hal_tim_ex.o
#        E:\Firmware\CodeTestL432KC\ReaderSIM\Firmware_L432KC\EWARM\NFC_L432KC\Obj\stm32l4xx_hal_uart.o
#        E:\Firmware\CodeTestL432KC\ReaderSIM\Firmware_L432KC\EWARM\NFC_L432KC\Obj\stm32l4xx_hal_uart_ex.o
#        E:\Firmware\CodeTestL432KC\ReaderSIM\Firmware_L432KC\EWARM\NFC_L432KC\Obj\stm32l4xx_it.o
#        E:\Firmware\CodeTestL432KC\ReaderSIM\Firmware_L432KC\EWARM\NFC_L432KC\Obj\stm32l4xx_ll_usb.o
#        E:\Firmware\CodeTestL432KC\ReaderSIM\Firmware_L432KC\EWARM\NFC_L432KC\Obj\system_stm32l4xx.o
#        E:\Firmware\CodeTestL432KC\ReaderSIM\Firmware_L432KC\EWARM\NFC_L432KC\Obj\usbd_cdc.o
#        E:\Firmware\CodeTestL432KC\ReaderSIM\Firmware_L432KC\EWARM\NFC_L432KC\Obj\usbd_cdc_vcp.o
#        E:\Firmware\CodeTestL432KC\ReaderSIM\Firmware_L432KC\EWARM\NFC_L432KC\Obj\usbd_conf.o
#        E:\Firmware\CodeTestL432KC\ReaderSIM\Firmware_L432KC\EWARM\NFC_L432KC\Obj\usbd_core.o
#        E:\Firmware\CodeTestL432KC\ReaderSIM\Firmware_L432KC\EWARM\NFC_L432KC\Obj\usbd_ctlreq.o
#        E:\Firmware\CodeTestL432KC\ReaderSIM\Firmware_L432KC\EWARM\NFC_L432KC\Obj\usbd_desc.o
#        E:\Firmware\CodeTestL432KC\ReaderSIM\Firmware_L432KC\EWARM\NFC_L432KC\Obj\usbd_hid.o
#        E:\Firmware\CodeTestL432KC\ReaderSIM\Firmware_L432KC\EWARM\NFC_L432KC\Obj\usbd_hid_keyboard.o
#        E:\Firmware\CodeTestL432KC\ReaderSIM\Firmware_L432KC\EWARM\NFC_L432KC\Obj\usbd_ioreq.o
#        --redirect _Printf=_PrintfFull --redirect _Scanf=_ScanfFull
#        --no_out_extension -o
#        E:\Firmware\CodeTestL432KC\ReaderSIM\Firmware_L432KC\EWARM\NFC_L432KC\Exe\NFC_L432KC.out
#        --map
#        E:\Firmware\CodeTestL432KC\ReaderSIM\Firmware_L432KC\EWARM\NFC_L432KC\List\NFC_L432KC.map
#        --config
#        E:\Firmware\CodeTestL432KC\ReaderSIM\Firmware_L432KC\EWARM/stm32l432xx_flash.icf
#        --semihosting --entry __iar_program_start --vfe --text_out locale)
#
###############################################################################

*******************************************************************************
*** RUNTIME MODEL ATTRIBUTES
***

CppFlavor       = *
__SystemLibrary = DLib
__dlib_version  = 6


*******************************************************************************
*** HEAP SELECTION
***

The basic heap was selected because no calls to memory allocation
functions were found in the application outside of system library
functions, and there are calls to deallocation functions in the
application.


*******************************************************************************
*** PLACEMENT SUMMARY
***

"A0":  place at address 0x800'0000 { ro section .intvec };
"P1":  place in [from 0x800'0000 to 0x803'ffff] { ro };
define block CSTACK with size = 1K, alignment = 8 { };
define block HEAP with size = 512, alignment = 8 { };
"P2":  place in [from 0x2000'0000 to 0x2000'ffff] {
          rw, block CSTACK, block HEAP };
initialize by copy { rw };

  Section            Kind         Address    Size  Object
  -------            ----         -------    ----  ------
"A0":                                       0x18c
  .intvec            ro code   0x800'0000   0x18c  startup_stm32l432xx.o [1]
                             - 0x800'018c   0x18c

"P1":                                      0x52f0
  .text              ro code   0x800'018c   0x96c  stm32l4xx_hal_rcc.o [1]
  .text              ro code   0x800'0af8    0x44  stm32l4xx_hal.o [1]
  .text              ro code   0x800'0b3c     0xc  stm32l4xx_hal.o [1]
  .text              ro code   0x800'0b48   0x2d4  main.o [1]
  .text              ro code   0x800'0e1c    0x9c  stm32l4xx_hal_pwr_ex.o [1]
  .text              ro code   0x800'0eb8   0x124  stm32l4xx_hal_cortex.o [1]
  .text              ro code   0x800'0fdc    0x1e  stm32l4xx_hal.o [1]
  .text              ro code   0x800'0ffa    0x3a  zero_init3.o [4]
  .text              ro code   0x800'1034   0x1ce  stm32l4xx_hal_crc.o [1]
  .text              ro code   0x800'1202    0x2e  copy_init3.o [4]
  .text              ro code   0x800'1230   0x4c0  stm32l4xx_hal_i2c.o [1]
  .text              ro code   0x800'16f0    0xfc  stm32l4xx_hal_i2c_ex.o [1]
  .text              ro code   0x800'17ec   0x5d8  stm32l4xx_hal_spi.o [1]
  .text              ro code   0x800'1dc4   0x736  stm32l4xx_hal_uart.o [1]
  .text              ro code   0x800'24fa    0x10  nfcm1833_module.o [1]
  .text              ro code   0x800'250c    0xdc  i2c-lcd.o [1]
  .text              ro code   0x800'25e8    0x28  stm32l4xx_hal.o [1]
  .text              ro code   0x800'2610   0x164  bcdencode.o [1]
  .text              ro code   0x800'2774    0x14  strlen_small.o [4]
  .text              ro code   0x800'2788    0x14  memset.o [4]
  .text              ro code   0x800'279c   0x596  stm32l4xx_hal_rcc_ex.o [1]
  .text              ro code   0x800'2d34   0x1cc  stm32l4xx_hal_msp.o [1]
  .text              ro code   0x800'2f00    0x78  stm32l4xx_hal_crc_ex.o [1]
  .text              ro code   0x800'2f78   0x106  I64DivMod_small.o [4]
  .text              ro code   0x800'3080   0x348  nfcm1833tinz.o [1]
  .text              ro code   0x800'33c8    0x66  ABImemset.o [4]
  .text              ro code   0x800'3430   0x2c6  stm32l4xx_hal_gpio.o [1]
  .text              ro code   0x800'36f8     0x2  I64DivZer.o [4]
  .text              ro code   0x800'36fc     0x6  ABImemclr4.o [4]
  .text              ro code   0x800'3704    0x18  ABImemcpy_small.o [4]
  .text              ro code   0x800'371c    0x32  ABImemset48.o [4]
  .text              ro code   0x800'3750   0x58a  stm32l4xx_hal_pcd.o [1]
  .text              ro code   0x800'3cdc   0x198  usbd_conf.o [1]
  .text              ro code   0x800'3e74   0x4cc  stm32l4xx_ll_usb.o [1]
  .text              ro code   0x800'4340   0x236  usbd_core.o [1]
  .text              ro code   0x800'4578   0x40c  usbd_ctlreq.o [1]
  .text              ro code   0x800'4984    0x4c  usbd_ioreq.o [1]
  .rodata            const     0x800'49d0   0x200  nfcm1833tinz.o [1]
  .rodata            const     0x800'4bd0    0x88  stm32l4xx_hal_cortex.o [1]
  .rodata            const     0x800'4c58    0x88  stm32l4xx_hal_crc_ex.o [1]
  .rodata            const     0x800'4ce0    0x88  stm32l4xx_hal_i2c_ex.o [1]
  .rodata            const     0x800'4d68    0x88  stm32l4xx_hal_pwr_ex.o [1]
  .rodata            const     0x800'4df0    0x88  stm32l4xx_hal_rcc_ex.o [1]
  .rodata            const     0x800'4e78    0x84  stm32l4xx_hal_crc.o [1]
  .rodata            const     0x800'4efc    0x84  stm32l4xx_hal_gpio.o [1]
  .rodata            const     0x800'4f80    0x84  stm32l4xx_hal_i2c.o [1]
  .rodata            const     0x800'5004    0x84  stm32l4xx_hal_rcc.o [1]
  .rodata            const     0x800'5088    0x84  stm32l4xx_hal_spi.o [1]
  .rodata            const     0x800'510c    0x84  stm32l4xx_hal_uart.o [1]
  .text              ro code   0x800'5190    0x5c  system_stm32l4xx.o [1]
  .rodata            const     0x800'51ec    0x50  nfcm1833tinz.o [1]
  .rodata            const     0x800'523c    0x30  system_stm32l4xx.o [1]
  .text              ro code   0x800'526c    0x2a  stm32l4xx_it.o [1]
  .text              ro code   0x800'5298    0x10  stm32l4xx_hal.o [1]
  .text              ro code   0x800'52a8    0x28  data_init.o [4]
  .text              ro code   0x800'52d0    0x22  fpinit_M.o [3]
  .iar.init_table    const     0x800'52f4    0x24  - Linker created -
  .text              ro code   0x800'5318    0x1e  cmain.o [4]
  .text              ro code   0x800'5336     0x4  low_level_init.o [2]
  .text              ro code   0x800'533a     0x4  exit.o [2]
  .text              ro code   0x800'5340     0xa  cexit.o [4]
  .text              ro code   0x800'534c    0x14  exit.o [5]
  .text              ro code   0x800'5360    0x10  startup_stm32l432xx.o [1]
  Initializer bytes  const     0x800'5370    0x10  <for P2-1>
  .text              ro code   0x800'5380     0xc  cstartup_M.o [4]
  .rodata            const     0x800'538c     0x8  system_stm32l4xx.o [1]
  .text              ro code   0x800'5394     0x4  startup_stm32l432xx.o [1]
  .text              ro code   0x800'5398     0x4  startup_stm32l432xx.o [1]
  .text              ro code   0x800'539c     0x4  startup_stm32l432xx.o [1]
  .text              ro code   0x800'53a0     0x4  startup_stm32l432xx.o [1]
  .text              ro code   0x800'53a4     0x4  startup_stm32l432xx.o [1]
  .text              ro code   0x800'53a8     0x4  startup_stm32l432xx.o [1]
  .text              ro code   0x800'53ac     0x4  startup_stm32l432xx.o [1]
  .text              ro code   0x800'53b0     0x4  startup_stm32l432xx.o [1]
  .text              ro code   0x800'53b4     0x4  startup_stm32l432xx.o [1]
  .text              ro code   0x800'53b8     0x4  startup_stm32l432xx.o [1]
  .text              ro code   0x800'53bc     0x4  startup_stm32l432xx.o [1]
  .text              ro code   0x800'53c0     0x4  startup_stm32l432xx.o [1]
  .text              ro code   0x800'53c4     0x4  startup_stm32l432xx.o [1]
  .text              ro code   0x800'53c8     0x4  startup_stm32l432xx.o [1]
  .text              ro code   0x800'53cc     0x4  startup_stm32l432xx.o [1]
  .text              ro code   0x800'53d0     0x4  startup_stm32l432xx.o [1]
  .text              ro code   0x800'53d4     0x4  startup_stm32l432xx.o [1]
  .text              ro code   0x800'53d8     0x4  startup_stm32l432xx.o [1]
  .text              ro code   0x800'53dc     0x4  startup_stm32l432xx.o [1]
  .text              ro code   0x800'53e0     0x4  startup_stm32l432xx.o [1]
  .text              ro code   0x800'53e4     0x4  startup_stm32l432xx.o [1]
  .text              ro code   0x800'53e8     0x4  startup_stm32l432xx.o [1]
  .text              ro code   0x800'53ec     0x4  startup_stm32l432xx.o [1]
  .text              ro code   0x800'53f0     0x4  startup_stm32l432xx.o [1]
  .text              ro code   0x800'53f4     0x4  startup_stm32l432xx.o [1]
  .text              ro code   0x800'53f8     0x4  startup_stm32l432xx.o [1]
  .text              ro code   0x800'53fc     0x4  startup_stm32l432xx.o [1]
  .text              ro code   0x800'5400     0x4  startup_stm32l432xx.o [1]
  .text              ro code   0x800'5404     0x4  startup_stm32l432xx.o [1]
  .text              ro code   0x800'5408     0x4  startup_stm32l432xx.o [1]
  .text              ro code   0x800'540c     0x4  startup_stm32l432xx.o [1]
  .text              ro code   0x800'5410     0x4  startup_stm32l432xx.o [1]
  .text              ro code   0x800'5414     0x4  startup_stm32l432xx.o [1]
  .text              ro code   0x800'5418     0x4  startup_stm32l432xx.o [1]
  .text              ro code   0x800'541c     0x4  startup_stm32l432xx.o [1]
  .text              ro code   0x800'5420     0x4  startup_stm32l432xx.o [1]
  .text              ro code   0x800'5424     0x4  startup_stm32l432xx.o [1]
  .text              ro code   0x800'5428     0x4  startup_stm32l432xx.o [1]
  .text              ro code   0x800'542c     0x4  startup_stm32l432xx.o [1]
  .text              ro code   0x800'5430     0x4  startup_stm32l432xx.o [1]
  .text              ro code   0x800'5434     0x4  startup_stm32l432xx.o [1]
  .text              ro code   0x800'5438     0x4  startup_stm32l432xx.o [1]
  .text              ro code   0x800'543c     0x4  startup_stm32l432xx.o [1]
  .text              ro code   0x800'5440     0x4  startup_stm32l432xx.o [1]
  .text              ro code   0x800'5444     0x4  startup_stm32l432xx.o [1]
  .text              ro code   0x800'5448     0x4  startup_stm32l432xx.o [1]
  .text              ro code   0x800'544c     0x4  startup_stm32l432xx.o [1]
  .text              ro code   0x800'5450     0x4  startup_stm32l432xx.o [1]
  .text              ro code   0x800'5454     0x4  startup_stm32l432xx.o [1]
  .text              ro code   0x800'5458     0x4  startup_stm32l432xx.o [1]
  .text              ro code   0x800'545c     0x4  startup_stm32l432xx.o [1]
  .text              ro code   0x800'5460     0x4  startup_stm32l432xx.o [1]
  .text              ro code   0x800'5464     0x4  startup_stm32l432xx.o [1]
  .text              ro code   0x800'5468     0x4  startup_stm32l432xx.o [1]
  .text              ro code   0x800'546c     0x4  startup_stm32l432xx.o [1]
  .text              ro code   0x800'5470     0x4  startup_stm32l432xx.o [1]
  .text              ro code   0x800'5474     0x4  startup_stm32l432xx.o [1]
  .text              ro code   0x800'5478     0x4  startup_stm32l432xx.o [1]
  .rodata            const     0x800'547c     0x0  zero_init3.o [4]
  .rodata            const     0x800'547c     0x0  copy_init3.o [4]
                             - 0x800'547c  0x52f0

"P2", part 1 of 3:                           0x10
  P2-1                        0x2000'0000    0x10  <Init block>
    .data            inited   0x2000'0000     0xc  stm32l4xx_hal.o [1]
    .data            inited   0x2000'000c     0x4  system_stm32l4xx.o [1]
                            - 0x2000'0010    0x10

"P2", part 2 of 3:                          0x464
  .bss               zero     0x2000'0010   0x274  usbd_conf.o [1]
  .bss               zero     0x2000'0284    0xec  main.o [1]
  .bss               zero     0x2000'0370    0x80  main.o [1]
  .bss               zero     0x2000'03f0    0x80  main.o [1]
  .bss               zero     0x2000'0470     0x1  usbd_ctlreq.o [1]
                            - 0x2000'0471   0x461

"P2", part 3 of 3:                          0x400
  CSTACK                      0x2000'0478   0x400  <Block>
    CSTACK           uninit   0x2000'0478   0x400  <Block tail>
                            - 0x2000'0878   0x400

Unused ranges:

         From           To      Size
         ----           --      ----
   0x800'547c   0x803'ffff  0x3'ab84
  0x2000'0474  0x2000'0477       0x4
  0x2000'0878  0x2000'ffff    0xf788


*******************************************************************************
*** INIT TABLE
***

          Address      Size
          -------      ----
Zero (__iar_zero_init3)
    1 destination range, total size 0x461:
          0x2000'0010  0x461

Copy (__iar_copy_init3)
    1 source range, total size 0x10:
           0x800'5370   0x10
    1 destination range, total size 0x10:
          0x2000'0000   0x10



*******************************************************************************
*** MODULE SUMMARY
***

    Module                  ro code  ro data  rw data
    ------                  -------  -------  -------
command line/config:
    -------------------------------------------------
    Total:

E:\Firmware\CodeTestL432KC\ReaderSIM\Firmware_L432KC\EWARM\NFC_L432KC\Obj: [1]
    bcdencode.o                 356
    i2c-lcd.o                   220
    main.o                      724               492
    nfcm1833_module.o            16
    nfcm1833tinz.o              840      592
    startup_stm32l432xx.o       644
    stm32l4xx_hal.o             166       12       12
    stm32l4xx_hal_cortex.o      292      136
    stm32l4xx_hal_crc.o         462      132
    stm32l4xx_hal_crc_ex.o      120      136
    stm32l4xx_hal_gpio.o        710      132
    stm32l4xx_hal_i2c.o       1'216      132
    stm32l4xx_hal_i2c_ex.o      252      136
    stm32l4xx_hal_msp.o         460
    stm32l4xx_hal_pcd.o       1'418
    stm32l4xx_hal_pwr_ex.o      156      136
    stm32l4xx_hal_rcc.o       2'412      132
    stm32l4xx_hal_rcc_ex.o    1'430      136
    stm32l4xx_hal_spi.o       1'496      132
    stm32l4xx_hal_uart.o      1'846      132
    stm32l4xx_it.o               42
    stm32l4xx_ll_usb.o        1'228
    system_stm32l4xx.o           92       60        4
    usbd_conf.o                 408               628
    usbd_core.o                 566
    usbd_ctlreq.o             1'036                 1
    usbd_ioreq.o                 76
    -------------------------------------------------
    Total:                   18'684    2'136    1'137

dl7M_tlf.a: [2]
    exit.o                        4
    low_level_init.o              4
    -------------------------------------------------
    Total:                        8

m7M_tls.a: [3]
    fpinit_M.o                   34
    -------------------------------------------------
    Total:                       34

rt7M_tl.a: [4]
    ABImemclr4.o                  6
    ABImemcpy_small.o            24
    ABImemset.o                 102
    ABImemset48.o                50
    I64DivMod_small.o           262
    I64DivZer.o                   2
    cexit.o                      10
    cmain.o                      30
    copy_init3.o                 46
    cstartup_M.o                 12
    data_init.o                  40
    memset.o                     20
    strlen_small.o               20
    zero_init3.o                 58
    -------------------------------------------------
    Total:                      682

shb_l.a: [5]
    exit.o                       20
    -------------------------------------------------
    Total:                       20

    Gaps                         26        2
    Linker created                        36    1'024
-----------------------------------------------------
    Grand Total:             19'454    2'174    2'161


*******************************************************************************
*** ENTRY LIST
***

Entry                       Address   Size  Type      Object
-----                       -------   ----  ----      ------
.iar.init_table$$Base    0x800'52f4          --   Gb  - Linker created -
.iar.init_table$$Limit   0x800'5318          --   Gb  - Linker created -
?main                    0x800'5319         Code  Gb  cmain.o [4]
AHBPrescTable            0x800'51dc   0x10  Data  Gb  system_stm32l4xx.o [1]
APBPrescTable            0x800'538c    0x8  Data  Gb  system_stm32l4xx.o [1]
BusFault_Handler         0x800'5279    0x2  Code  Gb  stm32l4xx_it.o [1]
CRC_Handle_16            0x800'11d5   0x2e  Code  Lc  stm32l4xx_hal_crc.o [1]
CRC_Handle_8             0x800'116d   0x68  Code  Lc  stm32l4xx_hal_crc.o [1]
CSTACK$$Base            0x2000'0478          --   Gb  - Linker created -
CSTACK$$Limit           0x2000'0878          --   Gb  - Linker created -
DebugMon_Handler         0x800'527f    0x2  Code  Gb  stm32l4xx_it.o [1]
EXTI0_IRQHandler         0x800'5291    0x6  Code  Gb  stm32l4xx_it.o [1]
Error_Handler            0x800'0dff    0x2  Code  Gb  main.o [1]
HAL_CRCEx_Polynomial_Set
                         0x800'2f01   0x6c  Code  Gb  stm32l4xx_hal_crc_ex.o [1]
HAL_CRC_Calculate        0x800'1125   0x42  Code  Gb  stm32l4xx_hal_crc.o [1]
HAL_CRC_Init             0x800'1035   0xdc  Code  Gb  stm32l4xx_hal_crc.o [1]
HAL_CRC_MspInit          0x800'2d61   0x22  Code  Gb  stm32l4xx_hal_msp.o [1]
HAL_Delay                0x800'25e9   0x28  Code  Wk  stm32l4xx_hal.o [1]
HAL_GPIO_EXTI_IRQHandler
                         0x800'36ab   0x10  Code  Gb  stm32l4xx_hal_gpio.o [1]
HAL_GPIO_Init            0x800'3431  0x236  Code  Gb  stm32l4xx_hal_gpio.o [1]
HAL_GPIO_WritePin        0x800'3679   0x32  Code  Gb  stm32l4xx_hal_gpio.o [1]
HAL_GetTick              0x800'0b3d    0xc  Code  Wk  stm32l4xx_hal.o [1]
HAL_I2CEx_ConfigAnalogFilter
                         0x800'16f1   0x66  Code  Gb  stm32l4xx_hal_i2c_ex.o [1]
HAL_I2CEx_ConfigDigitalFilter
                         0x800'1757   0x46  Code  Gb  stm32l4xx_hal_i2c_ex.o [1]
HAL_I2C_Init             0x800'1231  0x156  Code  Gb  stm32l4xx_hal_i2c.o [1]
HAL_I2C_Master_Transmit
                         0x800'139d   0x8e  Code  Gb  stm32l4xx_hal_i2c.o [1]
HAL_I2C_MspInit          0x800'2d83   0x5e  Code  Gb  stm32l4xx_hal_msp.o [1]
HAL_IncTick              0x800'5299   0x10  Code  Wk  stm32l4xx_hal.o [1]
HAL_Init                 0x800'0fdd   0x1e  Code  Gb  stm32l4xx_hal.o [1]
HAL_InitTick             0x800'0af9   0x44  Code  Wk  stm32l4xx_hal.o [1]
HAL_MspInit              0x800'2d35   0x2c  Code  Gb  stm32l4xx_hal_msp.o [1]
HAL_NVIC_SetPriority     0x800'0f11   0x62  Code  Gb  stm32l4xx_hal_cortex.o [1]
HAL_NVIC_SetPriorityGrouping
                         0x800'0ed7   0x3a  Code  Gb  stm32l4xx_hal_cortex.o [1]
HAL_NVIC_SystemReset     0x800'0f73   0x1e  Code  Gb  stm32l4xx_hal_cortex.o [1]
HAL_PCDEx_LPM_Callback   0x800'3e2f   0x40  Code  Gb  usbd_conf.o [1]
HAL_PCD_DataInStageCallback
                         0x800'3cf9    0xe  Code  Gb  usbd_conf.o [1]
HAL_PCD_DataOutStageCallback
                         0x800'3ce9   0x10  Code  Gb  usbd_conf.o [1]
HAL_PCD_EP_ClrStall      0x800'3c75   0x2e  Code  Gb  stm32l4xx_hal_pcd.o [1]
HAL_PCD_EP_Open          0x800'3b73   0x54  Code  Gb  stm32l4xx_hal_pcd.o [1]
HAL_PCD_EP_Receive       0x800'3bc7   0x1e  Code  Gb  stm32l4xx_hal_pcd.o [1]
HAL_PCD_EP_SetStall      0x800'3c0f   0x5e  Code  Gb  stm32l4xx_hal_pcd.o [1]
HAL_PCD_EP_Transmit      0x800'3be5   0x1c  Code  Gb  stm32l4xx_hal_pcd.o [1]
HAL_PCD_IRQHandler       0x800'3751  0x396  Code  Gb  stm32l4xx_hal_pcd.o [1]
HAL_PCD_ResetCallback    0x800'3d0f   0x24  Code  Gb  usbd_conf.o [1]
HAL_PCD_ResumeCallback   0x800'3d4f   0x22  Code  Gb  usbd_conf.o [1]
HAL_PCD_SOFCallback      0x800'3d07    0x8  Code  Gb  usbd_conf.o [1]
HAL_PCD_SetAddress       0x800'3b4f   0x1c  Code  Gb  stm32l4xx_hal_pcd.o [1]
HAL_PCD_SetupStageCallback
                         0x800'3cdd    0xc  Code  Gb  usbd_conf.o [1]
HAL_PCD_SuspendCallback
                         0x800'3d33   0x1c  Code  Gb  usbd_conf.o [1]
HAL_PWREx_ControlVoltageScaling
                         0x800'0e29   0x78  Code  Gb  stm32l4xx_hal_pwr_ex.o [1]
HAL_PWREx_GetVoltageRange
                         0x800'0e1d    0xc  Code  Gb  stm32l4xx_hal_pwr_ex.o [1]
HAL_RCCEx_PeriphCLKConfig
                         0x800'279d  0x3aa  Code  Gb  stm32l4xx_hal_rcc_ex.o [1]
HAL_RCC_ClockConfig      0x800'07ab  0x1be  Code  Gb  stm32l4xx_hal_rcc.o [1]
HAL_RCC_GetPCLK1Freq     0x800'0a17   0x10  Code  Gb  stm32l4xx_hal_rcc.o [1]
HAL_RCC_GetPCLK2Freq     0x800'0a27    0xe  Code  Gb  stm32l4xx_hal_rcc.o [1]
HAL_RCC_GetSysClockFreq
                         0x800'0985   0x92  Code  Gb  stm32l4xx_hal_rcc.o [1]
HAL_RCC_OscConfig        0x800'018d  0x5fa  Code  Gb  stm32l4xx_hal_rcc.o [1]
HAL_SPI_Init             0x800'17ed  0x1dc  Code  Gb  stm32l4xx_hal_spi.o [1]
HAL_SPI_MspInit          0x800'2de1    0x4  Code  Gb  stm32l4xx_hal_msp.o [1]
HAL_SPI_TransmitReceive
                         0x800'19e9  0x24e  Code  Gb  stm32l4xx_hal_spi.o [1]
HAL_SYSTICK_Config       0x800'0f91   0x2a  Code  Gb  stm32l4xx_hal_cortex.o [1]
HAL_UART_Init            0x800'1dc5   0x6c  Code  Gb  stm32l4xx_hal_uart.o [1]
HAL_UART_MspInit         0x800'2e4f   0x5c  Code  Gb  stm32l4xx_hal_msp.o [1]
HAL_UART_Transmit        0x800'1e7d   0xb4  Code  Gb  stm32l4xx_hal_uart.o [1]
HardFault_Handler        0x800'526f    0x8  Code  Gb  stm32l4xx_it.o [1]
I2C_Flush_TXDR           0x800'14fd   0x1c  Code  Lc  stm32l4xx_hal_i2c.o [1]
I2C_IsAcknowledgeFailed
                         0x800'15e3   0x6c  Code  Lc  stm32l4xx_hal_i2c.o [1]
I2C_TransferConfig       0x800'164f   0x82  Code  Lc  stm32l4xx_hal_i2c.o [1]
I2C_WaitOnFlagUntilTimeout
                         0x800'1519   0x42  Code  Lc  stm32l4xx_hal_i2c.o [1]
I2C_WaitOnSTOPFlagUntilTimeout
                         0x800'15ab   0x30  Code  Lc  stm32l4xx_hal_i2c.o [1]
I2C_WaitOnTXISFlagUntilTimeout
                         0x800'155b   0x38  Code  Lc  stm32l4xx_hal_i2c.o [1]
MSIRangeTable            0x800'523c   0x30  Data  Gb  system_stm32l4xx.o [1]
MemManage_Handler        0x800'5277    0x2  Code  Gb  stm32l4xx_it.o [1]
NMI_Handler              0x800'526d    0x2  Code  Gb  stm32l4xx_it.o [1]
PendSV_Handler           0x800'5281    0x2  Code  Gb  stm32l4xx_it.o [1]
RCCEx_PLLSAI1_Config     0x800'2b65  0x1a4  Code  Lc  stm32l4xx_hal_rcc_ex.o [1]
RCC_SetFlashLatencyFromMSIRange
                         0x800'0a4d   0x74  Code  Lc  stm32l4xx_hal_rcc.o [1]
Region$$Table$$Base      0x800'52f4          --   Gb  - Linker created -
Region$$Table$$Limit     0x800'5318          --   Gb  - Linker created -
SPI_EndRxTxTransaction   0x800'1d7d   0x2e  Code  Lc  stm32l4xx_hal_spi.o [1]
SPI_WaitFifoStateUntilTimeout
                         0x800'1cd7   0x8e  Code  Lc  stm32l4xx_hal_spi.o [1]
SPI_WaitFlagStateUntilTimeout
                         0x800'1c4d   0x8a  Code  Lc  stm32l4xx_hal_spi.o [1]
SVC_Handler              0x800'527d    0x2  Code  Gb  stm32l4xx_it.o [1]
SysTick_Handler          0x800'5283    0x4  Code  Gb  stm32l4xx_it.o [1]
SystemClock_Config       0x800'0d75   0x8a  Code  Gb  main.o [1]
SystemCoreClock         0x2000'000c    0x4  Data  Gb  system_stm32l4xx.o [1]
SystemInit               0x800'5191   0x3c  Code  Gb  system_stm32l4xx.o [1]
UART_AdvFeatureConfig    0x800'2253  0x1b4  Code  Gb  stm32l4xx_hal_uart.o [1]
UART_CheckIdleState      0x800'243b   0x5a  Code  Gb  stm32l4xx_hal_uart.o [1]
UART_SetConfig           0x800'1f41  0x300  Code  Gb  stm32l4xx_hal_uart.o [1]
UART_WaitOnFlagUntilTimeout
                         0x800'2495   0x5a  Code  Gb  stm32l4xx_hal_uart.o [1]
USBD_ClrClassConfig      0x800'4357    0xa  Code  Gb  usbd_core.o [1]
USBD_CtlContinueRx       0x800'49a5    0x4  Code  Gb  usbd_ioreq.o [1]
USBD_CtlContinueSendData
                         0x800'4995    0x4  Code  Gb  usbd_ioreq.o [1]
USBD_CtlError            0x800'496f   0x16  Code  Gb  usbd_ctlreq.o [1]
USBD_CtlReceiveStatus    0x800'49c3    0xe  Code  Gb  usbd_ioreq.o [1]
USBD_CtlSendData         0x800'4985   0x10  Code  Gb  usbd_ioreq.o [1]
USBD_CtlSendStatus       0x800'49b5    0xe  Code  Gb  usbd_ioreq.o [1]
USBD_LL_ClearStallEP     0x800'3dab   0x1a  Code  Gb  usbd_conf.o [1]
USBD_LL_DataInStage      0x800'4437   0xae  Code  Gb  usbd_core.o [1]
USBD_LL_DataOutStage     0x800'43b5   0x7a  Code  Gb  usbd_core.o [1]
USBD_LL_IsStallEP        0x800'3dc5   0x1c  Code  Gb  usbd_conf.o [1]
USBD_LL_OpenEP           0x800'3d71   0x20  Code  Gb  usbd_conf.o [1]
USBD_LL_PrepareReceive   0x800'3e15   0x1a  Code  Gb  usbd_conf.o [1]
USBD_LL_Reset            0x800'44e5   0x52  Code  Gb  usbd_core.o [1]
USBD_LL_Resume           0x800'454d    0xc  Code  Gb  usbd_core.o [1]
USBD_LL_SOF              0x800'4559   0x18  Code  Gb  usbd_core.o [1]
USBD_LL_SetSpeed         0x800'4537    0x6  Code  Gb  usbd_core.o [1]
USBD_LL_SetUSBAddress    0x800'3de1   0x1a  Code  Gb  usbd_conf.o [1]
USBD_LL_SetupStage       0x800'4361   0x54  Code  Gb  usbd_core.o [1]
USBD_LL_StallEP          0x800'3d91   0x1a  Code  Gb  usbd_conf.o [1]
USBD_LL_Suspend          0x800'453d   0x10  Code  Gb  usbd_core.o [1]
USBD_LL_Transmit         0x800'3dfb   0x1a  Code  Gb  usbd_conf.o [1]
USBD_ParseSetupRequest   0x800'4945   0x2a  Code  Gb  usbd_ctlreq.o [1]
USBD_SetClassConfig      0x800'4341   0x16  Code  Gb  usbd_core.o [1]
USBD_SetConfig::cfgidx  0x2000'0470    0x1  Data  Lc  usbd_ctlreq.o [1]
USBD_StdDevReq           0x800'4579  0x24a  Code  Gb  usbd_ctlreq.o [1]
USBD_StdEPReq            0x800'481d  0x11a  Code  Gb  usbd_ctlreq.o [1]
USBD_StdItfReq           0x800'47c9   0x42  Code  Gb  usbd_ctlreq.o [1]
USB_ActivateEndpoint     0x800'3e75  0x250  Code  Gb  stm32l4xx_ll_usb.o [1]
USB_EP0_OutStart         0x800'42f5    0x4  Code  Gb  stm32l4xx_ll_usb.o [1]
USB_EPClearStall         0x800'4269   0x7a  Code  Gb  stm32l4xx_ll_usb.o [1]
USB_EPSetStall           0x800'4237   0x32  Code  Gb  stm32l4xx_ll_usb.o [1]
USB_EPStartXfer          0x800'40c5  0x14e  Code  Gb  stm32l4xx_ll_usb.o [1]
USB_IRQHandler           0x800'5287    0x6  Code  Gb  stm32l4xx_it.o [1]
USB_ReadInterrupts       0x800'42ef    0x6  Code  Gb  stm32l4xx_ll_usb.o [1]
USB_ReadPMA              0x800'431b   0x26  Code  Gb  stm32l4xx_ll_usb.o [1]
USB_SetDevAddress        0x800'42e3    0xc  Code  Gb  stm32l4xx_ll_usb.o [1]
USB_WritePMA             0x800'42f9   0x22  Code  Gb  stm32l4xx_ll_usb.o [1]
UsageFault_Handler       0x800'527b    0x2  Code  Gb  stm32l4xx_it.o [1]
WakeUp_CR95HF            0x800'2507    0x4  Code  Gb  nfcm1833_module.o [1]
WakeUp_TinZ              0x800'3355   0x58  Code  Gb  nfcm1833tinz.o [1]
__NVIC_SetPriority       0x800'0eb9   0x1e  Code  Lc  stm32l4xx_hal_cortex.o [1]
__aeabi_ldiv0            0x800'36f9         Code  Gb  I64DivZer.o [4]
__aeabi_memclr4          0x800'36fd         Code  Gb  ABImemclr4.o [4]
__aeabi_memset           0x800'33c9         Code  Gb  ABImemset.o [4]
__cmain                  0x800'5319         Code  Gb  cmain.o [4]
__exit                   0x800'534d   0x14  Code  Gb  exit.o [5]
__iar_Memset             0x800'33c9         Code  Gb  ABImemset.o [4]
__iar_Memset4_word       0x800'371d         Code  Gb  ABImemset48.o [4]
__iar_Memset8_word       0x800'371d         Code  Gb  ABImemset48.o [4]
__iar_Memset_word        0x800'33d1         Code  Gb  ABImemset.o [4]
__iar_copy_init3         0x800'1203   0x2e  Code  Gb  copy_init3.o [4]
__iar_data_init3         0x800'52a9   0x28  Code  Gb  data_init.o [4]
__iar_init_vfp           0x800'52d1         Code  Gb  fpinit_M.o [3]
__iar_program_start      0x800'5381         Code  Gb  cstartup_M.o [4]
__iar_small_Memcpy       0x800'3709         Code  Gb  ABImemcpy_small.o [4]
__iar_small_memcpy       0x800'3705         Code  Gb  ABImemcpy_small.o [4]
__iar_small_memcpy4      0x800'3705         Code  Gb  ABImemcpy_small.o [4]
__iar_small_memcpy8      0x800'3705         Code  Gb  ABImemcpy_small.o [4]
__iar_small_strlen       0x800'2775         Code  Gb  strlen_small.o [4]
__iar_small_uldivmod     0x800'2f79         Code  Gb  I64DivMod_small.o [4]
__iar_zero_init3         0x800'0ffb   0x3a  Code  Gb  zero_init3.o [4]
__low_level_init         0x800'5337    0x4  Code  Gb  low_level_init.o [2]
__vector_table           0x800'0000         Data  Gb  startup_stm32l432xx.o [1]
_call_main               0x800'5325         Code  Gb  cmain.o [4]
_exit                    0x800'5341         Code  Gb  cexit.o [4]
_main                    0x800'5333         Code  Gb  cmain.o [4]
assert_failed            0x800'0e01    0x2  Code  Gb  main.o [1]
crcx25                   0x800'332d   0x18  Code  Lc  nfcm1833tinz.o [1]
display                  0x800'0d33   0x1a  Code  Gb  main.o [1]
encode4byte              0x800'2611   0x7c  Code  Gb  bcdencode.o [1]
encode8byte_little_edian
                         0x800'268d   0xd6  Code  Gb  bcdencode.o [1]
exit                     0x800'533b    0x4  Code  Gb  exit.o [2]
getDeviceID              0x800'2503    0x4  Code  Gb  nfcm1833_module.o [1]
getDeviceID_spi          0x800'330d   0x1e  Code  Gb  nfcm1833tinz.o [1]
hcrc                    0x2000'028c   0x24  Data  Gb  main.o [1]
hi2c1                   0x2000'0324   0x4c  Data  Gb  main.o [1]
hpcd_USB_FS             0x2000'0010  0x274  Data  Gb  usbd_conf.o [1]
huart1                  0x2000'03f0   0x80  Data  Gb  main.o [1]
huart2                  0x2000'0370   0x80  Data  Gb  main.o [1]
idTag                   0x2000'0284    0x8  Data  Gb  main.o [1]
idTagBCD                0x2000'02b0   0x10  Data  Gb  main.o [1]
lcd_clear_display        0x800'25d5    0x4  Code  Gb  i2c-lcd.o [1]
lcd_goto_XY              0x800'25d9   0x10  Code  Gb  i2c-lcd.o [1]
lcd_init                 0x800'256d   0x4c  Code  Gb  i2c-lcd.o [1]
lcd_send_cmd             0x800'250d   0x22  Code  Gb  i2c-lcd.o [1]
lcd_send_data            0x800'252f   0x20  Code  Gb  i2c-lcd.o [1]
lcd_send_string          0x800'25bf   0x16  Code  Gb  i2c-lcd.o [1]
main                     0x800'0b49  0x1d0  Code  Gb  main.o [1]
memset                   0x800'2789   0x14  Code  Gb  memset.o [4]
ping_module              0x800'24ff    0x4  Code  Gb  nfcm1833_module.o [1]
ping_module_spi          0x800'31d5   0x40  Code  Gb  nfcm1833tinz.o [1]
select_tag_type          0x800'24fb    0x4  Code  Gb  nfcm1833_module.o [1]
select_tag_type_spi      0x800'3215   0x66  Code  Gb  nfcm1833tinz.o [1]
sendrecv_spi             0x800'327b   0x88  Code  Gb  nfcm1833tinz.o [1]
spi_polling_data_cr95hf
                         0x800'30e5   0x64  Code  Lc  nfcm1833tinz.o [1]
spi_recv_data_from_cr95hf
                         0x800'3155   0x62  Code  Lc  nfcm1833tinz.o [1]
spi_send_data_to_cr95hf
                         0x800'3081   0x64  Code  Lc  nfcm1833tinz.o [1]
spi_to_nfcm1833tinz     0x2000'02c0   0x64  Data  Gb  main.o [1]
uwTick                  0x2000'0000    0x4  Data  Gb  stm32l4xx_hal.o [1]
uwTickFreq              0x2000'0008    0x4  Data  Gb  stm32l4xx_hal.o [1]
uwTickPrio              0x2000'0004    0x4  Data  Gb  stm32l4xx_hal.o [1]


[1] = E:\Firmware\CodeTestL432KC\ReaderSIM\Firmware_L432KC\EWARM\NFC_L432KC\Obj
[2] = dl7M_tlf.a
[3] = m7M_tls.a
[4] = rt7M_tl.a
[5] = shb_l.a

  19'454 bytes of readonly  code memory
   2'174 bytes of readonly  data memory
   2'161 bytes of readwrite data memory

Errors: none
Warnings: none
