###############################################################################
#
# IAR ELF Linker V8.40.1.212/W32 for ARM                  23/Jun/2020  17:53:22
# Copyright 2007-2019 IAR Systems AB.
#
#    Output file  =
#        E:\Firmware\CodeTestL432KC\ReaderSIM\Firmware_L432KC\EWARM\NFC_L432KC\Exe\NFC_L432KC.out
#    Map file     =
#        E:\Firmware\CodeTestL432KC\ReaderSIM\Firmware_L432KC\EWARM\NFC_L432KC\List\NFC_L432KC.map
#    Command line =
#        -f C:\Users\ANNGUY~1\AppData\Local\Temp\EW92C.tmp
#        (E:\Firmware\CodeTestL432KC\ReaderSIM\Firmware_L432KC\EWARM\NFC_L432KC\Obj\bcdencode.o
#        E:\Firmware\CodeTestL432KC\ReaderSIM\Firmware_L432KC\EWARM\NFC_L432KC\Obj\i2c-lcd.o
#        E:\Firmware\CodeTestL432KC\ReaderSIM\Firmware_L432KC\EWARM\NFC_L432KC\Obj\main.o
#        E:\Firmware\CodeTestL432KC\ReaderSIM\Firmware_L432KC\EWARM\NFC_L432KC\Obj\ndef.o
#        E:\Firmware\CodeTestL432KC\ReaderSIM\Firmware_L432KC\EWARM\NFC_L432KC\Obj\nfcm1833_module.o
#        E:\Firmware\CodeTestL432KC\ReaderSIM\Firmware_L432KC\EWARM\NFC_L432KC\Obj\nfcm1833tiny.o
#        E:\Firmware\CodeTestL432KC\ReaderSIM\Firmware_L432KC\EWARM\NFC_L432KC\Obj\nfcm1833tinz.o
#        E:\Firmware\CodeTestL432KC\ReaderSIM\Firmware_L432KC\EWARM\NFC_L432KC\Obj\startup_stm32l432xx.o
#        E:\Firmware\CodeTestL432KC\ReaderSIM\Firmware_L432KC\EWARM\NFC_L432KC\Obj\stm32l4xx_hal.o
#        E:\Firmware\CodeTestL432KC\ReaderSIM\Firmware_L432KC\EWARM\NFC_L432KC\Obj\stm32l4xx_hal_cortex.o
#        E:\Firmware\CodeTestL432KC\ReaderSIM\Firmware_L432KC\EWARM\NFC_L432KC\Obj\stm32l4xx_hal_crc.o
#        E:\Firmware\CodeTestL432KC\ReaderSIM\Firmware_L432KC\EWARM\NFC_L432KC\Obj\stm32l4xx_hal_crc_ex.o
#        E:\Firmware\CodeTestL432KC\ReaderSIM\Firmware_L432KC\EWARM\NFC_L432KC\Obj\stm32l4xx_hal_dma.o
#        E:\Firmware\CodeTestL432KC\ReaderSIM\Firmware_L432KC\EWARM\NFC_L432KC\Obj\stm32l4xx_hal_dma_ex.o
#        E:\Firmware\CodeTestL432KC\ReaderSIM\Firmware_L432KC\EWARM\NFC_L432KC\Obj\stm32l4xx_hal_exti.o
#        E:\Firmware\CodeTestL432KC\ReaderSIM\Firmware_L432KC\EWARM\NFC_L432KC\Obj\stm32l4xx_hal_flash.o
#        E:\Firmware\CodeTestL432KC\ReaderSIM\Firmware_L432KC\EWARM\NFC_L432KC\Obj\stm32l4xx_hal_flash_ex.o
#        E:\Firmware\CodeTestL432KC\ReaderSIM\Firmware_L432KC\EWARM\NFC_L432KC\Obj\stm32l4xx_hal_flash_ramfunc.o
#        E:\Firmware\CodeTestL432KC\ReaderSIM\Firmware_L432KC\EWARM\NFC_L432KC\Obj\stm32l4xx_hal_gpio.o
#        E:\Firmware\CodeTestL432KC\ReaderSIM\Firmware_L432KC\EWARM\NFC_L432KC\Obj\stm32l4xx_hal_i2c.o
#        E:\Firmware\CodeTestL432KC\ReaderSIM\Firmware_L432KC\EWARM\NFC_L432KC\Obj\stm32l4xx_hal_i2c_ex.o
#        E:\Firmware\CodeTestL432KC\ReaderSIM\Firmware_L432KC\EWARM\NFC_L432KC\Obj\stm32l4xx_hal_msp.o
#        E:\Firmware\CodeTestL432KC\ReaderSIM\Firmware_L432KC\EWARM\NFC_L432KC\Obj\stm32l4xx_hal_pcd.o
#        E:\Firmware\CodeTestL432KC\ReaderSIM\Firmware_L432KC\EWARM\NFC_L432KC\Obj\stm32l4xx_hal_pcd_ex.o
#        E:\Firmware\CodeTestL432KC\ReaderSIM\Firmware_L432KC\EWARM\NFC_L432KC\Obj\stm32l4xx_hal_pwr.o
#        E:\Firmware\CodeTestL432KC\ReaderSIM\Firmware_L432KC\EWARM\NFC_L432KC\Obj\stm32l4xx_hal_pwr_ex.o
#        E:\Firmware\CodeTestL432KC\ReaderSIM\Firmware_L432KC\EWARM\NFC_L432KC\Obj\stm32l4xx_hal_rcc.o
#        E:\Firmware\CodeTestL432KC\ReaderSIM\Firmware_L432KC\EWARM\NFC_L432KC\Obj\stm32l4xx_hal_rcc_ex.o
#        E:\Firmware\CodeTestL432KC\ReaderSIM\Firmware_L432KC\EWARM\NFC_L432KC\Obj\stm32l4xx_hal_spi.o
#        E:\Firmware\CodeTestL432KC\ReaderSIM\Firmware_L432KC\EWARM\NFC_L432KC\Obj\stm32l4xx_hal_spi_ex.o
#        E:\Firmware\CodeTestL432KC\ReaderSIM\Firmware_L432KC\EWARM\NFC_L432KC\Obj\stm32l4xx_hal_tim.o
#        E:\Firmware\CodeTestL432KC\ReaderSIM\Firmware_L432KC\EWARM\NFC_L432KC\Obj\stm32l4xx_hal_tim_ex.o
#        E:\Firmware\CodeTestL432KC\ReaderSIM\Firmware_L432KC\EWARM\NFC_L432KC\Obj\stm32l4xx_hal_uart.o
#        E:\Firmware\CodeTestL432KC\ReaderSIM\Firmware_L432KC\EWARM\NFC_L432KC\Obj\stm32l4xx_hal_uart_ex.o
#        E:\Firmware\CodeTestL432KC\ReaderSIM\Firmware_L432KC\EWARM\NFC_L432KC\Obj\stm32l4xx_it.o
#        E:\Firmware\CodeTestL432KC\ReaderSIM\Firmware_L432KC\EWARM\NFC_L432KC\Obj\stm32l4xx_ll_usb.o
#        E:\Firmware\CodeTestL432KC\ReaderSIM\Firmware_L432KC\EWARM\NFC_L432KC\Obj\system_stm32l4xx.o
#        E:\Firmware\CodeTestL432KC\ReaderSIM\Firmware_L432KC\EWARM\NFC_L432KC\Obj\usbd_cdc.o
#        E:\Firmware\CodeTestL432KC\ReaderSIM\Firmware_L432KC\EWARM\NFC_L432KC\Obj\usbd_cdc_vcp.o
#        E:\Firmware\CodeTestL432KC\ReaderSIM\Firmware_L432KC\EWARM\NFC_L432KC\Obj\usbd_conf.o
#        E:\Firmware\CodeTestL432KC\ReaderSIM\Firmware_L432KC\EWARM\NFC_L432KC\Obj\usbd_core.o
#        E:\Firmware\CodeTestL432KC\ReaderSIM\Firmware_L432KC\EWARM\NFC_L432KC\Obj\usbd_ctlreq.o
#        E:\Firmware\CodeTestL432KC\ReaderSIM\Firmware_L432KC\EWARM\NFC_L432KC\Obj\usbd_desc.o
#        E:\Firmware\CodeTestL432KC\ReaderSIM\Firmware_L432KC\EWARM\NFC_L432KC\Obj\usbd_hid.o
#        E:\Firmware\CodeTestL432KC\ReaderSIM\Firmware_L432KC\EWARM\NFC_L432KC\Obj\usbd_hid_keyboard.o
#        E:\Firmware\CodeTestL432KC\ReaderSIM\Firmware_L432KC\EWARM\NFC_L432KC\Obj\usbd_ioreq.o
#        --redirect _Printf=_PrintfFull --redirect _Scanf=_ScanfFull
#        --no_out_extension -o
#        E:\Firmware\CodeTestL432KC\ReaderSIM\Firmware_L432KC\EWARM\NFC_L432KC\Exe\NFC_L432KC.out
#        --map
#        E:\Firmware\CodeTestL432KC\ReaderSIM\Firmware_L432KC\EWARM\NFC_L432KC\List\NFC_L432KC.map
#        --config
#        E:\Firmware\CodeTestL432KC\ReaderSIM\Firmware_L432KC\EWARM/stm32l432xx_flash.icf
#        --semihosting --entry __iar_program_start --vfe --text_out locale)
#
###############################################################################

*******************************************************************************
*** RUNTIME MODEL ATTRIBUTES
***

CppFlavor       = *
__SystemLibrary = DLib
__dlib_version  = 6


*******************************************************************************
*** HEAP SELECTION
***

The basic heap was selected because no calls to memory allocation
functions were found in the application outside of system library
functions, and there are calls to deallocation functions in the
application.


*******************************************************************************
*** PLACEMENT SUMMARY
***

"A0":  place at address 0x800'0000 { ro section .intvec };
"P1":  place in [from 0x800'0000 to 0x803'ffff] { ro };
define block CSTACK with size = 1K, alignment = 8 { };
define block HEAP with size = 512, alignment = 8 { };
"P2":  place in [from 0x2000'0000 to 0x2000'ffff] {
          rw, block CSTACK, block HEAP };
initialize by copy { rw };

  Section            Kind         Address    Size  Object
  -------            ----         -------    ----  ------
"A0":                                       0x18c
  .intvec            ro code   0x800'0000   0x18c  startup_stm32l432xx.o [1]
                             - 0x800'018c   0x18c

"P1":                                      0x5adc
  .text              ro code   0x800'018c   0x96c  stm32l4xx_hal_rcc.o [1]
  .text              ro code   0x800'0af8    0x44  stm32l4xx_hal.o [1]
  .text              ro code   0x800'0b3c     0xc  stm32l4xx_hal.o [1]
  .text              ro code   0x800'0b48   0x90c  main.o [1]
  .text              ro code   0x800'1454    0x9c  stm32l4xx_hal_pwr_ex.o [1]
  .text              ro code   0x800'14f0   0x124  stm32l4xx_hal_cortex.o [1]
  .text              ro code   0x800'1614    0x1e  stm32l4xx_hal.o [1]
  .text              ro code   0x800'1632    0x14  memset.o [4]
  .text              ro code   0x800'1646    0x3a  zero_init3.o [4]
  .text              ro code   0x800'1680   0x2e2  stm32l4xx_hal_gpio.o [1]
  .text              ro code   0x800'1962    0x2e  copy_init3.o [4]
  .text              ro code   0x800'1990   0x1ce  stm32l4xx_hal_crc.o [1]
  .text              ro code   0x800'1b60   0x4c0  stm32l4xx_hal_i2c.o [1]
  .text              ro code   0x800'2020    0xfc  stm32l4xx_hal_i2c_ex.o [1]
  .text              ro code   0x800'211c   0x5d8  stm32l4xx_hal_spi.o [1]
  .text              ro code   0x800'26f4   0x80e  stm32l4xx_hal_uart.o [1]
  .text              ro code   0x800'2f04    0x28  stm32l4xx_hal.o [1]
  .text              ro code   0x800'2f2c    0x10  nfcm1833_module.o [1]
  .text              ro code   0x800'2f3c    0xdc  i2c-lcd.o [1]
  .text              ro code   0x800'3018    0x18  ABImemcpy_small.o [4]
  .text              ro code   0x800'3030   0x164  bcdencode.o [1]
  .text              ro code   0x800'3194    0x14  strlen_small.o [4]
  .text              ro code   0x800'31a8     0x6  ABImemclr.o [4]
  .text              ro code   0x800'31ae    0x2c  strstr.o [2]
  .text              ro code   0x800'31dc   0x596  stm32l4xx_hal_rcc_ex.o [1]
  .text              ro code   0x800'3774   0x1ac  stm32l4xx_hal_msp.o [1]
  .text              ro code   0x800'3920    0x66  ABImemset.o [4]
  .text              ro code   0x800'3988    0x78  stm32l4xx_hal_crc_ex.o [1]
  .text              ro code   0x800'3a00   0x106  I64DivMod_small.o [4]
  .text              ro code   0x800'3b08   0x350  nfcm1833tinz.o [1]
  .text              ro code   0x800'3e58    0x16  strchr.o [4]
  .text              ro code   0x800'3e70     0x2  I64DivZer.o [4]
  .text              ro code   0x800'3e74     0x6  ABImemclr4.o [4]
  .text              ro code   0x800'3e7c    0x32  ABImemset48.o [4]
  .text              ro code   0x800'3eb0   0x58a  stm32l4xx_hal_pcd.o [1]
  .text              ro code   0x800'443c   0x198  usbd_conf.o [1]
  .text              ro code   0x800'45d4   0x4cc  stm32l4xx_ll_usb.o [1]
  .text              ro code   0x800'4aa0   0x236  usbd_core.o [1]
  .text              ro code   0x800'4cd8   0x40c  usbd_ctlreq.o [1]
  .text              ro code   0x800'50e4    0x4c  usbd_ioreq.o [1]
  .rodata            const     0x800'5130   0x200  nfcm1833tinz.o [1]
  .rodata            const     0x800'5330    0x8c  main.o [1]
  .rodata            const     0x800'53bc    0x88  stm32l4xx_hal_cortex.o [1]
  .rodata            const     0x800'5444    0x88  stm32l4xx_hal_crc_ex.o [1]
  .rodata            const     0x800'54cc    0x88  stm32l4xx_hal_i2c_ex.o [1]
  .rodata            const     0x800'5554    0x88  stm32l4xx_hal_pwr_ex.o [1]
  .rodata            const     0x800'55dc    0x88  stm32l4xx_hal_rcc_ex.o [1]
  .rodata            const     0x800'5664    0x84  stm32l4xx_hal_crc.o [1]
  .rodata            const     0x800'56e8    0x84  stm32l4xx_hal_gpio.o [1]
  .rodata            const     0x800'576c    0x84  stm32l4xx_hal_i2c.o [1]
  .rodata            const     0x800'57f0    0x84  stm32l4xx_hal_rcc.o [1]
  .rodata            const     0x800'5874    0x84  stm32l4xx_hal_spi.o [1]
  .rodata            const     0x800'58f8    0x84  stm32l4xx_hal_uart.o [1]
  .text              ro code   0x800'597c    0x5c  system_stm32l4xx.o [1]
  .rodata            const     0x800'59d8    0x50  nfcm1833tinz.o [1]
  .rodata            const     0x800'5a28    0x30  system_stm32l4xx.o [1]
  .text              ro code   0x800'5a58    0x2a  stm32l4xx_it.o [1]
  .text              ro code   0x800'5a84    0x10  stm32l4xx_hal.o [1]
  .text              ro code   0x800'5a94    0x28  data_init.o [4]
  .text              ro code   0x800'5abc    0x22  fpinit_M.o [3]
  .iar.init_table    const     0x800'5ae0    0x24  - Linker created -
  .text              ro code   0x800'5b04    0x1e  cmain.o [4]
  .text              ro code   0x800'5b22     0x4  low_level_init.o [2]
  .text              ro code   0x800'5b26     0x4  exit.o [2]
  .text              ro code   0x800'5b2c     0xa  cexit.o [4]
  .text              ro code   0x800'5b38    0x14  exit.o [5]
  .text              ro code   0x800'5b4c    0x10  startup_stm32l432xx.o [1]
  Initializer bytes  const     0x800'5b5c    0x10  <for P2-1>
  .text              ro code   0x800'5b6c     0xc  cstartup_M.o [4]
  .rodata            const     0x800'5b78     0x8  system_stm32l4xx.o [1]
  .text              ro code   0x800'5b80     0x4  startup_stm32l432xx.o [1]
  .text              ro code   0x800'5b84     0x4  startup_stm32l432xx.o [1]
  .text              ro code   0x800'5b88     0x4  startup_stm32l432xx.o [1]
  .text              ro code   0x800'5b8c     0x4  startup_stm32l432xx.o [1]
  .text              ro code   0x800'5b90     0x4  startup_stm32l432xx.o [1]
  .text              ro code   0x800'5b94     0x4  startup_stm32l432xx.o [1]
  .text              ro code   0x800'5b98     0x4  startup_stm32l432xx.o [1]
  .text              ro code   0x800'5b9c     0x4  startup_stm32l432xx.o [1]
  .text              ro code   0x800'5ba0     0x4  startup_stm32l432xx.o [1]
  .text              ro code   0x800'5ba4     0x4  startup_stm32l432xx.o [1]
  .text              ro code   0x800'5ba8     0x4  startup_stm32l432xx.o [1]
  .text              ro code   0x800'5bac     0x4  startup_stm32l432xx.o [1]
  .text              ro code   0x800'5bb0     0x4  startup_stm32l432xx.o [1]
  .text              ro code   0x800'5bb4     0x4  startup_stm32l432xx.o [1]
  .text              ro code   0x800'5bb8     0x4  startup_stm32l432xx.o [1]
  .text              ro code   0x800'5bbc     0x4  startup_stm32l432xx.o [1]
  .text              ro code   0x800'5bc0     0x4  startup_stm32l432xx.o [1]
  .text              ro code   0x800'5bc4     0x4  startup_stm32l432xx.o [1]
  .text              ro code   0x800'5bc8     0x4  startup_stm32l432xx.o [1]
  .text              ro code   0x800'5bcc     0x4  startup_stm32l432xx.o [1]
  .text              ro code   0x800'5bd0     0x4  startup_stm32l432xx.o [1]
  .text              ro code   0x800'5bd4     0x4  startup_stm32l432xx.o [1]
  .text              ro code   0x800'5bd8     0x4  startup_stm32l432xx.o [1]
  .text              ro code   0x800'5bdc     0x4  startup_stm32l432xx.o [1]
  .text              ro code   0x800'5be0     0x4  startup_stm32l432xx.o [1]
  .text              ro code   0x800'5be4     0x4  startup_stm32l432xx.o [1]
  .text              ro code   0x800'5be8     0x4  startup_stm32l432xx.o [1]
  .text              ro code   0x800'5bec     0x4  startup_stm32l432xx.o [1]
  .text              ro code   0x800'5bf0     0x4  startup_stm32l432xx.o [1]
  .text              ro code   0x800'5bf4     0x4  startup_stm32l432xx.o [1]
  .text              ro code   0x800'5bf8     0x4  startup_stm32l432xx.o [1]
  .text              ro code   0x800'5bfc     0x4  startup_stm32l432xx.o [1]
  .text              ro code   0x800'5c00     0x4  startup_stm32l432xx.o [1]
  .text              ro code   0x800'5c04     0x4  startup_stm32l432xx.o [1]
  .text              ro code   0x800'5c08     0x4  startup_stm32l432xx.o [1]
  .text              ro code   0x800'5c0c     0x4  startup_stm32l432xx.o [1]
  .text              ro code   0x800'5c10     0x4  startup_stm32l432xx.o [1]
  .text              ro code   0x800'5c14     0x4  startup_stm32l432xx.o [1]
  .text              ro code   0x800'5c18     0x4  startup_stm32l432xx.o [1]
  .text              ro code   0x800'5c1c     0x4  startup_stm32l432xx.o [1]
  .text              ro code   0x800'5c20     0x4  startup_stm32l432xx.o [1]
  .text              ro code   0x800'5c24     0x4  startup_stm32l432xx.o [1]
  .text              ro code   0x800'5c28     0x4  startup_stm32l432xx.o [1]
  .text              ro code   0x800'5c2c     0x4  startup_stm32l432xx.o [1]
  .text              ro code   0x800'5c30     0x4  startup_stm32l432xx.o [1]
  .text              ro code   0x800'5c34     0x4  startup_stm32l432xx.o [1]
  .text              ro code   0x800'5c38     0x4  startup_stm32l432xx.o [1]
  .text              ro code   0x800'5c3c     0x4  startup_stm32l432xx.o [1]
  .text              ro code   0x800'5c40     0x4  startup_stm32l432xx.o [1]
  .text              ro code   0x800'5c44     0x4  startup_stm32l432xx.o [1]
  .text              ro code   0x800'5c48     0x4  startup_stm32l432xx.o [1]
  .text              ro code   0x800'5c4c     0x4  startup_stm32l432xx.o [1]
  .text              ro code   0x800'5c50     0x4  startup_stm32l432xx.o [1]
  .text              ro code   0x800'5c54     0x4  startup_stm32l432xx.o [1]
  .text              ro code   0x800'5c58     0x4  startup_stm32l432xx.o [1]
  .text              ro code   0x800'5c5c     0x4  startup_stm32l432xx.o [1]
  .text              ro code   0x800'5c60     0x4  startup_stm32l432xx.o [1]
  .text              ro code   0x800'5c64     0x4  startup_stm32l432xx.o [1]
  .rodata            const     0x800'5c68     0x0  zero_init3.o [4]
  .rodata            const     0x800'5c68     0x0  copy_init3.o [4]
                             - 0x800'5c68  0x5adc

"P2", part 1 of 3:                           0x10
  P2-1                        0x2000'0000    0x10  <Init block>
    .data            inited   0x2000'0000     0xc  stm32l4xx_hal.o [1]
    .data            inited   0x2000'000c     0x4  system_stm32l4xx.o [1]
                            - 0x2000'0010    0x10

"P2", part 2 of 3:                          0x5f0
  .bss               zero     0x2000'0010   0x274  usbd_conf.o [1]
  .bss               zero     0x2000'0284   0x1f4  main.o [1]
  .bss               zero     0x2000'0478   0x104  main.o [1]
  .bss               zero     0x2000'057c    0x80  main.o [1]
  .bss               zero     0x2000'05fc     0x2  main.o [1]
  .bss               zero     0x2000'05fe     0x1  usbd_ctlreq.o [1]
                            - 0x2000'05ff   0x5ef

"P2", part 3 of 3:                          0x400
  CSTACK                      0x2000'0600   0x400  <Block>
    CSTACK           uninit   0x2000'0600   0x400  <Block tail>
                            - 0x2000'0a00   0x400

Unused ranges:

         From           To      Size
         ----           --      ----
   0x800'5c68   0x803'ffff  0x3'a398
  0x2000'0a00  0x2000'ffff    0xf600


*******************************************************************************
*** INIT TABLE
***

          Address      Size
          -------      ----
Zero (__iar_zero_init3)
    1 destination range, total size 0x5ef:
          0x2000'0010  0x5ef

Copy (__iar_copy_init3)
    1 source range, total size 0x10:
           0x800'5b5c   0x10
    1 destination range, total size 0x10:
          0x2000'0000   0x10



*******************************************************************************
*** MODULE SUMMARY
***

    Module                  ro code  ro data  rw data
    ------                  -------  -------  -------
command line/config:
    -------------------------------------------------
    Total:

E:\Firmware\CodeTestL432KC\ReaderSIM\Firmware_L432KC\EWARM\NFC_L432KC\Obj: [1]
    bcdencode.o                 356
    i2c-lcd.o                   220
    main.o                    2'316      140      890
    nfcm1833_module.o            16
    nfcm1833tinz.o              848      592
    startup_stm32l432xx.o       644
    stm32l4xx_hal.o             166       12       12
    stm32l4xx_hal_cortex.o      292      136
    stm32l4xx_hal_crc.o         462      132
    stm32l4xx_hal_crc_ex.o      120      136
    stm32l4xx_hal_gpio.o        738      132
    stm32l4xx_hal_i2c.o       1'216      132
    stm32l4xx_hal_i2c_ex.o      252      136
    stm32l4xx_hal_msp.o         428
    stm32l4xx_hal_pcd.o       1'418
    stm32l4xx_hal_pwr_ex.o      156      136
    stm32l4xx_hal_rcc.o       2'412      132
    stm32l4xx_hal_rcc_ex.o    1'430      136
    stm32l4xx_hal_spi.o       1'496      132
    stm32l4xx_hal_uart.o      2'062      132
    stm32l4xx_it.o               42
    stm32l4xx_ll_usb.o        1'228
    system_stm32l4xx.o           92       60        4
    usbd_conf.o                 408               628
    usbd_core.o                 566
    usbd_ctlreq.o             1'036                 1
    usbd_ioreq.o                 76
    -------------------------------------------------
    Total:                   20'496    2'276    1'535

dl7M_tlf.a: [2]
    exit.o                        4
    low_level_init.o              4
    strstr.o                     44
    -------------------------------------------------
    Total:                       52

m7M_tls.a: [3]
    fpinit_M.o                   34
    -------------------------------------------------
    Total:                       34

rt7M_tl.a: [4]
    ABImemclr.o                   6
    ABImemclr4.o                  6
    ABImemcpy_small.o            24
    ABImemset.o                 102
    ABImemset48.o                50
    I64DivMod_small.o           262
    I64DivZer.o                   2
    cexit.o                      10
    cmain.o                      30
    copy_init3.o                 46
    cstartup_M.o                 12
    data_init.o                  40
    memset.o                     20
    strchr.o                     22
    strlen_small.o               20
    zero_init3.o                 58
    -------------------------------------------------
    Total:                      710

shb_l.a: [5]
    exit.o                       20
    -------------------------------------------------
    Total:                       20

    Gaps                         30        2
    Linker created                        36    1'024
-----------------------------------------------------
    Grand Total:             21'342    2'314    2'559


*******************************************************************************
*** ENTRY LIST
***

Entry                       Address   Size  Type      Object
-----                       -------   ----  ----      ------
.iar.init_table$$Base    0x800'5ae0          --   Gb  - Linker created -
.iar.init_table$$Limit   0x800'5b04          --   Gb  - Linker created -
?main                    0x800'5b05         Code  Gb  cmain.o [4]
AHBPrescTable            0x800'59c8   0x10  Data  Gb  system_stm32l4xx.o [1]
APBPrescTable            0x800'5b78    0x8  Data  Gb  system_stm32l4xx.o [1]
BusFault_Handler         0x800'5a65    0x2  Code  Gb  stm32l4xx_it.o [1]
CRC_Handle_16            0x800'1b31   0x2e  Code  Lc  stm32l4xx_hal_crc.o [1]
CRC_Handle_8             0x800'1ac9   0x68  Code  Lc  stm32l4xx_hal_crc.o [1]
CSTACK$$Base            0x2000'0600          --   Gb  - Linker created -
CSTACK$$Limit           0x2000'0a00          --   Gb  - Linker created -
DebugMon_Handler         0x800'5a6b    0x2  Code  Gb  stm32l4xx_it.o [1]
EXTI0_IRQHandler         0x800'5a7d    0x6  Code  Gb  stm32l4xx_it.o [1]
Error_Handler            0x800'1375    0x2  Code  Gb  main.o [1]
HAL_CRCEx_Polynomial_Set
                         0x800'3989   0x6c  Code  Gb  stm32l4xx_hal_crc_ex.o [1]
HAL_CRC_Calculate        0x800'1a81   0x42  Code  Gb  stm32l4xx_hal_crc.o [1]
HAL_CRC_Init             0x800'1991   0xdc  Code  Gb  stm32l4xx_hal_crc.o [1]
HAL_CRC_MspInit          0x800'37a1   0x22  Code  Gb  stm32l4xx_hal_msp.o [1]
HAL_Delay                0x800'2f05   0x28  Code  Wk  stm32l4xx_hal.o [1]
HAL_GPIO_EXTI_IRQHandler
                         0x800'1917   0x10  Code  Gb  stm32l4xx_hal_gpio.o [1]
HAL_GPIO_Init            0x800'1681  0x236  Code  Gb  stm32l4xx_hal_gpio.o [1]
HAL_GPIO_ReadPin         0x800'18c3   0x1c  Code  Gb  stm32l4xx_hal_gpio.o [1]
HAL_GPIO_WritePin        0x800'18e5   0x32  Code  Gb  stm32l4xx_hal_gpio.o [1]
HAL_GetTick              0x800'0b3d    0xc  Code  Wk  stm32l4xx_hal.o [1]
HAL_I2CEx_ConfigAnalogFilter
                         0x800'2021   0x66  Code  Gb  stm32l4xx_hal_i2c_ex.o [1]
HAL_I2CEx_ConfigDigitalFilter
                         0x800'2087   0x46  Code  Gb  stm32l4xx_hal_i2c_ex.o [1]
HAL_I2C_Init             0x800'1b61  0x156  Code  Gb  stm32l4xx_hal_i2c.o [1]
HAL_I2C_Master_Transmit
                         0x800'1ccd   0x8e  Code  Gb  stm32l4xx_hal_i2c.o [1]
HAL_I2C_MspInit          0x800'37c3   0x56  Code  Gb  stm32l4xx_hal_msp.o [1]
HAL_IncTick              0x800'5a85   0x10  Code  Wk  stm32l4xx_hal.o [1]
HAL_Init                 0x800'1615   0x1e  Code  Gb  stm32l4xx_hal.o [1]
HAL_InitTick             0x800'0af9   0x44  Code  Wk  stm32l4xx_hal.o [1]
HAL_MspInit              0x800'3775   0x2c  Code  Gb  stm32l4xx_hal_msp.o [1]
HAL_NVIC_SetPriority     0x800'1549   0x62  Code  Gb  stm32l4xx_hal_cortex.o [1]
HAL_NVIC_SetPriorityGrouping
                         0x800'150f   0x3a  Code  Gb  stm32l4xx_hal_cortex.o [1]
HAL_NVIC_SystemReset     0x800'15ab   0x1e  Code  Gb  stm32l4xx_hal_cortex.o [1]
HAL_PCDEx_LPM_Callback   0x800'458f   0x40  Code  Gb  usbd_conf.o [1]
HAL_PCD_DataInStageCallback
                         0x800'4459    0xe  Code  Gb  usbd_conf.o [1]
HAL_PCD_DataOutStageCallback
                         0x800'4449   0x10  Code  Gb  usbd_conf.o [1]
HAL_PCD_EP_ClrStall      0x800'43d5   0x2e  Code  Gb  stm32l4xx_hal_pcd.o [1]
HAL_PCD_EP_Open          0x800'42d3   0x54  Code  Gb  stm32l4xx_hal_pcd.o [1]
HAL_PCD_EP_Receive       0x800'4327   0x1e  Code  Gb  stm32l4xx_hal_pcd.o [1]
HAL_PCD_EP_SetStall      0x800'436f   0x5e  Code  Gb  stm32l4xx_hal_pcd.o [1]
HAL_PCD_EP_Transmit      0x800'4345   0x1c  Code  Gb  stm32l4xx_hal_pcd.o [1]
HAL_PCD_IRQHandler       0x800'3eb1  0x396  Code  Gb  stm32l4xx_hal_pcd.o [1]
HAL_PCD_ResetCallback    0x800'446f   0x24  Code  Gb  usbd_conf.o [1]
HAL_PCD_ResumeCallback   0x800'44af   0x22  Code  Gb  usbd_conf.o [1]
HAL_PCD_SOFCallback      0x800'4467    0x8  Code  Gb  usbd_conf.o [1]
HAL_PCD_SetAddress       0x800'42af   0x1c  Code  Gb  stm32l4xx_hal_pcd.o [1]
HAL_PCD_SetupStageCallback
                         0x800'443d    0xc  Code  Gb  usbd_conf.o [1]
HAL_PCD_SuspendCallback
                         0x800'4493   0x1c  Code  Gb  usbd_conf.o [1]
HAL_PWREx_ControlVoltageScaling
                         0x800'1461   0x78  Code  Gb  stm32l4xx_hal_pwr_ex.o [1]
HAL_PWREx_GetVoltageRange
                         0x800'1455    0xc  Code  Gb  stm32l4xx_hal_pwr_ex.o [1]
HAL_RCCEx_PeriphCLKConfig
                         0x800'31dd  0x3aa  Code  Gb  stm32l4xx_hal_rcc_ex.o [1]
HAL_RCC_ClockConfig      0x800'07ab  0x1be  Code  Gb  stm32l4xx_hal_rcc.o [1]
HAL_RCC_GetPCLK1Freq     0x800'0a17   0x10  Code  Gb  stm32l4xx_hal_rcc.o [1]
HAL_RCC_GetPCLK2Freq     0x800'0a27    0xe  Code  Gb  stm32l4xx_hal_rcc.o [1]
HAL_RCC_GetSysClockFreq
                         0x800'0985   0x92  Code  Gb  stm32l4xx_hal_rcc.o [1]
HAL_RCC_OscConfig        0x800'018d  0x5fa  Code  Gb  stm32l4xx_hal_rcc.o [1]
HAL_SPI_Init             0x800'211d  0x1dc  Code  Gb  stm32l4xx_hal_spi.o [1]
HAL_SPI_MspInit          0x800'3819    0x4  Code  Gb  stm32l4xx_hal_msp.o [1]
HAL_SPI_TransmitReceive
                         0x800'2319  0x24e  Code  Gb  stm32l4xx_hal_spi.o [1]
HAL_SYSTICK_Config       0x800'15c9   0x2a  Code  Gb  stm32l4xx_hal_cortex.o [1]
HAL_UART_Init            0x800'26f5   0x6c  Code  Gb  stm32l4xx_hal_uart.o [1]
HAL_UART_MspInit         0x800'389d   0x56  Code  Gb  stm32l4xx_hal_msp.o [1]
HAL_UART_Receive         0x800'2861   0xd6  Code  Gb  stm32l4xx_hal_uart.o [1]
HAL_UART_Transmit        0x800'27ad   0xb4  Code  Gb  stm32l4xx_hal_uart.o [1]
HardFault_Handler        0x800'5a5b    0x8  Code  Gb  stm32l4xx_it.o [1]
I2C_Flush_TXDR           0x800'1e2d   0x1c  Code  Lc  stm32l4xx_hal_i2c.o [1]
I2C_IsAcknowledgeFailed
                         0x800'1f13   0x6c  Code  Lc  stm32l4xx_hal_i2c.o [1]
I2C_TransferConfig       0x800'1f7f   0x82  Code  Lc  stm32l4xx_hal_i2c.o [1]
I2C_WaitOnFlagUntilTimeout
                         0x800'1e49   0x42  Code  Lc  stm32l4xx_hal_i2c.o [1]
I2C_WaitOnSTOPFlagUntilTimeout
                         0x800'1edb   0x30  Code  Lc  stm32l4xx_hal_i2c.o [1]
I2C_WaitOnTXISFlagUntilTimeout
                         0x800'1e8b   0x38  Code  Lc  stm32l4xx_hal_i2c.o [1]
LCD_Dislay_Clear         0x800'1081   0x1a  Code  Gb  main.o [1]
LCD_Display              0x800'109b   0x2a  Code  Gb  main.o [1]
LCD_Display_Faild        0x800'1105   0x1a  Code  Gb  main.o [1]
LCD_Display_Success      0x800'10d3   0x1c  Code  Gb  main.o [1]
MSIRangeTable            0x800'5a28   0x30  Data  Gb  system_stm32l4xx.o [1]
MemManage_Handler        0x800'5a63    0x2  Code  Gb  stm32l4xx_it.o [1]
NMI_Handler              0x800'5a59    0x2  Code  Gb  stm32l4xx_it.o [1]
PendSV_Handler           0x800'5a6d    0x2  Code  Gb  stm32l4xx_it.o [1]
RCCEx_PLLSAI1_Config     0x800'35a5  0x1a4  Code  Lc  stm32l4xx_hal_rcc_ex.o [1]
RCC_SetFlashLatencyFromMSIRange
                         0x800'0a4d   0x74  Code  Lc  stm32l4xx_hal_rcc.o [1]
Region$$Table$$Base      0x800'5ae0          --   Gb  - Linker created -
Region$$Table$$Limit     0x800'5b04          --   Gb  - Linker created -
SPI_EndRxTxTransaction   0x800'26ad   0x2e  Code  Lc  stm32l4xx_hal_spi.o [1]
SPI_WaitFifoStateUntilTimeout
                         0x800'2607   0x8e  Code  Lc  stm32l4xx_hal_spi.o [1]
SPI_WaitFlagStateUntilTimeout
                         0x800'257d   0x8a  Code  Lc  stm32l4xx_hal_spi.o [1]
SVC_Handler              0x800'5a69    0x2  Code  Gb  stm32l4xx_it.o [1]
Sim_Response             0x800'1223   0x84  Code  Gb  main.o [1]
Sim_Rxdata              0x2000'05fc    0x2  Data  Gb  main.o [1]
Sim_response            0x2000'0284  0x1f4  Data  Gb  main.o [1]
Sim_sendCommand          0x800'116b   0x9c  Code  Gb  main.o [1]
So_Tien                 0x2000'04b8   0x14  Data  Gb  main.o [1]
SysTick_Handler          0x800'5a6f    0x4  Code  Gb  stm32l4xx_it.o [1]
SystemClock_Config       0x800'12eb   0x8a  Code  Gb  main.o [1]
SystemCoreClock         0x2000'000c    0x4  Data  Gb  system_stm32l4xx.o [1]
SystemInit               0x800'597d   0x3c  Code  Gb  system_stm32l4xx.o [1]
UART_AdvFeatureConfig    0x800'2c5b  0x1b4  Code  Gb  stm32l4xx_hal_uart.o [1]
UART_CheckIdleState      0x800'2e43   0x5a  Code  Gb  stm32l4xx_hal_uart.o [1]
UART_SetConfig           0x800'2949  0x300  Code  Gb  stm32l4xx_hal_uart.o [1]
UART_WaitOnFlagUntilTimeout
                         0x800'2e9d   0x5a  Code  Gb  stm32l4xx_hal_uart.o [1]
USBD_ClrClassConfig      0x800'4ab7    0xa  Code  Gb  usbd_core.o [1]
USBD_CtlContinueRx       0x800'5105    0x4  Code  Gb  usbd_ioreq.o [1]
USBD_CtlContinueSendData
                         0x800'50f5    0x4  Code  Gb  usbd_ioreq.o [1]
USBD_CtlError            0x800'50cf   0x16  Code  Gb  usbd_ctlreq.o [1]
USBD_CtlReceiveStatus    0x800'5123    0xe  Code  Gb  usbd_ioreq.o [1]
USBD_CtlSendData         0x800'50e5   0x10  Code  Gb  usbd_ioreq.o [1]
USBD_CtlSendStatus       0x800'5115    0xe  Code  Gb  usbd_ioreq.o [1]
USBD_LL_ClearStallEP     0x800'450b   0x1a  Code  Gb  usbd_conf.o [1]
USBD_LL_DataInStage      0x800'4b97   0xae  Code  Gb  usbd_core.o [1]
USBD_LL_DataOutStage     0x800'4b15   0x7a  Code  Gb  usbd_core.o [1]
USBD_LL_IsStallEP        0x800'4525   0x1c  Code  Gb  usbd_conf.o [1]
USBD_LL_OpenEP           0x800'44d1   0x20  Code  Gb  usbd_conf.o [1]
USBD_LL_PrepareReceive   0x800'4575   0x1a  Code  Gb  usbd_conf.o [1]
USBD_LL_Reset            0x800'4c45   0x52  Code  Gb  usbd_core.o [1]
USBD_LL_Resume           0x800'4cad    0xc  Code  Gb  usbd_core.o [1]
USBD_LL_SOF              0x800'4cb9   0x18  Code  Gb  usbd_core.o [1]
USBD_LL_SetSpeed         0x800'4c97    0x6  Code  Gb  usbd_core.o [1]
USBD_LL_SetUSBAddress    0x800'4541   0x1a  Code  Gb  usbd_conf.o [1]
USBD_LL_SetupStage       0x800'4ac1   0x54  Code  Gb  usbd_core.o [1]
USBD_LL_StallEP          0x800'44f1   0x1a  Code  Gb  usbd_conf.o [1]
USBD_LL_Suspend          0x800'4c9d   0x10  Code  Gb  usbd_core.o [1]
USBD_LL_Transmit         0x800'455b   0x1a  Code  Gb  usbd_conf.o [1]
USBD_ParseSetupRequest   0x800'50a5   0x2a  Code  Gb  usbd_ctlreq.o [1]
USBD_SetClassConfig      0x800'4aa1   0x16  Code  Gb  usbd_core.o [1]
USBD_SetConfig::cfgidx  0x2000'05fe    0x1  Data  Lc  usbd_ctlreq.o [1]
USBD_StdDevReq           0x800'4cd9  0x24a  Code  Gb  usbd_ctlreq.o [1]
USBD_StdEPReq            0x800'4f7d  0x11a  Code  Gb  usbd_ctlreq.o [1]
USBD_StdItfReq           0x800'4f29   0x42  Code  Gb  usbd_ctlreq.o [1]
USB_ActivateEndpoint     0x800'45d5  0x250  Code  Gb  stm32l4xx_ll_usb.o [1]
USB_EP0_OutStart         0x800'4a55    0x4  Code  Gb  stm32l4xx_ll_usb.o [1]
USB_EPClearStall         0x800'49c9   0x7a  Code  Gb  stm32l4xx_ll_usb.o [1]
USB_EPSetStall           0x800'4997   0x32  Code  Gb  stm32l4xx_ll_usb.o [1]
USB_EPStartXfer          0x800'4825  0x14e  Code  Gb  stm32l4xx_ll_usb.o [1]
USB_IRQHandler           0x800'5a73    0x6  Code  Gb  stm32l4xx_it.o [1]
USB_ReadInterrupts       0x800'4a4f    0x6  Code  Gb  stm32l4xx_ll_usb.o [1]
USB_ReadPMA              0x800'4a7b   0x26  Code  Gb  stm32l4xx_ll_usb.o [1]
USB_SetDevAddress        0x800'4a43    0xc  Code  Gb  stm32l4xx_ll_usb.o [1]
USB_WritePMA             0x800'4a59   0x22  Code  Gb  stm32l4xx_ll_usb.o [1]
UsageFault_Handler       0x800'5a67    0x2  Code  Gb  stm32l4xx_it.o [1]
WakeUp_CR95HF            0x800'2f39    0x4  Code  Gb  nfcm1833_module.o [1]
WakeUp_TinZ              0x800'3df1   0x4c  Code  Gb  nfcm1833tinz.o [1]
__NVIC_SetPriority       0x800'14f1   0x1e  Code  Lc  stm32l4xx_hal_cortex.o [1]
__aeabi_ldiv0            0x800'3e71         Code  Gb  I64DivZer.o [4]
__aeabi_memclr           0x800'31a9         Code  Gb  ABImemclr.o [4]
__aeabi_memclr4          0x800'3e75         Code  Gb  ABImemclr4.o [4]
__aeabi_memset           0x800'3921         Code  Gb  ABImemset.o [4]
__cmain                  0x800'5b05         Code  Gb  cmain.o [4]
__exit                   0x800'5b39   0x14  Code  Gb  exit.o [5]
__iar_Memset             0x800'3921         Code  Gb  ABImemset.o [4]
__iar_Memset4_word       0x800'3e7d         Code  Gb  ABImemset48.o [4]
__iar_Memset8_word       0x800'3e7d         Code  Gb  ABImemset48.o [4]
__iar_Memset_word        0x800'3929         Code  Gb  ABImemset.o [4]
__iar_Strchr             0x800'3e59         Code  Gb  strchr.o [4]
__iar_copy_init3         0x800'1963   0x2e  Code  Gb  copy_init3.o [4]
__iar_data_init3         0x800'5a95   0x28  Code  Gb  data_init.o [4]
__iar_init_vfp           0x800'5abd         Code  Gb  fpinit_M.o [3]
__iar_program_start      0x800'5b6d         Code  Gb  cstartup_M.o [4]
__iar_small_Memcpy       0x800'301d         Code  Gb  ABImemcpy_small.o [4]
__iar_small_memcpy       0x800'3019         Code  Gb  ABImemcpy_small.o [4]
__iar_small_memcpy4      0x800'3019         Code  Gb  ABImemcpy_small.o [4]
__iar_small_memcpy8      0x800'3019         Code  Gb  ABImemcpy_small.o [4]
__iar_small_strlen       0x800'3195         Code  Gb  strlen_small.o [4]
__iar_small_uldivmod     0x800'3a01         Code  Gb  I64DivMod_small.o [4]
__iar_zero_init3         0x800'1647   0x3a  Code  Gb  zero_init3.o [4]
__low_level_init         0x800'5b23    0x4  Code  Gb  low_level_init.o [2]
__vector_table           0x800'0000         Data  Gb  startup_stm32l432xx.o [1]
_call_main               0x800'5b11         Code  Gb  cmain.o [4]
_exit                    0x800'5b2d         Code  Gb  cexit.o [4]
_main                    0x800'5b1f         Code  Gb  cmain.o [4]
assert_failed            0x800'1377    0x2  Code  Gb  main.o [1]
crcx25                   0x800'3dc9   0x18  Code  Lc  nfcm1833tinz.o [1]
deleteBuffer             0x800'1151   0x1a  Code  Gb  main.o [1]
display                  0x800'112f   0x1a  Code  Gb  main.o [1]
encode4byte              0x800'3031   0x7c  Code  Gb  bcdencode.o [1]
encode8byte_little_edian
                         0x800'30ad   0xd6  Code  Gb  bcdencode.o [1]
exit                     0x800'5b27    0x4  Code  Gb  exit.o [2]
getDeviceID              0x800'2f35    0x4  Code  Gb  nfcm1833_module.o [1]
getDeviceID_spi          0x800'3d95   0x32  Code  Gb  nfcm1833tinz.o [1]
hcrc                    0x2000'0480   0x24  Data  Gb  main.o [1]
hi2c1                   0x2000'0530   0x4c  Data  Gb  main.o [1]
hpcd_USB_FS             0x2000'0010  0x274  Data  Gb  usbd_conf.o [1]
huart1                  0x2000'057c   0x80  Data  Gb  main.o [1]
idTag                   0x2000'0478    0x8  Data  Gb  main.o [1]
idTagBCD                0x2000'04a8   0x10  Data  Gb  main.o [1]
lcd_clear_display        0x800'3005    0x4  Code  Gb  i2c-lcd.o [1]
lcd_goto_XY              0x800'3009   0x10  Code  Gb  i2c-lcd.o [1]
lcd_init                 0x800'2f9d   0x4c  Code  Gb  i2c-lcd.o [1]
lcd_send_cmd             0x800'2f3d   0x22  Code  Gb  i2c-lcd.o [1]
lcd_send_data            0x800'2f5f   0x20  Code  Gb  i2c-lcd.o [1]
lcd_send_string          0x800'2fef   0x16  Code  Gb  i2c-lcd.o [1]
main                     0x800'0b49  0x4c8  Code  Gb  main.o [1]
memset                   0x800'1633   0x14  Code  Gb  memset.o [4]
permissReadTag          0x2000'04a4    0x1  Data  Gb  main.o [1]
ping_module              0x800'2f31    0x4  Code  Gb  nfcm1833_module.o [1]
ping_module_spi          0x800'3c59   0x40  Code  Gb  nfcm1833tinz.o [1]
select_tag_type          0x800'2f2d    0x4  Code  Gb  nfcm1833_module.o [1]
select_tag_type_spi      0x800'3c9d   0x66  Code  Gb  nfcm1833tinz.o [1]
sendrecv_spi             0x800'3d03   0x88  Code  Gb  nfcm1833tinz.o [1]
spi_polling_data_cr95hf
                         0x800'3b6d   0x64  Code  Lc  nfcm1833tinz.o [1]
spi_recv_data_from_cr95hf
                         0x800'3bd1   0x62  Code  Lc  nfcm1833tinz.o [1]
spi_send_data_to_cr95hf
                         0x800'3b09   0x64  Code  Lc  nfcm1833tinz.o [1]
spi_to_nfcm1833tinz     0x2000'04cc   0x64  Data  Gb  main.o [1]
strchr                   0x800'3e59         Code  Gb  strchr.o [4]
strstr                   0x800'31af   0x2c  Code  Gb  strstr.o [2]
uwTick                  0x2000'0000    0x4  Data  Gb  stm32l4xx_hal.o [1]
uwTickFreq              0x2000'0008    0x4  Data  Gb  stm32l4xx_hal.o [1]
uwTickPrio              0x2000'0004    0x4  Data  Gb  stm32l4xx_hal.o [1]
viTriTien               0x2000'04a5    0x1  Data  Gb  main.o [1]


[1] = E:\Firmware\CodeTestL432KC\ReaderSIM\Firmware_L432KC\EWARM\NFC_L432KC\Obj
[2] = dl7M_tlf.a
[3] = m7M_tls.a
[4] = rt7M_tl.a
[5] = shb_l.a

  21'342 bytes of readonly  code memory
   2'314 bytes of readonly  data memory
   2'559 bytes of readwrite data memory

Errors: none
Warnings: none
