###############################################################################
#
# IAR ELF Linker V8.40.1.212/W32 for ARM                  28/May/2020  16:46:56
# Copyright 2007-2019 IAR Systems AB.
#
#    Output file  =
#        E:\Firmware\CodeTestL432KC\ReaderSIM\Firmware_L432KC\EWARM\NFC_L432KC\Exe\NFC_L432KC.out
#    Map file     =
#        E:\Firmware\CodeTestL432KC\ReaderSIM\Firmware_L432KC\EWARM\NFC_L432KC\List\NFC_L432KC.map
#    Command line =
#        -f C:\Users\ANNGUY~1\AppData\Local\Temp\EWF5DF.tmp
#        (E:\Firmware\CodeTestL432KC\ReaderSIM\Firmware_L432KC\EWARM\NFC_L432KC\Obj\bcdencode.o
#        E:\Firmware\CodeTestL432KC\ReaderSIM\Firmware_L432KC\EWARM\NFC_L432KC\Obj\i2c-lcd.o
#        E:\Firmware\CodeTestL432KC\ReaderSIM\Firmware_L432KC\EWARM\NFC_L432KC\Obj\main.o
#        E:\Firmware\CodeTestL432KC\ReaderSIM\Firmware_L432KC\EWARM\NFC_L432KC\Obj\ndef.o
#        E:\Firmware\CodeTestL432KC\ReaderSIM\Firmware_L432KC\EWARM\NFC_L432KC\Obj\nfcm1833_module.o
#        E:\Firmware\CodeTestL432KC\ReaderSIM\Firmware_L432KC\EWARM\NFC_L432KC\Obj\nfcm1833tiny.o
#        E:\Firmware\CodeTestL432KC\ReaderSIM\Firmware_L432KC\EWARM\NFC_L432KC\Obj\nfcm1833tinz.o
#        E:\Firmware\CodeTestL432KC\ReaderSIM\Firmware_L432KC\EWARM\NFC_L432KC\Obj\startup_stm32l432xx.o
#        E:\Firmware\CodeTestL432KC\ReaderSIM\Firmware_L432KC\EWARM\NFC_L432KC\Obj\stm32l4xx_hal.o
#        E:\Firmware\CodeTestL432KC\ReaderSIM\Firmware_L432KC\EWARM\NFC_L432KC\Obj\stm32l4xx_hal_cortex.o
#        E:\Firmware\CodeTestL432KC\ReaderSIM\Firmware_L432KC\EWARM\NFC_L432KC\Obj\stm32l4xx_hal_crc.o
#        E:\Firmware\CodeTestL432KC\ReaderSIM\Firmware_L432KC\EWARM\NFC_L432KC\Obj\stm32l4xx_hal_crc_ex.o
#        E:\Firmware\CodeTestL432KC\ReaderSIM\Firmware_L432KC\EWARM\NFC_L432KC\Obj\stm32l4xx_hal_dma.o
#        E:\Firmware\CodeTestL432KC\ReaderSIM\Firmware_L432KC\EWARM\NFC_L432KC\Obj\stm32l4xx_hal_dma_ex.o
#        E:\Firmware\CodeTestL432KC\ReaderSIM\Firmware_L432KC\EWARM\NFC_L432KC\Obj\stm32l4xx_hal_exti.o
#        E:\Firmware\CodeTestL432KC\ReaderSIM\Firmware_L432KC\EWARM\NFC_L432KC\Obj\stm32l4xx_hal_flash.o
#        E:\Firmware\CodeTestL432KC\ReaderSIM\Firmware_L432KC\EWARM\NFC_L432KC\Obj\stm32l4xx_hal_flash_ex.o
#        E:\Firmware\CodeTestL432KC\ReaderSIM\Firmware_L432KC\EWARM\NFC_L432KC\Obj\stm32l4xx_hal_flash_ramfunc.o
#        E:\Firmware\CodeTestL432KC\ReaderSIM\Firmware_L432KC\EWARM\NFC_L432KC\Obj\stm32l4xx_hal_gpio.o
#        E:\Firmware\CodeTestL432KC\ReaderSIM\Firmware_L432KC\EWARM\NFC_L432KC\Obj\stm32l4xx_hal_i2c.o
#        E:\Firmware\CodeTestL432KC\ReaderSIM\Firmware_L432KC\EWARM\NFC_L432KC\Obj\stm32l4xx_hal_i2c_ex.o
#        E:\Firmware\CodeTestL432KC\ReaderSIM\Firmware_L432KC\EWARM\NFC_L432KC\Obj\stm32l4xx_hal_msp.o
#        E:\Firmware\CodeTestL432KC\ReaderSIM\Firmware_L432KC\EWARM\NFC_L432KC\Obj\stm32l4xx_hal_pcd.o
#        E:\Firmware\CodeTestL432KC\ReaderSIM\Firmware_L432KC\EWARM\NFC_L432KC\Obj\stm32l4xx_hal_pcd_ex.o
#        E:\Firmware\CodeTestL432KC\ReaderSIM\Firmware_L432KC\EWARM\NFC_L432KC\Obj\stm32l4xx_hal_pwr.o
#        E:\Firmware\CodeTestL432KC\ReaderSIM\Firmware_L432KC\EWARM\NFC_L432KC\Obj\stm32l4xx_hal_pwr_ex.o
#        E:\Firmware\CodeTestL432KC\ReaderSIM\Firmware_L432KC\EWARM\NFC_L432KC\Obj\stm32l4xx_hal_rcc.o
#        E:\Firmware\CodeTestL432KC\ReaderSIM\Firmware_L432KC\EWARM\NFC_L432KC\Obj\stm32l4xx_hal_rcc_ex.o
#        E:\Firmware\CodeTestL432KC\ReaderSIM\Firmware_L432KC\EWARM\NFC_L432KC\Obj\stm32l4xx_hal_spi.o
#        E:\Firmware\CodeTestL432KC\ReaderSIM\Firmware_L432KC\EWARM\NFC_L432KC\Obj\stm32l4xx_hal_spi_ex.o
#        E:\Firmware\CodeTestL432KC\ReaderSIM\Firmware_L432KC\EWARM\NFC_L432KC\Obj\stm32l4xx_hal_tim.o
#        E:\Firmware\CodeTestL432KC\ReaderSIM\Firmware_L432KC\EWARM\NFC_L432KC\Obj\stm32l4xx_hal_tim_ex.o
#        E:\Firmware\CodeTestL432KC\ReaderSIM\Firmware_L432KC\EWARM\NFC_L432KC\Obj\stm32l4xx_hal_uart.o
#        E:\Firmware\CodeTestL432KC\ReaderSIM\Firmware_L432KC\EWARM\NFC_L432KC\Obj\stm32l4xx_hal_uart_ex.o
#        E:\Firmware\CodeTestL432KC\ReaderSIM\Firmware_L432KC\EWARM\NFC_L432KC\Obj\stm32l4xx_it.o
#        E:\Firmware\CodeTestL432KC\ReaderSIM\Firmware_L432KC\EWARM\NFC_L432KC\Obj\stm32l4xx_ll_usb.o
#        E:\Firmware\CodeTestL432KC\ReaderSIM\Firmware_L432KC\EWARM\NFC_L432KC\Obj\system_stm32l4xx.o
#        E:\Firmware\CodeTestL432KC\ReaderSIM\Firmware_L432KC\EWARM\NFC_L432KC\Obj\usbd_cdc.o
#        E:\Firmware\CodeTestL432KC\ReaderSIM\Firmware_L432KC\EWARM\NFC_L432KC\Obj\usbd_cdc_vcp.o
#        E:\Firmware\CodeTestL432KC\ReaderSIM\Firmware_L432KC\EWARM\NFC_L432KC\Obj\usbd_conf.o
#        E:\Firmware\CodeTestL432KC\ReaderSIM\Firmware_L432KC\EWARM\NFC_L432KC\Obj\usbd_core.o
#        E:\Firmware\CodeTestL432KC\ReaderSIM\Firmware_L432KC\EWARM\NFC_L432KC\Obj\usbd_ctlreq.o
#        E:\Firmware\CodeTestL432KC\ReaderSIM\Firmware_L432KC\EWARM\NFC_L432KC\Obj\usbd_desc.o
#        E:\Firmware\CodeTestL432KC\ReaderSIM\Firmware_L432KC\EWARM\NFC_L432KC\Obj\usbd_hid.o
#        E:\Firmware\CodeTestL432KC\ReaderSIM\Firmware_L432KC\EWARM\NFC_L432KC\Obj\usbd_hid_keyboard.o
#        E:\Firmware\CodeTestL432KC\ReaderSIM\Firmware_L432KC\EWARM\NFC_L432KC\Obj\usbd_ioreq.o
#        --redirect _Printf=_PrintfFull --redirect _Scanf=_ScanfFull
#        --no_out_extension -o
#        E:\Firmware\CodeTestL432KC\ReaderSIM\Firmware_L432KC\EWARM\NFC_L432KC\Exe\NFC_L432KC.out
#        --map
#        E:\Firmware\CodeTestL432KC\ReaderSIM\Firmware_L432KC\EWARM\NFC_L432KC\List\NFC_L432KC.map
#        --config
#        E:\Firmware\CodeTestL432KC\ReaderSIM\Firmware_L432KC\EWARM/stm32l432xx_flash.icf
#        --semihosting --entry __iar_program_start --vfe --text_out locale)
#
###############################################################################

*******************************************************************************
*** RUNTIME MODEL ATTRIBUTES
***

CppFlavor       = *
__SystemLibrary = DLib
__dlib_version  = 6


*******************************************************************************
*** HEAP SELECTION
***

The basic heap was selected because no calls to memory allocation
functions were found in the application outside of system library
functions, and there are calls to deallocation functions in the
application.


*******************************************************************************
*** PLACEMENT SUMMARY
***

"A0":  place at address 0x800'0000 { ro section .intvec };
"P1":  place in [from 0x800'0000 to 0x803'ffff] { ro };
define block CSTACK with size = 1K, alignment = 8 { };
define block HEAP with size = 512, alignment = 8 { };
"P2":  place in [from 0x2000'0000 to 0x2000'ffff] {
          rw, block CSTACK, block HEAP };
initialize by copy { rw };

  Section            Kind         Address    Size  Object
  -------            ----         -------    ----  ------
"A0":                                       0x18c
  .intvec            ro code   0x800'0000   0x18c  startup_stm32l432xx.o [1]
                             - 0x800'018c   0x18c

"P1":                                      0x58c8
  .text              ro code   0x800'018c   0x96c  stm32l4xx_hal_rcc.o [1]
  .text              ro code   0x800'0af8    0x44  stm32l4xx_hal.o [1]
  .text              ro code   0x800'0b3c     0xc  stm32l4xx_hal.o [1]
  .text              ro code   0x800'0b48   0x6f8  main.o [1]
  .text              ro code   0x800'1240    0x9c  stm32l4xx_hal_pwr_ex.o [1]
  .text              ro code   0x800'12dc   0x124  stm32l4xx_hal_cortex.o [1]
  .text              ro code   0x800'1400    0x1e  stm32l4xx_hal.o [1]
  .text              ro code   0x800'141e    0x10  nfcm1833_module.o [1]
  .text              ro code   0x800'142e    0x3a  zero_init3.o [4]
  .text              ro code   0x800'1468    0xdc  i2c-lcd.o [1]
  .text              ro code   0x800'1544    0x28  stm32l4xx_hal.o [1]
  .text              ro code   0x800'156c    0x18  ABImemcpy_small.o [4]
  .text              ro code   0x800'1584   0x164  bcdencode.o [1]
  .text              ro code   0x800'16e8     0xc  memcpy.o [4]
  .text              ro code   0x800'16f4    0x14  strlen_small.o [4]
  .text              ro code   0x800'1708   0x80e  stm32l4xx_hal_uart.o [1]
  .text              ro code   0x800'1f16    0x2e  copy_init3.o [4]
  .text              ro code   0x800'1f44     0x6  ABImemclr.o [4]
  .text              ro code   0x800'1f4a    0x2c  strstr.o [2]
  .text              ro code   0x800'1f76    0x14  memset.o [4]
  .text              ro code   0x800'1f8c   0x596  stm32l4xx_hal_rcc_ex.o [1]
  .text              ro code   0x800'2524   0x1ce  stm32l4xx_hal_crc.o [1]
  .text              ro code   0x800'26f4   0x4c0  stm32l4xx_hal_i2c.o [1]
  .text              ro code   0x800'2bb4    0xfc  stm32l4xx_hal_i2c_ex.o [1]
  .text              ro code   0x800'2cb0   0x5d8  stm32l4xx_hal_spi.o [1]
  .text              ro code   0x800'3288   0x1cc  stm32l4xx_hal_msp.o [1]
  .text              ro code   0x800'3454   0x35c  nfcm1833tinz.o [1]
  .text              ro code   0x800'37b0   0x106  I64DivMod_small.o [4]
  .text              ro code   0x800'38b8    0x66  ABImemset.o [4]
  .text              ro code   0x800'3920    0x16  strchr.o [4]
  .text              ro code   0x800'3938    0x78  stm32l4xx_hal_crc_ex.o [1]
  .text              ro code   0x800'39b0   0x2c6  stm32l4xx_hal_gpio.o [1]
  .text              ro code   0x800'3c78     0x6  ABImemclr4.o [4]
  .text              ro code   0x800'3c80     0x2  I64DivZer.o [4]
  .text              ro code   0x800'3c84    0x32  ABImemset48.o [4]
  .text              ro code   0x800'3cb8   0x58a  stm32l4xx_hal_pcd.o [1]
  .text              ro code   0x800'4244   0x198  usbd_conf.o [1]
  .text              ro code   0x800'43dc   0x4cc  stm32l4xx_ll_usb.o [1]
  .text              ro code   0x800'48a8   0x236  usbd_core.o [1]
  .text              ro code   0x800'4ae0   0x40c  usbd_ctlreq.o [1]
  .text              ro code   0x800'4eec    0x4c  usbd_ioreq.o [1]
  .rodata            const     0x800'4f38   0x200  nfcm1833tinz.o [1]
  .rodata            const     0x800'5138    0x88  stm32l4xx_hal_cortex.o [1]
  .rodata            const     0x800'51c0    0x88  stm32l4xx_hal_crc_ex.o [1]
  .rodata            const     0x800'5248    0x88  stm32l4xx_hal_i2c_ex.o [1]
  .rodata            const     0x800'52d0    0x88  stm32l4xx_hal_pwr_ex.o [1]
  .rodata            const     0x800'5358    0x88  stm32l4xx_hal_rcc_ex.o [1]
  .rodata            const     0x800'53e0    0x84  stm32l4xx_hal_crc.o [1]
  .rodata            const     0x800'5464    0x84  stm32l4xx_hal_gpio.o [1]
  .rodata            const     0x800'54e8    0x84  stm32l4xx_hal_i2c.o [1]
  .rodata            const     0x800'556c    0x84  stm32l4xx_hal_rcc.o [1]
  .rodata            const     0x800'55f0    0x84  stm32l4xx_hal_spi.o [1]
  .rodata            const     0x800'5674    0x84  stm32l4xx_hal_uart.o [1]
  .rodata            const     0x800'56f8    0x70  main.o [1]
  .text              ro code   0x800'5768    0x5c  system_stm32l4xx.o [1]
  .rodata            const     0x800'57c4    0x50  nfcm1833tinz.o [1]
  .rodata            const     0x800'5814    0x30  system_stm32l4xx.o [1]
  .text              ro code   0x800'5844    0x2a  stm32l4xx_it.o [1]
  .text              ro code   0x800'5870    0x10  stm32l4xx_hal.o [1]
  .text              ro code   0x800'5880    0x28  data_init.o [4]
  .text              ro code   0x800'58a8    0x22  fpinit_M.o [3]
  .iar.init_table    const     0x800'58cc    0x24  - Linker created -
  .text              ro code   0x800'58f0    0x1e  cmain.o [4]
  .text              ro code   0x800'590e     0x4  low_level_init.o [2]
  .text              ro code   0x800'5912     0x4  exit.o [2]
  .text              ro code   0x800'5918     0xa  cexit.o [4]
  .text              ro code   0x800'5924    0x14  exit.o [5]
  .text              ro code   0x800'5938    0x10  startup_stm32l432xx.o [1]
  Initializer bytes  const     0x800'5948    0x10  <for P2-1>
  .text              ro code   0x800'5958     0xc  cstartup_M.o [4]
  .rodata            const     0x800'5964     0x8  system_stm32l4xx.o [1]
  .text              ro code   0x800'596c     0x4  startup_stm32l432xx.o [1]
  .text              ro code   0x800'5970     0x4  startup_stm32l432xx.o [1]
  .text              ro code   0x800'5974     0x4  startup_stm32l432xx.o [1]
  .text              ro code   0x800'5978     0x4  startup_stm32l432xx.o [1]
  .text              ro code   0x800'597c     0x4  startup_stm32l432xx.o [1]
  .text              ro code   0x800'5980     0x4  startup_stm32l432xx.o [1]
  .text              ro code   0x800'5984     0x4  startup_stm32l432xx.o [1]
  .text              ro code   0x800'5988     0x4  startup_stm32l432xx.o [1]
  .text              ro code   0x800'598c     0x4  startup_stm32l432xx.o [1]
  .text              ro code   0x800'5990     0x4  startup_stm32l432xx.o [1]
  .text              ro code   0x800'5994     0x4  startup_stm32l432xx.o [1]
  .text              ro code   0x800'5998     0x4  startup_stm32l432xx.o [1]
  .text              ro code   0x800'599c     0x4  startup_stm32l432xx.o [1]
  .text              ro code   0x800'59a0     0x4  startup_stm32l432xx.o [1]
  .text              ro code   0x800'59a4     0x4  startup_stm32l432xx.o [1]
  .text              ro code   0x800'59a8     0x4  startup_stm32l432xx.o [1]
  .text              ro code   0x800'59ac     0x4  startup_stm32l432xx.o [1]
  .text              ro code   0x800'59b0     0x4  startup_stm32l432xx.o [1]
  .text              ro code   0x800'59b4     0x4  startup_stm32l432xx.o [1]
  .text              ro code   0x800'59b8     0x4  startup_stm32l432xx.o [1]
  .text              ro code   0x800'59bc     0x4  startup_stm32l432xx.o [1]
  .text              ro code   0x800'59c0     0x4  startup_stm32l432xx.o [1]
  .text              ro code   0x800'59c4     0x4  startup_stm32l432xx.o [1]
  .text              ro code   0x800'59c8     0x4  startup_stm32l432xx.o [1]
  .text              ro code   0x800'59cc     0x4  startup_stm32l432xx.o [1]
  .text              ro code   0x800'59d0     0x4  startup_stm32l432xx.o [1]
  .text              ro code   0x800'59d4     0x4  startup_stm32l432xx.o [1]
  .text              ro code   0x800'59d8     0x4  startup_stm32l432xx.o [1]
  .text              ro code   0x800'59dc     0x4  startup_stm32l432xx.o [1]
  .text              ro code   0x800'59e0     0x4  startup_stm32l432xx.o [1]
  .text              ro code   0x800'59e4     0x4  startup_stm32l432xx.o [1]
  .text              ro code   0x800'59e8     0x4  startup_stm32l432xx.o [1]
  .text              ro code   0x800'59ec     0x4  startup_stm32l432xx.o [1]
  .text              ro code   0x800'59f0     0x4  startup_stm32l432xx.o [1]
  .text              ro code   0x800'59f4     0x4  startup_stm32l432xx.o [1]
  .text              ro code   0x800'59f8     0x4  startup_stm32l432xx.o [1]
  .text              ro code   0x800'59fc     0x4  startup_stm32l432xx.o [1]
  .text              ro code   0x800'5a00     0x4  startup_stm32l432xx.o [1]
  .text              ro code   0x800'5a04     0x4  startup_stm32l432xx.o [1]
  .text              ro code   0x800'5a08     0x4  startup_stm32l432xx.o [1]
  .text              ro code   0x800'5a0c     0x4  startup_stm32l432xx.o [1]
  .text              ro code   0x800'5a10     0x4  startup_stm32l432xx.o [1]
  .text              ro code   0x800'5a14     0x4  startup_stm32l432xx.o [1]
  .text              ro code   0x800'5a18     0x4  startup_stm32l432xx.o [1]
  .text              ro code   0x800'5a1c     0x4  startup_stm32l432xx.o [1]
  .text              ro code   0x800'5a20     0x4  startup_stm32l432xx.o [1]
  .text              ro code   0x800'5a24     0x4  startup_stm32l432xx.o [1]
  .text              ro code   0x800'5a28     0x4  startup_stm32l432xx.o [1]
  .text              ro code   0x800'5a2c     0x4  startup_stm32l432xx.o [1]
  .text              ro code   0x800'5a30     0x4  startup_stm32l432xx.o [1]
  .text              ro code   0x800'5a34     0x4  startup_stm32l432xx.o [1]
  .text              ro code   0x800'5a38     0x4  startup_stm32l432xx.o [1]
  .text              ro code   0x800'5a3c     0x4  startup_stm32l432xx.o [1]
  .text              ro code   0x800'5a40     0x4  startup_stm32l432xx.o [1]
  .text              ro code   0x800'5a44     0x4  startup_stm32l432xx.o [1]
  .text              ro code   0x800'5a48     0x4  startup_stm32l432xx.o [1]
  .text              ro code   0x800'5a4c     0x4  startup_stm32l432xx.o [1]
  .text              ro code   0x800'5a50     0x4  startup_stm32l432xx.o [1]
  .rodata            const     0x800'5a54     0x0  zero_init3.o [4]
  .rodata            const     0x800'5a54     0x0  copy_init3.o [4]
                             - 0x800'5a54  0x58c8

"P2", part 1 of 3:                           0x10
  P2-1                        0x2000'0000    0x10  <Init block>
    .data            inited   0x2000'0000     0xc  stm32l4xx_hal.o [1]
    .data            inited   0x2000'000c     0x4  system_stm32l4xx.o [1]
                            - 0x2000'0010    0x10

"P2", part 2 of 3:                          0x658
  .bss               zero     0x2000'0010   0x274  usbd_conf.o [1]
  .bss               zero     0x2000'0284   0x1f4  main.o [1]
  .bss               zero     0x2000'0478    0x80  main.o [1]
  .bss               zero     0x2000'04f8    0x80  main.o [1]
  .bss               zero     0x2000'0578    0x64  main.o [1]
  .bss               zero     0x2000'05dc    0x4c  main.o [1]
  .bss               zero     0x2000'0628    0x24  main.o [1]
  .bss               zero     0x2000'064c    0x18  main.o [1]
  .bss               zero     0x2000'0664     0x2  main.o [1]
  .bss               zero     0x2000'0666     0x1  usbd_ctlreq.o [1]
                            - 0x2000'0667   0x657

"P2", part 3 of 3:                          0x400
  CSTACK                      0x2000'0668   0x400  <Block>
    CSTACK           uninit   0x2000'0668   0x400  <Block tail>
                            - 0x2000'0a68   0x400

Unused ranges:

         From           To      Size
         ----           --      ----
   0x800'5a54   0x803'ffff  0x3'a5ac
  0x2000'0a68  0x2000'ffff    0xf598


*******************************************************************************
*** INIT TABLE
***

          Address      Size
          -------      ----
Zero (__iar_zero_init3)
    1 destination range, total size 0x657:
          0x2000'0010  0x657

Copy (__iar_copy_init3)
    1 source range, total size 0x10:
           0x800'5948   0x10
    1 destination range, total size 0x10:
          0x2000'0000   0x10



*******************************************************************************
*** MODULE SUMMARY
***

    Module                  ro code  ro data  rw data
    ------                  -------  -------  -------
command line/config:
    -------------------------------------------------
    Total:

E:\Firmware\CodeTestL432KC\ReaderSIM\Firmware_L432KC\EWARM\NFC_L432KC\Obj: [1]
    bcdencode.o                 356
    i2c-lcd.o                   220
    main.o                    1'784      112      994
    nfcm1833_module.o            16
    nfcm1833tinz.o              860      592
    startup_stm32l432xx.o       644
    stm32l4xx_hal.o             166       12       12
    stm32l4xx_hal_cortex.o      292      136
    stm32l4xx_hal_crc.o         462      132
    stm32l4xx_hal_crc_ex.o      120      136
    stm32l4xx_hal_gpio.o        710      132
    stm32l4xx_hal_i2c.o       1'216      132
    stm32l4xx_hal_i2c_ex.o      252      136
    stm32l4xx_hal_msp.o         460
    stm32l4xx_hal_pcd.o       1'418
    stm32l4xx_hal_pwr_ex.o      156      136
    stm32l4xx_hal_rcc.o       2'412      132
    stm32l4xx_hal_rcc_ex.o    1'430      136
    stm32l4xx_hal_spi.o       1'496      132
    stm32l4xx_hal_uart.o      2'062      132
    stm32l4xx_it.o               42
    stm32l4xx_ll_usb.o        1'228
    system_stm32l4xx.o           92       60        4
    usbd_conf.o                 408               628
    usbd_core.o                 566
    usbd_ctlreq.o             1'036                 1
    usbd_ioreq.o                 76
    -------------------------------------------------
    Total:                   19'980    2'248    1'639

dl7M_tlf.a: [2]
    exit.o                        4
    low_level_init.o              4
    strstr.o                     44
    -------------------------------------------------
    Total:                       52

m7M_tls.a: [3]
    fpinit_M.o                   34
    -------------------------------------------------
    Total:                       34

rt7M_tl.a: [4]
    ABImemclr.o                   6
    ABImemclr4.o                  6
    ABImemcpy_small.o            24
    ABImemset.o                 102
    ABImemset48.o                50
    I64DivMod_small.o           262
    I64DivZer.o                   2
    cexit.o                      10
    cmain.o                      30
    copy_init3.o                 46
    cstartup_M.o                 12
    data_init.o                  40
    memcpy.o                     12
    memset.o                     20
    strchr.o                     22
    strlen_small.o               20
    zero_init3.o                 58
    -------------------------------------------------
    Total:                      722

shb_l.a: [5]
    exit.o                       20
    -------------------------------------------------
    Total:                       20

    Gaps                         30        2
    Linker created                        36    1'024
-----------------------------------------------------
    Grand Total:             20'838    2'286    2'663


*******************************************************************************
*** ENTRY LIST
***

Entry                       Address   Size  Type      Object
-----                       -------   ----  ----      ------
.iar.init_table$$Base    0x800'58cc          --   Gb  - Linker created -
.iar.init_table$$Limit   0x800'58f0          --   Gb  - Linker created -
?main                    0x800'58f1         Code  Gb  cmain.o [4]
AHBPrescTable            0x800'57b4   0x10  Data  Gb  system_stm32l4xx.o [1]
APBPrescTable            0x800'5964    0x8  Data  Gb  system_stm32l4xx.o [1]
BusFault_Handler         0x800'5851    0x2  Code  Gb  stm32l4xx_it.o [1]
CRC_Handle_16            0x800'26c5   0x2e  Code  Lc  stm32l4xx_hal_crc.o [1]
CRC_Handle_8             0x800'265d   0x68  Code  Lc  stm32l4xx_hal_crc.o [1]
CSTACK$$Base            0x2000'0668          --   Gb  - Linker created -
CSTACK$$Limit           0x2000'0a68          --   Gb  - Linker created -
DebugMon_Handler         0x800'5857    0x2  Code  Gb  stm32l4xx_it.o [1]
EXTI0_IRQHandler         0x800'5869    0x6  Code  Gb  stm32l4xx_it.o [1]
Error_Handler            0x800'1175    0x2  Code  Gb  main.o [1]
HAL_CRCEx_Polynomial_Set
                         0x800'3939   0x6c  Code  Gb  stm32l4xx_hal_crc_ex.o [1]
HAL_CRC_Calculate        0x800'2615   0x42  Code  Gb  stm32l4xx_hal_crc.o [1]
HAL_CRC_Init             0x800'2525   0xdc  Code  Gb  stm32l4xx_hal_crc.o [1]
HAL_CRC_MspInit          0x800'32b5   0x22  Code  Gb  stm32l4xx_hal_msp.o [1]
HAL_Delay                0x800'1545   0x28  Code  Wk  stm32l4xx_hal.o [1]
HAL_GPIO_EXTI_IRQHandler
                         0x800'3c2b   0x10  Code  Gb  stm32l4xx_hal_gpio.o [1]
HAL_GPIO_Init            0x800'39b1  0x236  Code  Gb  stm32l4xx_hal_gpio.o [1]
HAL_GPIO_WritePin        0x800'3bf9   0x32  Code  Gb  stm32l4xx_hal_gpio.o [1]
HAL_GetTick              0x800'0b3d    0xc  Code  Wk  stm32l4xx_hal.o [1]
HAL_I2CEx_ConfigAnalogFilter
                         0x800'2bb5   0x66  Code  Gb  stm32l4xx_hal_i2c_ex.o [1]
HAL_I2CEx_ConfigDigitalFilter
                         0x800'2c1b   0x46  Code  Gb  stm32l4xx_hal_i2c_ex.o [1]
HAL_I2C_Init             0x800'26f5  0x156  Code  Gb  stm32l4xx_hal_i2c.o [1]
HAL_I2C_Master_Transmit
                         0x800'2861   0x8e  Code  Gb  stm32l4xx_hal_i2c.o [1]
HAL_I2C_MspInit          0x800'32d7   0x5e  Code  Gb  stm32l4xx_hal_msp.o [1]
HAL_IncTick              0x800'5871   0x10  Code  Wk  stm32l4xx_hal.o [1]
HAL_Init                 0x800'1401   0x1e  Code  Gb  stm32l4xx_hal.o [1]
HAL_InitTick             0x800'0af9   0x44  Code  Wk  stm32l4xx_hal.o [1]
HAL_MspInit              0x800'3289   0x2c  Code  Gb  stm32l4xx_hal_msp.o [1]
HAL_NVIC_SetPriority     0x800'1335   0x62  Code  Gb  stm32l4xx_hal_cortex.o [1]
HAL_NVIC_SetPriorityGrouping
                         0x800'12fb   0x3a  Code  Gb  stm32l4xx_hal_cortex.o [1]
HAL_NVIC_SystemReset     0x800'1397   0x1e  Code  Gb  stm32l4xx_hal_cortex.o [1]
HAL_PCDEx_LPM_Callback   0x800'4397   0x40  Code  Gb  usbd_conf.o [1]
HAL_PCD_DataInStageCallback
                         0x800'4261    0xe  Code  Gb  usbd_conf.o [1]
HAL_PCD_DataOutStageCallback
                         0x800'4251   0x10  Code  Gb  usbd_conf.o [1]
HAL_PCD_EP_ClrStall      0x800'41dd   0x2e  Code  Gb  stm32l4xx_hal_pcd.o [1]
HAL_PCD_EP_Open          0x800'40db   0x54  Code  Gb  stm32l4xx_hal_pcd.o [1]
HAL_PCD_EP_Receive       0x800'412f   0x1e  Code  Gb  stm32l4xx_hal_pcd.o [1]
HAL_PCD_EP_SetStall      0x800'4177   0x5e  Code  Gb  stm32l4xx_hal_pcd.o [1]
HAL_PCD_EP_Transmit      0x800'414d   0x1c  Code  Gb  stm32l4xx_hal_pcd.o [1]
HAL_PCD_IRQHandler       0x800'3cb9  0x396  Code  Gb  stm32l4xx_hal_pcd.o [1]
HAL_PCD_ResetCallback    0x800'4277   0x24  Code  Gb  usbd_conf.o [1]
HAL_PCD_ResumeCallback   0x800'42b7   0x22  Code  Gb  usbd_conf.o [1]
HAL_PCD_SOFCallback      0x800'426f    0x8  Code  Gb  usbd_conf.o [1]
HAL_PCD_SetAddress       0x800'40b7   0x1c  Code  Gb  stm32l4xx_hal_pcd.o [1]
HAL_PCD_SetupStageCallback
                         0x800'4245    0xc  Code  Gb  usbd_conf.o [1]
HAL_PCD_SuspendCallback
                         0x800'429b   0x1c  Code  Gb  usbd_conf.o [1]
HAL_PWREx_ControlVoltageScaling
                         0x800'124d   0x78  Code  Gb  stm32l4xx_hal_pwr_ex.o [1]
HAL_PWREx_GetVoltageRange
                         0x800'1241    0xc  Code  Gb  stm32l4xx_hal_pwr_ex.o [1]
HAL_RCCEx_PeriphCLKConfig
                         0x800'1f8d  0x3aa  Code  Gb  stm32l4xx_hal_rcc_ex.o [1]
HAL_RCC_ClockConfig      0x800'07ab  0x1be  Code  Gb  stm32l4xx_hal_rcc.o [1]
HAL_RCC_GetPCLK1Freq     0x800'0a17   0x10  Code  Gb  stm32l4xx_hal_rcc.o [1]
HAL_RCC_GetPCLK2Freq     0x800'0a27    0xe  Code  Gb  stm32l4xx_hal_rcc.o [1]
HAL_RCC_GetSysClockFreq
                         0x800'0985   0x92  Code  Gb  stm32l4xx_hal_rcc.o [1]
HAL_RCC_OscConfig        0x800'018d  0x5fa  Code  Gb  stm32l4xx_hal_rcc.o [1]
HAL_SPI_Init             0x800'2cb1  0x1dc  Code  Gb  stm32l4xx_hal_spi.o [1]
HAL_SPI_MspInit          0x800'3335    0x4  Code  Gb  stm32l4xx_hal_msp.o [1]
HAL_SPI_TransmitReceive
                         0x800'2ead  0x24e  Code  Gb  stm32l4xx_hal_spi.o [1]
HAL_SYSTICK_Config       0x800'13b5   0x2a  Code  Gb  stm32l4xx_hal_cortex.o [1]
HAL_UART_Init            0x800'1709   0x6c  Code  Gb  stm32l4xx_hal_uart.o [1]
HAL_UART_MspInit         0x800'33a3   0x5c  Code  Gb  stm32l4xx_hal_msp.o [1]
HAL_UART_Receive         0x800'1875   0xd6  Code  Gb  stm32l4xx_hal_uart.o [1]
HAL_UART_Transmit        0x800'17c1   0xb4  Code  Gb  stm32l4xx_hal_uart.o [1]
HardFault_Handler        0x800'5847    0x8  Code  Gb  stm32l4xx_it.o [1]
I2C_Flush_TXDR           0x800'29c1   0x1c  Code  Lc  stm32l4xx_hal_i2c.o [1]
I2C_IsAcknowledgeFailed
                         0x800'2aa7   0x6c  Code  Lc  stm32l4xx_hal_i2c.o [1]
I2C_TransferConfig       0x800'2b13   0x82  Code  Lc  stm32l4xx_hal_i2c.o [1]
I2C_WaitOnFlagUntilTimeout
                         0x800'29dd   0x42  Code  Lc  stm32l4xx_hal_i2c.o [1]
I2C_WaitOnSTOPFlagUntilTimeout
                         0x800'2a6f   0x30  Code  Lc  stm32l4xx_hal_i2c.o [1]
I2C_WaitOnTXISFlagUntilTimeout
                         0x800'2a1f   0x38  Code  Lc  stm32l4xx_hal_i2c.o [1]
MSIRangeTable            0x800'5814   0x30  Data  Gb  system_stm32l4xx.o [1]
MX_CRC_Init              0x800'0feb   0x34  Code  Lc  main.o [1]
MX_GPIO_Init             0x800'10b3   0x50  Code  Lc  main.o [1]
MX_I2C1_Init             0x800'1025   0x4a  Code  Lc  main.o [1]
MX_SPI1_Init             0x800'106f   0x3e  Code  Lc  main.o [1]
MX_USART1_UART_Init      0x800'110f    0x4  Code  Lc  main.o [1]
MX_USART2_UART_Init      0x800'1109    0x6  Code  Lc  main.o [1]
MemManage_Handler        0x800'584f    0x2  Code  Gb  stm32l4xx_it.o [1]
NMI_Handler              0x800'5845    0x2  Code  Gb  stm32l4xx_it.o [1]
PendSV_Handler           0x800'5859    0x2  Code  Gb  stm32l4xx_it.o [1]
RCCEx_PLLSAI1_Config     0x800'2355  0x1a4  Code  Lc  stm32l4xx_hal_rcc_ex.o [1]
RCC_SetFlashLatencyFromMSIRange
                         0x800'0a4d   0x74  Code  Lc  stm32l4xx_hal_rcc.o [1]
Region$$Table$$Base      0x800'58cc          --   Gb  - Linker created -
Region$$Table$$Limit     0x800'58f0          --   Gb  - Linker created -
SPI_EndRxTxTransaction   0x800'3241   0x2e  Code  Lc  stm32l4xx_hal_spi.o [1]
SPI_WaitFifoStateUntilTimeout
                         0x800'319b   0x8e  Code  Lc  stm32l4xx_hal_spi.o [1]
SPI_WaitFlagStateUntilTimeout
                         0x800'3111   0x8a  Code  Lc  stm32l4xx_hal_spi.o [1]
SVC_Handler              0x800'5855    0x2  Code  Gb  stm32l4xx_it.o [1]
Sim_Response             0x800'0ec9   0x8a  Code  Gb  main.o [1]
Sim_Rxdata              0x2000'0664    0x2  Data  Gb  main.o [1]
Sim_response            0x2000'0284  0x1f4  Data  Gb  main.o [1]
Sim_sendCommand          0x800'0e03   0xa2  Code  Gb  main.o [1]
SysTick_Handler          0x800'585b    0x4  Code  Gb  stm32l4xx_it.o [1]
SystemClock_Config       0x800'0f61   0x8a  Code  Gb  main.o [1]
SystemCoreClock         0x2000'000c    0x4  Data  Gb  system_stm32l4xx.o [1]
SystemInit               0x800'5769   0x3c  Code  Gb  system_stm32l4xx.o [1]
UART_AdvFeatureConfig    0x800'1c6f  0x1b4  Code  Gb  stm32l4xx_hal_uart.o [1]
UART_CheckIdleState      0x800'1e57   0x5a  Code  Gb  stm32l4xx_hal_uart.o [1]
UART_SetConfig           0x800'195d  0x300  Code  Gb  stm32l4xx_hal_uart.o [1]
UART_WaitOnFlagUntilTimeout
                         0x800'1eb1   0x5a  Code  Gb  stm32l4xx_hal_uart.o [1]
USBD_ClrClassConfig      0x800'48bf    0xa  Code  Gb  usbd_core.o [1]
USBD_CtlContinueRx       0x800'4f0d    0x4  Code  Gb  usbd_ioreq.o [1]
USBD_CtlContinueSendData
                         0x800'4efd    0x4  Code  Gb  usbd_ioreq.o [1]
USBD_CtlError            0x800'4ed7   0x16  Code  Gb  usbd_ctlreq.o [1]
USBD_CtlReceiveStatus    0x800'4f2b    0xe  Code  Gb  usbd_ioreq.o [1]
USBD_CtlSendData         0x800'4eed   0x10  Code  Gb  usbd_ioreq.o [1]
USBD_CtlSendStatus       0x800'4f1d    0xe  Code  Gb  usbd_ioreq.o [1]
USBD_LL_ClearStallEP     0x800'4313   0x1a  Code  Gb  usbd_conf.o [1]
USBD_LL_DataInStage      0x800'499f   0xae  Code  Gb  usbd_core.o [1]
USBD_LL_DataOutStage     0x800'491d   0x7a  Code  Gb  usbd_core.o [1]
USBD_LL_IsStallEP        0x800'432d   0x1c  Code  Gb  usbd_conf.o [1]
USBD_LL_OpenEP           0x800'42d9   0x20  Code  Gb  usbd_conf.o [1]
USBD_LL_PrepareReceive   0x800'437d   0x1a  Code  Gb  usbd_conf.o [1]
USBD_LL_Reset            0x800'4a4d   0x52  Code  Gb  usbd_core.o [1]
USBD_LL_Resume           0x800'4ab5    0xc  Code  Gb  usbd_core.o [1]
USBD_LL_SOF              0x800'4ac1   0x18  Code  Gb  usbd_core.o [1]
USBD_LL_SetSpeed         0x800'4a9f    0x6  Code  Gb  usbd_core.o [1]
USBD_LL_SetUSBAddress    0x800'4349   0x1a  Code  Gb  usbd_conf.o [1]
USBD_LL_SetupStage       0x800'48c9   0x54  Code  Gb  usbd_core.o [1]
USBD_LL_StallEP          0x800'42f9   0x1a  Code  Gb  usbd_conf.o [1]
USBD_LL_Suspend          0x800'4aa5   0x10  Code  Gb  usbd_core.o [1]
USBD_LL_Transmit         0x800'4363   0x1a  Code  Gb  usbd_conf.o [1]
USBD_ParseSetupRequest   0x800'4ead   0x2a  Code  Gb  usbd_ctlreq.o [1]
USBD_SetClassConfig      0x800'48a9   0x16  Code  Gb  usbd_core.o [1]
USBD_SetConfig::cfgidx  0x2000'0666    0x1  Data  Lc  usbd_ctlreq.o [1]
USBD_StdDevReq           0x800'4ae1  0x24a  Code  Gb  usbd_ctlreq.o [1]
USBD_StdEPReq            0x800'4d85  0x11a  Code  Gb  usbd_ctlreq.o [1]
USBD_StdItfReq           0x800'4d31   0x42  Code  Gb  usbd_ctlreq.o [1]
USB_ActivateEndpoint     0x800'43dd  0x250  Code  Gb  stm32l4xx_ll_usb.o [1]
USB_EP0_OutStart         0x800'485d    0x4  Code  Gb  stm32l4xx_ll_usb.o [1]
USB_EPClearStall         0x800'47d1   0x7a  Code  Gb  stm32l4xx_ll_usb.o [1]
USB_EPSetStall           0x800'479f   0x32  Code  Gb  stm32l4xx_ll_usb.o [1]
USB_EPStartXfer          0x800'462d  0x14e  Code  Gb  stm32l4xx_ll_usb.o [1]
USB_IRQHandler           0x800'585f    0x6  Code  Gb  stm32l4xx_it.o [1]
USB_ReadInterrupts       0x800'4857    0x6  Code  Gb  stm32l4xx_ll_usb.o [1]
USB_ReadPMA              0x800'4883   0x26  Code  Gb  stm32l4xx_ll_usb.o [1]
USB_SetDevAddress        0x800'484b    0xc  Code  Gb  stm32l4xx_ll_usb.o [1]
USB_WritePMA             0x800'4861   0x22  Code  Gb  stm32l4xx_ll_usb.o [1]
UsageFault_Handler       0x800'5853    0x2  Code  Gb  stm32l4xx_it.o [1]
WakeUp_CR95HF            0x800'142b    0x4  Code  Gb  nfcm1833_module.o [1]
WakeUp_TinZ              0x800'373d   0x58  Code  Gb  nfcm1833tinz.o [1]
__NVIC_SetPriority       0x800'12dd   0x1e  Code  Lc  stm32l4xx_hal_cortex.o [1]
__aeabi_ldiv0            0x800'3c81         Code  Gb  I64DivZer.o [4]
__aeabi_memclr           0x800'1f45         Code  Gb  ABImemclr.o [4]
__aeabi_memclr4          0x800'3c79         Code  Gb  ABImemclr4.o [4]
__aeabi_memset           0x800'38b9         Code  Gb  ABImemset.o [4]
__cmain                  0x800'58f1         Code  Gb  cmain.o [4]
__exit                   0x800'5925   0x14  Code  Gb  exit.o [5]
__iar_Memset             0x800'38b9         Code  Gb  ABImemset.o [4]
__iar_Memset4_word       0x800'3c85         Code  Gb  ABImemset48.o [4]
__iar_Memset8_word       0x800'3c85         Code  Gb  ABImemset48.o [4]
__iar_Memset_word        0x800'38c1         Code  Gb  ABImemset.o [4]
__iar_Strchr             0x800'3921         Code  Gb  strchr.o [4]
__iar_copy_init3         0x800'1f17   0x2e  Code  Gb  copy_init3.o [4]
__iar_data_init3         0x800'5881   0x28  Code  Gb  data_init.o [4]
__iar_init_vfp           0x800'58a9         Code  Gb  fpinit_M.o [3]
__iar_program_start      0x800'5959         Code  Gb  cstartup_M.o [4]
__iar_small_Memcpy       0x800'1571         Code  Gb  ABImemcpy_small.o [4]
__iar_small_memcpy       0x800'156d         Code  Gb  ABImemcpy_small.o [4]
__iar_small_memcpy4      0x800'156d         Code  Gb  ABImemcpy_small.o [4]
__iar_small_memcpy8      0x800'156d         Code  Gb  ABImemcpy_small.o [4]
__iar_small_strlen       0x800'16f5         Code  Gb  strlen_small.o [4]
__iar_small_uldivmod     0x800'37b1         Code  Gb  I64DivMod_small.o [4]
__iar_zero_init3         0x800'142f   0x3a  Code  Gb  zero_init3.o [4]
__low_level_init         0x800'590f    0x4  Code  Gb  low_level_init.o [2]
__vector_table           0x800'0000         Data  Gb  startup_stm32l432xx.o [1]
_call_main               0x800'58fd         Code  Gb  cmain.o [4]
_exit                    0x800'5919         Code  Gb  cexit.o [4]
_main                    0x800'590b         Code  Gb  cmain.o [4]
assert_failed            0x800'1177    0x2  Code  Gb  main.o [1]
crcx25                   0x800'3715   0x18  Code  Lc  nfcm1833tinz.o [1]
deleteBuffer             0x800'0de9   0x1a  Code  Gb  main.o [1]
display                  0x800'0dcd   0x1c  Code  Gb  main.o [1]
encode4byte              0x800'1585   0x7c  Code  Gb  bcdencode.o [1]
encode8byte_little_edian
                         0x800'1601   0xd6  Code  Gb  bcdencode.o [1]
exit                     0x800'5913    0x4  Code  Gb  exit.o [2]
getDeviceID              0x800'1427    0x4  Code  Gb  nfcm1833_module.o [1]
getDeviceID_spi          0x800'36e1   0x32  Code  Gb  nfcm1833tinz.o [1]
hcrc                    0x2000'0628   0x24  Data  Gb  main.o [1]
hi2c1                   0x2000'05dc   0x4c  Data  Gb  main.o [1]
hpcd_USB_FS             0x2000'0010  0x274  Data  Gb  usbd_conf.o [1]
huart1                  0x2000'04f8   0x80  Data  Gb  main.o [1]
huart2                  0x2000'0478   0x80  Data  Gb  main.o [1]
idTag                   0x2000'064c    0x8  Data  Gb  main.o [1]
idTagBCD                0x2000'0654   0x10  Data  Gb  main.o [1]
lcd_clear_display        0x800'1531    0x4  Code  Gb  i2c-lcd.o [1]
lcd_goto_XY              0x800'1535   0x10  Code  Gb  i2c-lcd.o [1]
lcd_init                 0x800'14c9   0x4c  Code  Gb  i2c-lcd.o [1]
lcd_send_cmd             0x800'1469   0x22  Code  Gb  i2c-lcd.o [1]
lcd_send_data            0x800'148b   0x20  Code  Gb  i2c-lcd.o [1]
lcd_send_string          0x800'151b   0x16  Code  Gb  i2c-lcd.o [1]
main                     0x800'0b49  0x252  Code  Gb  main.o [1]
memcpy                   0x800'16e9    0xc  Code  Gb  memcpy.o [4]
memset                   0x800'1f77   0x14  Code  Gb  memset.o [4]
ping_module              0x800'1423    0x4  Code  Gb  nfcm1833_module.o [1]
ping_module_spi          0x800'35a5   0x40  Code  Gb  nfcm1833tinz.o [1]
select_tag_type          0x800'141f    0x4  Code  Gb  nfcm1833_module.o [1]
select_tag_type_spi      0x800'35e9   0x66  Code  Gb  nfcm1833tinz.o [1]
sendrecv_spi             0x800'364f   0x88  Code  Gb  nfcm1833tinz.o [1]
spi_polling_data_cr95hf
                         0x800'34b9   0x64  Code  Lc  nfcm1833tinz.o [1]
spi_recv_data_from_cr95hf
                         0x800'3529   0x62  Code  Lc  nfcm1833tinz.o [1]
spi_send_data_to_cr95hf
                         0x800'3455   0x64  Code  Lc  nfcm1833tinz.o [1]
spi_to_nfcm1833tinz     0x2000'0578   0x64  Data  Gb  main.o [1]
strchr                   0x800'3921         Code  Gb  strchr.o [4]
strstr                   0x800'1f4b   0x2c  Code  Gb  strstr.o [2]
uwTick                  0x2000'0000    0x4  Data  Gb  stm32l4xx_hal.o [1]
uwTickFreq              0x2000'0008    0x4  Data  Gb  stm32l4xx_hal.o [1]
uwTickPrio              0x2000'0004    0x4  Data  Gb  stm32l4xx_hal.o [1]


[1] = E:\Firmware\CodeTestL432KC\ReaderSIM\Firmware_L432KC\EWARM\NFC_L432KC\Obj
[2] = dl7M_tlf.a
[3] = m7M_tls.a
[4] = rt7M_tl.a
[5] = shb_l.a

  20'838 bytes of readonly  code memory
   2'286 bytes of readonly  data memory
   2'663 bytes of readwrite data memory

Errors: none
Warnings: none
