###############################################################################
#
# IAR ELF Linker V8.40.1.212/W32 for ARM                  29/May/2020  18:22:13
# Copyright 2007-2019 IAR Systems AB.
#
#    Output file  =
#        E:\Firmware\CodeTestL432KC\ReaderSIM\Firmware_L432KC\EWARM\NFC_L432KC\Exe\NFC_L432KC.out
#    Map file     =
#        E:\Firmware\CodeTestL432KC\ReaderSIM\Firmware_L432KC\EWARM\NFC_L432KC\List\NFC_L432KC.map
#    Command line =
#        -f C:\Users\ANNGUY~1\AppData\Local\Temp\EW3B8D.tmp
#        (E:\Firmware\CodeTestL432KC\ReaderSIM\Firmware_L432KC\EWARM\NFC_L432KC\Obj\bcdencode.o
#        E:\Firmware\CodeTestL432KC\ReaderSIM\Firmware_L432KC\EWARM\NFC_L432KC\Obj\i2c-lcd.o
#        E:\Firmware\CodeTestL432KC\ReaderSIM\Firmware_L432KC\EWARM\NFC_L432KC\Obj\main.o
#        E:\Firmware\CodeTestL432KC\ReaderSIM\Firmware_L432KC\EWARM\NFC_L432KC\Obj\ndef.o
#        E:\Firmware\CodeTestL432KC\ReaderSIM\Firmware_L432KC\EWARM\NFC_L432KC\Obj\nfcm1833_module.o
#        E:\Firmware\CodeTestL432KC\ReaderSIM\Firmware_L432KC\EWARM\NFC_L432KC\Obj\nfcm1833tiny.o
#        E:\Firmware\CodeTestL432KC\ReaderSIM\Firmware_L432KC\EWARM\NFC_L432KC\Obj\nfcm1833tinz.o
#        E:\Firmware\CodeTestL432KC\ReaderSIM\Firmware_L432KC\EWARM\NFC_L432KC\Obj\startup_stm32l432xx.o
#        E:\Firmware\CodeTestL432KC\ReaderSIM\Firmware_L432KC\EWARM\NFC_L432KC\Obj\stm32l4xx_hal.o
#        E:\Firmware\CodeTestL432KC\ReaderSIM\Firmware_L432KC\EWARM\NFC_L432KC\Obj\stm32l4xx_hal_cortex.o
#        E:\Firmware\CodeTestL432KC\ReaderSIM\Firmware_L432KC\EWARM\NFC_L432KC\Obj\stm32l4xx_hal_crc.o
#        E:\Firmware\CodeTestL432KC\ReaderSIM\Firmware_L432KC\EWARM\NFC_L432KC\Obj\stm32l4xx_hal_crc_ex.o
#        E:\Firmware\CodeTestL432KC\ReaderSIM\Firmware_L432KC\EWARM\NFC_L432KC\Obj\stm32l4xx_hal_dma.o
#        E:\Firmware\CodeTestL432KC\ReaderSIM\Firmware_L432KC\EWARM\NFC_L432KC\Obj\stm32l4xx_hal_dma_ex.o
#        E:\Firmware\CodeTestL432KC\ReaderSIM\Firmware_L432KC\EWARM\NFC_L432KC\Obj\stm32l4xx_hal_exti.o
#        E:\Firmware\CodeTestL432KC\ReaderSIM\Firmware_L432KC\EWARM\NFC_L432KC\Obj\stm32l4xx_hal_flash.o
#        E:\Firmware\CodeTestL432KC\ReaderSIM\Firmware_L432KC\EWARM\NFC_L432KC\Obj\stm32l4xx_hal_flash_ex.o
#        E:\Firmware\CodeTestL432KC\ReaderSIM\Firmware_L432KC\EWARM\NFC_L432KC\Obj\stm32l4xx_hal_flash_ramfunc.o
#        E:\Firmware\CodeTestL432KC\ReaderSIM\Firmware_L432KC\EWARM\NFC_L432KC\Obj\stm32l4xx_hal_gpio.o
#        E:\Firmware\CodeTestL432KC\ReaderSIM\Firmware_L432KC\EWARM\NFC_L432KC\Obj\stm32l4xx_hal_i2c.o
#        E:\Firmware\CodeTestL432KC\ReaderSIM\Firmware_L432KC\EWARM\NFC_L432KC\Obj\stm32l4xx_hal_i2c_ex.o
#        E:\Firmware\CodeTestL432KC\ReaderSIM\Firmware_L432KC\EWARM\NFC_L432KC\Obj\stm32l4xx_hal_msp.o
#        E:\Firmware\CodeTestL432KC\ReaderSIM\Firmware_L432KC\EWARM\NFC_L432KC\Obj\stm32l4xx_hal_pcd.o
#        E:\Firmware\CodeTestL432KC\ReaderSIM\Firmware_L432KC\EWARM\NFC_L432KC\Obj\stm32l4xx_hal_pcd_ex.o
#        E:\Firmware\CodeTestL432KC\ReaderSIM\Firmware_L432KC\EWARM\NFC_L432KC\Obj\stm32l4xx_hal_pwr.o
#        E:\Firmware\CodeTestL432KC\ReaderSIM\Firmware_L432KC\EWARM\NFC_L432KC\Obj\stm32l4xx_hal_pwr_ex.o
#        E:\Firmware\CodeTestL432KC\ReaderSIM\Firmware_L432KC\EWARM\NFC_L432KC\Obj\stm32l4xx_hal_rcc.o
#        E:\Firmware\CodeTestL432KC\ReaderSIM\Firmware_L432KC\EWARM\NFC_L432KC\Obj\stm32l4xx_hal_rcc_ex.o
#        E:\Firmware\CodeTestL432KC\ReaderSIM\Firmware_L432KC\EWARM\NFC_L432KC\Obj\stm32l4xx_hal_spi.o
#        E:\Firmware\CodeTestL432KC\ReaderSIM\Firmware_L432KC\EWARM\NFC_L432KC\Obj\stm32l4xx_hal_spi_ex.o
#        E:\Firmware\CodeTestL432KC\ReaderSIM\Firmware_L432KC\EWARM\NFC_L432KC\Obj\stm32l4xx_hal_tim.o
#        E:\Firmware\CodeTestL432KC\ReaderSIM\Firmware_L432KC\EWARM\NFC_L432KC\Obj\stm32l4xx_hal_tim_ex.o
#        E:\Firmware\CodeTestL432KC\ReaderSIM\Firmware_L432KC\EWARM\NFC_L432KC\Obj\stm32l4xx_hal_uart.o
#        E:\Firmware\CodeTestL432KC\ReaderSIM\Firmware_L432KC\EWARM\NFC_L432KC\Obj\stm32l4xx_hal_uart_ex.o
#        E:\Firmware\CodeTestL432KC\ReaderSIM\Firmware_L432KC\EWARM\NFC_L432KC\Obj\stm32l4xx_it.o
#        E:\Firmware\CodeTestL432KC\ReaderSIM\Firmware_L432KC\EWARM\NFC_L432KC\Obj\stm32l4xx_ll_usb.o
#        E:\Firmware\CodeTestL432KC\ReaderSIM\Firmware_L432KC\EWARM\NFC_L432KC\Obj\system_stm32l4xx.o
#        E:\Firmware\CodeTestL432KC\ReaderSIM\Firmware_L432KC\EWARM\NFC_L432KC\Obj\usbd_cdc.o
#        E:\Firmware\CodeTestL432KC\ReaderSIM\Firmware_L432KC\EWARM\NFC_L432KC\Obj\usbd_cdc_vcp.o
#        E:\Firmware\CodeTestL432KC\ReaderSIM\Firmware_L432KC\EWARM\NFC_L432KC\Obj\usbd_conf.o
#        E:\Firmware\CodeTestL432KC\ReaderSIM\Firmware_L432KC\EWARM\NFC_L432KC\Obj\usbd_core.o
#        E:\Firmware\CodeTestL432KC\ReaderSIM\Firmware_L432KC\EWARM\NFC_L432KC\Obj\usbd_ctlreq.o
#        E:\Firmware\CodeTestL432KC\ReaderSIM\Firmware_L432KC\EWARM\NFC_L432KC\Obj\usbd_desc.o
#        E:\Firmware\CodeTestL432KC\ReaderSIM\Firmware_L432KC\EWARM\NFC_L432KC\Obj\usbd_hid.o
#        E:\Firmware\CodeTestL432KC\ReaderSIM\Firmware_L432KC\EWARM\NFC_L432KC\Obj\usbd_hid_keyboard.o
#        E:\Firmware\CodeTestL432KC\ReaderSIM\Firmware_L432KC\EWARM\NFC_L432KC\Obj\usbd_ioreq.o
#        --redirect _Printf=_PrintfFull --redirect _Scanf=_ScanfFull
#        --no_out_extension -o
#        E:\Firmware\CodeTestL432KC\ReaderSIM\Firmware_L432KC\EWARM\NFC_L432KC\Exe\NFC_L432KC.out
#        --map
#        E:\Firmware\CodeTestL432KC\ReaderSIM\Firmware_L432KC\EWARM\NFC_L432KC\List\NFC_L432KC.map
#        --config
#        E:\Firmware\CodeTestL432KC\ReaderSIM\Firmware_L432KC\EWARM/stm32l432xx_flash.icf
#        --semihosting --entry __iar_program_start --vfe --text_out locale)
#
###############################################################################

*******************************************************************************
*** RUNTIME MODEL ATTRIBUTES
***

CppFlavor       = *
__SystemLibrary = DLib
__dlib_version  = 6


*******************************************************************************
*** HEAP SELECTION
***

The basic heap was selected because no calls to memory allocation
functions were found in the application outside of system library
functions, and there are calls to deallocation functions in the
application.


*******************************************************************************
*** PLACEMENT SUMMARY
***

"A0":  place at address 0x800'0000 { ro section .intvec };
"P1":  place in [from 0x800'0000 to 0x803'ffff] { ro };
define block CSTACK with size = 1K, alignment = 8 { };
define block HEAP with size = 512, alignment = 8 { };
"P2":  place in [from 0x2000'0000 to 0x2000'ffff] {
          rw, block CSTACK, block HEAP };
initialize by copy { rw };

  Section            Kind         Address    Size  Object
  -------            ----         -------    ----  ------
"A0":                                       0x18c
  .intvec            ro code   0x800'0000   0x18c  startup_stm32l432xx.o [1]
                             - 0x800'018c   0x18c

"P1":                                      0x57e4
  .text              ro code   0x800'018c   0x96c  stm32l4xx_hal_rcc.o [1]
  .text              ro code   0x800'0af8    0x44  stm32l4xx_hal.o [1]
  .text              ro code   0x800'0b3c     0xc  stm32l4xx_hal.o [1]
  .text              ro code   0x800'0b48   0x658  main.o [1]
  .text              ro code   0x800'11a0    0x9c  stm32l4xx_hal_pwr_ex.o [1]
  .text              ro code   0x800'123c   0x150  stm32l4xx_hal_cortex.o [1]
  .text              ro code   0x800'138c    0x1e  stm32l4xx_hal.o [1]
  .text              ro code   0x800'13aa    0x3a  zero_init3.o [4]
  .text              ro code   0x800'13e4   0x2e0  stm32l4xx_hal_gpio.o [1]
  .text              ro code   0x800'16c4   0x1ce  stm32l4xx_hal_crc.o [1]
  .text              ro code   0x800'1892    0x2e  copy_init3.o [4]
  .text              ro code   0x800'18c0   0x4c0  stm32l4xx_hal_i2c.o [1]
  .text              ro code   0x800'1d80    0xfc  stm32l4xx_hal_i2c_ex.o [1]
  .text              ro code   0x800'1e7c   0x5d8  stm32l4xx_hal_spi.o [1]
  .text              ro code   0x800'2454    0x10  nfcm1833_module.o [1]
  .text              ro code   0x800'2464    0xdc  i2c-lcd.o [1]
  .text              ro code   0x800'2540    0x28  stm32l4xx_hal.o [1]
  .text              ro code   0x800'2568    0x18  ABImemcpy_small.o [4]
  .text              ro code   0x800'2580     0xc  memcpy.o [4]
  .text              ro code   0x800'258c    0x14  memset.o [4]
  .text              ro code   0x800'25a0   0x164  bcdencode.o [1]
  .text              ro code   0x800'2704   0x736  stm32l4xx_hal_uart.o [1]
  .text              ro code   0x800'2e3c    0x14  strlen_small.o [4]
  .text              ro code   0x800'2e50   0x596  stm32l4xx_hal_rcc_ex.o [1]
  .text              ro code   0x800'33e8   0x1cc  stm32l4xx_hal_msp.o [1]
  .text              ro code   0x800'35b4    0x78  stm32l4xx_hal_crc_ex.o [1]
  .text              ro code   0x800'362c   0x350  nfcm1833tinz.o [1]
  .text              ro code   0x800'397c    0x66  ABImemset.o [4]
  .text              ro code   0x800'39e4   0x106  I64DivMod_small.o [4]
  .text              ro code   0x800'3aec     0x6  ABImemclr4.o [4]
  .text              ro code   0x800'3af4     0x2  I64DivZer.o [4]
  .text              ro code   0x800'3af8    0x32  ABImemset48.o [4]
  .text              ro code   0x800'3b2c   0x58a  stm32l4xx_hal_pcd.o [1]
  .text              ro code   0x800'40b8   0x198  usbd_conf.o [1]
  .text              ro code   0x800'4250   0x4cc  stm32l4xx_ll_usb.o [1]
  .text              ro code   0x800'471c   0x236  usbd_core.o [1]
  .text              ro code   0x800'4954   0x40c  usbd_ctlreq.o [1]
  .text              ro code   0x800'4d60    0x4c  usbd_ioreq.o [1]
  .rodata            const     0x800'4dac   0x200  nfcm1833tinz.o [1]
  .rodata            const     0x800'4fac   0x118  main.o [1]
  .rodata            const     0x800'50c4    0x88  stm32l4xx_hal_cortex.o [1]
  .rodata            const     0x800'514c    0x88  stm32l4xx_hal_crc_ex.o [1]
  .rodata            const     0x800'51d4    0x88  stm32l4xx_hal_i2c_ex.o [1]
  .rodata            const     0x800'525c    0x88  stm32l4xx_hal_pwr_ex.o [1]
  .rodata            const     0x800'52e4    0x88  stm32l4xx_hal_rcc_ex.o [1]
  .rodata            const     0x800'536c    0x84  stm32l4xx_hal_crc.o [1]
  .rodata            const     0x800'53f0    0x84  stm32l4xx_hal_gpio.o [1]
  .rodata            const     0x800'5474    0x84  stm32l4xx_hal_i2c.o [1]
  .rodata            const     0x800'54f8    0x84  stm32l4xx_hal_rcc.o [1]
  .rodata            const     0x800'557c    0x84  stm32l4xx_hal_spi.o [1]
  .rodata            const     0x800'5600    0x84  stm32l4xx_hal_uart.o [1]
  .text              ro code   0x800'5684    0x5c  system_stm32l4xx.o [1]
  .rodata            const     0x800'56e0    0x50  nfcm1833tinz.o [1]
  .rodata            const     0x800'5730    0x30  system_stm32l4xx.o [1]
  .text              ro code   0x800'5760    0x2a  stm32l4xx_it.o [1]
  .text              ro code   0x800'578c    0x10  stm32l4xx_hal.o [1]
  .text              ro code   0x800'579c    0x28  data_init.o [4]
  .text              ro code   0x800'57c4    0x22  fpinit_M.o [3]
  .iar.init_table    const     0x800'57e8    0x24  - Linker created -
  .text              ro code   0x800'580c    0x1e  cmain.o [4]
  .text              ro code   0x800'582a     0x4  low_level_init.o [2]
  .text              ro code   0x800'582e     0x4  exit.o [2]
  .text              ro code   0x800'5834     0xa  cexit.o [4]
  .text              ro code   0x800'5840    0x14  exit.o [5]
  .text              ro code   0x800'5854    0x10  startup_stm32l432xx.o [1]
  Initializer bytes  const     0x800'5864    0x10  <for P2-1>
  .text              ro code   0x800'5874     0xc  cstartup_M.o [4]
  .rodata            const     0x800'5880     0x8  system_stm32l4xx.o [1]
  .text              ro code   0x800'5888     0x4  startup_stm32l432xx.o [1]
  .text              ro code   0x800'588c     0x4  startup_stm32l432xx.o [1]
  .text              ro code   0x800'5890     0x4  startup_stm32l432xx.o [1]
  .text              ro code   0x800'5894     0x4  startup_stm32l432xx.o [1]
  .text              ro code   0x800'5898     0x4  startup_stm32l432xx.o [1]
  .text              ro code   0x800'589c     0x4  startup_stm32l432xx.o [1]
  .text              ro code   0x800'58a0     0x4  startup_stm32l432xx.o [1]
  .text              ro code   0x800'58a4     0x4  startup_stm32l432xx.o [1]
  .text              ro code   0x800'58a8     0x4  startup_stm32l432xx.o [1]
  .text              ro code   0x800'58ac     0x4  startup_stm32l432xx.o [1]
  .text              ro code   0x800'58b0     0x4  startup_stm32l432xx.o [1]
  .text              ro code   0x800'58b4     0x4  startup_stm32l432xx.o [1]
  .text              ro code   0x800'58b8     0x4  startup_stm32l432xx.o [1]
  .text              ro code   0x800'58bc     0x4  startup_stm32l432xx.o [1]
  .text              ro code   0x800'58c0     0x4  startup_stm32l432xx.o [1]
  .text              ro code   0x800'58c4     0x4  startup_stm32l432xx.o [1]
  .text              ro code   0x800'58c8     0x4  startup_stm32l432xx.o [1]
  .text              ro code   0x800'58cc     0x4  startup_stm32l432xx.o [1]
  .text              ro code   0x800'58d0     0x4  startup_stm32l432xx.o [1]
  .text              ro code   0x800'58d4     0x4  startup_stm32l432xx.o [1]
  .text              ro code   0x800'58d8     0x4  startup_stm32l432xx.o [1]
  .text              ro code   0x800'58dc     0x4  startup_stm32l432xx.o [1]
  .text              ro code   0x800'58e0     0x4  startup_stm32l432xx.o [1]
  .text              ro code   0x800'58e4     0x4  startup_stm32l432xx.o [1]
  .text              ro code   0x800'58e8     0x4  startup_stm32l432xx.o [1]
  .text              ro code   0x800'58ec     0x4  startup_stm32l432xx.o [1]
  .text              ro code   0x800'58f0     0x4  startup_stm32l432xx.o [1]
  .text              ro code   0x800'58f4     0x4  startup_stm32l432xx.o [1]
  .text              ro code   0x800'58f8     0x4  startup_stm32l432xx.o [1]
  .text              ro code   0x800'58fc     0x4  startup_stm32l432xx.o [1]
  .text              ro code   0x800'5900     0x4  startup_stm32l432xx.o [1]
  .text              ro code   0x800'5904     0x4  startup_stm32l432xx.o [1]
  .text              ro code   0x800'5908     0x4  startup_stm32l432xx.o [1]
  .text              ro code   0x800'590c     0x4  startup_stm32l432xx.o [1]
  .text              ro code   0x800'5910     0x4  startup_stm32l432xx.o [1]
  .text              ro code   0x800'5914     0x4  startup_stm32l432xx.o [1]
  .text              ro code   0x800'5918     0x4  startup_stm32l432xx.o [1]
  .text              ro code   0x800'591c     0x4  startup_stm32l432xx.o [1]
  .text              ro code   0x800'5920     0x4  startup_stm32l432xx.o [1]
  .text              ro code   0x800'5924     0x4  startup_stm32l432xx.o [1]
  .text              ro code   0x800'5928     0x4  startup_stm32l432xx.o [1]
  .text              ro code   0x800'592c     0x4  startup_stm32l432xx.o [1]
  .text              ro code   0x800'5930     0x4  startup_stm32l432xx.o [1]
  .text              ro code   0x800'5934     0x4  startup_stm32l432xx.o [1]
  .text              ro code   0x800'5938     0x4  startup_stm32l432xx.o [1]
  .text              ro code   0x800'593c     0x4  startup_stm32l432xx.o [1]
  .text              ro code   0x800'5940     0x4  startup_stm32l432xx.o [1]
  .text              ro code   0x800'5944     0x4  startup_stm32l432xx.o [1]
  .text              ro code   0x800'5948     0x4  startup_stm32l432xx.o [1]
  .text              ro code   0x800'594c     0x4  startup_stm32l432xx.o [1]
  .text              ro code   0x800'5950     0x4  startup_stm32l432xx.o [1]
  .text              ro code   0x800'5954     0x4  startup_stm32l432xx.o [1]
  .text              ro code   0x800'5958     0x4  startup_stm32l432xx.o [1]
  .text              ro code   0x800'595c     0x4  startup_stm32l432xx.o [1]
  .text              ro code   0x800'5960     0x4  startup_stm32l432xx.o [1]
  .text              ro code   0x800'5964     0x4  startup_stm32l432xx.o [1]
  .text              ro code   0x800'5968     0x4  startup_stm32l432xx.o [1]
  .text              ro code   0x800'596c     0x4  startup_stm32l432xx.o [1]
  .rodata            const     0x800'5970     0x0  zero_init3.o [4]
  .rodata            const     0x800'5970     0x0  copy_init3.o [4]
                             - 0x800'5970  0x57e4

"P2", part 1 of 3:                           0x10
  P2-1                        0x2000'0000    0x10  <Init block>
    .data            inited   0x2000'0000     0xc  stm32l4xx_hal.o [1]
    .data            inited   0x2000'000c     0x4  system_stm32l4xx.o [1]
                            - 0x2000'0010    0x10

"P2", part 2 of 3:                          0x484
  .bss               zero     0x2000'0010   0x274  usbd_conf.o [1]
  .bss               zero     0x2000'0284   0x184  main.o [1]
  .bss               zero     0x2000'0408    0x80  main.o [1]
  .bss               zero     0x2000'0488     0x8  main.o [1]
  .bss               zero     0x2000'0490     0x1  usbd_ctlreq.o [1]
                            - 0x2000'0491   0x481

"P2", part 3 of 3:                          0x400
  CSTACK                      0x2000'0498   0x400  <Block>
    CSTACK           uninit   0x2000'0498   0x400  <Block tail>
                            - 0x2000'0898   0x400

Unused ranges:

         From           To      Size
         ----           --      ----
   0x800'5970   0x803'ffff  0x3'a690
  0x2000'0494  0x2000'0497       0x4
  0x2000'0898  0x2000'ffff    0xf768


*******************************************************************************
*** INIT TABLE
***

          Address      Size
          -------      ----
Zero (__iar_zero_init3)
    1 destination range, total size 0x481:
          0x2000'0010  0x481

Copy (__iar_copy_init3)
    1 source range, total size 0x10:
           0x800'5864   0x10
    1 destination range, total size 0x10:
          0x2000'0000   0x10



*******************************************************************************
*** MODULE SUMMARY
***

    Module                  ro code  ro data  rw data
    ------                  -------  -------  -------
command line/config:
    -------------------------------------------------
    Total:

E:\Firmware\CodeTestL432KC\ReaderSIM\Firmware_L432KC\EWARM\NFC_L432KC\Obj: [1]
    bcdencode.o                 356
    i2c-lcd.o                   220
    main.o                    1'624      280      524
    nfcm1833_module.o            16
    nfcm1833tinz.o              848      592
    startup_stm32l432xx.o       644
    stm32l4xx_hal.o             166       12       12
    stm32l4xx_hal_cortex.o      336      136
    stm32l4xx_hal_crc.o         462      132
    stm32l4xx_hal_crc_ex.o      120      136
    stm32l4xx_hal_gpio.o        736      132
    stm32l4xx_hal_i2c.o       1'216      132
    stm32l4xx_hal_i2c_ex.o      252      136
    stm32l4xx_hal_msp.o         460
    stm32l4xx_hal_pcd.o       1'418
    stm32l4xx_hal_pwr_ex.o      156      136
    stm32l4xx_hal_rcc.o       2'412      132
    stm32l4xx_hal_rcc_ex.o    1'430      136
    stm32l4xx_hal_spi.o       1'496      132
    stm32l4xx_hal_uart.o      1'846      132
    stm32l4xx_it.o               42
    stm32l4xx_ll_usb.o        1'228
    system_stm32l4xx.o           92       60        4
    usbd_conf.o                 408               628
    usbd_core.o                 566
    usbd_ctlreq.o             1'036                 1
    usbd_ioreq.o                 76
    -------------------------------------------------
    Total:                   19'662    2'416    1'169

dl7M_tlf.a: [2]
    exit.o                        4
    low_level_init.o              4
    -------------------------------------------------
    Total:                        8

m7M_tls.a: [3]
    fpinit_M.o                   34
    -------------------------------------------------
    Total:                       34

rt7M_tl.a: [4]
    ABImemclr4.o                  6
    ABImemcpy_small.o            24
    ABImemset.o                 102
    ABImemset48.o                50
    I64DivMod_small.o           262
    I64DivZer.o                   2
    cexit.o                      10
    cmain.o                      30
    copy_init3.o                 46
    cstartup_M.o                 12
    data_init.o                  40
    memcpy.o                     12
    memset.o                     20
    strlen_small.o               20
    zero_init3.o                 58
    -------------------------------------------------
    Total:                      694

shb_l.a: [5]
    exit.o                       20
    -------------------------------------------------
    Total:                       20

    Gaps                         24        2
    Linker created                        36    1'024
-----------------------------------------------------
    Grand Total:             20'442    2'454    2'193


*******************************************************************************
*** ENTRY LIST
***

Entry                       Address   Size  Type      Object
-----                       -------   ----  ----      ------
.iar.init_table$$Base    0x800'57e8          --   Gb  - Linker created -
.iar.init_table$$Limit   0x800'580c          --   Gb  - Linker created -
?main                    0x800'580d         Code  Gb  cmain.o [4]
AHBPrescTable            0x800'56d0   0x10  Data  Gb  system_stm32l4xx.o [1]
APBPrescTable            0x800'5880    0x8  Data  Gb  system_stm32l4xx.o [1]
BusFault_Handler         0x800'576d    0x2  Code  Gb  stm32l4xx_it.o [1]
CRC_Handle_16            0x800'1865   0x2e  Code  Lc  stm32l4xx_hal_crc.o [1]
CRC_Handle_8             0x800'17fd   0x68  Code  Lc  stm32l4xx_hal_crc.o [1]
CSTACK$$Base            0x2000'0498          --   Gb  - Linker created -
CSTACK$$Limit           0x2000'0898          --   Gb  - Linker created -
DebugMon_Handler         0x800'5773    0x2  Code  Gb  stm32l4xx_it.o [1]
EXTI0_IRQHandler         0x800'5785    0x6  Code  Gb  stm32l4xx_it.o [1]
Error_Handler            0x800'1177    0x2  Code  Gb  main.o [1]
HAL_CRCEx_Polynomial_Set
                         0x800'35b5   0x6c  Code  Gb  stm32l4xx_hal_crc_ex.o [1]
HAL_CRC_Calculate        0x800'17b5   0x42  Code  Gb  stm32l4xx_hal_crc.o [1]
HAL_CRC_Init             0x800'16c5   0xdc  Code  Gb  stm32l4xx_hal_crc.o [1]
HAL_CRC_MspInit          0x800'3415   0x22  Code  Gb  stm32l4xx_hal_msp.o [1]
HAL_Delay                0x800'2541   0x28  Code  Wk  stm32l4xx_hal.o [1]
HAL_GPIO_EXTI_Callback   0x800'106f   0x20  Code  Gb  main.o [1]
HAL_GPIO_EXTI_IRQHandler
                         0x800'167b   0x10  Code  Gb  stm32l4xx_hal_gpio.o [1]
HAL_GPIO_Init            0x800'13e5  0x236  Code  Gb  stm32l4xx_hal_gpio.o [1]
HAL_GPIO_ReadPin         0x800'1627   0x1c  Code  Gb  stm32l4xx_hal_gpio.o [1]
HAL_GPIO_WritePin        0x800'1649   0x32  Code  Gb  stm32l4xx_hal_gpio.o [1]
HAL_GetTick              0x800'0b3d    0xc  Code  Wk  stm32l4xx_hal.o [1]
HAL_I2CEx_ConfigAnalogFilter
                         0x800'1d81   0x66  Code  Gb  stm32l4xx_hal_i2c_ex.o [1]
HAL_I2CEx_ConfigDigitalFilter
                         0x800'1de7   0x46  Code  Gb  stm32l4xx_hal_i2c_ex.o [1]
HAL_I2C_Init             0x800'18c1  0x156  Code  Gb  stm32l4xx_hal_i2c.o [1]
HAL_I2C_Master_Transmit
                         0x800'1a2d   0x8e  Code  Gb  stm32l4xx_hal_i2c.o [1]
HAL_I2C_MspInit          0x800'3437   0x5e  Code  Gb  stm32l4xx_hal_msp.o [1]
HAL_IncTick              0x800'578d   0x10  Code  Wk  stm32l4xx_hal.o [1]
HAL_Init                 0x800'138d   0x1e  Code  Gb  stm32l4xx_hal.o [1]
HAL_InitTick             0x800'0af9   0x44  Code  Wk  stm32l4xx_hal.o [1]
HAL_MspInit              0x800'33e9   0x2c  Code  Gb  stm32l4xx_hal_msp.o [1]
HAL_NVIC_EnableIRQ       0x800'12f7   0x14  Code  Gb  stm32l4xx_hal_cortex.o [1]
HAL_NVIC_SetPriority     0x800'1295   0x62  Code  Gb  stm32l4xx_hal_cortex.o [1]
HAL_NVIC_SetPriorityGrouping
                         0x800'125b   0x3a  Code  Gb  stm32l4xx_hal_cortex.o [1]
HAL_NVIC_SystemReset     0x800'1313   0x1e  Code  Gb  stm32l4xx_hal_cortex.o [1]
HAL_PCDEx_LPM_Callback   0x800'420b   0x40  Code  Gb  usbd_conf.o [1]
HAL_PCD_DataInStageCallback
                         0x800'40d5    0xe  Code  Gb  usbd_conf.o [1]
HAL_PCD_DataOutStageCallback
                         0x800'40c5   0x10  Code  Gb  usbd_conf.o [1]
HAL_PCD_EP_ClrStall      0x800'4051   0x2e  Code  Gb  stm32l4xx_hal_pcd.o [1]
HAL_PCD_EP_Open          0x800'3f4f   0x54  Code  Gb  stm32l4xx_hal_pcd.o [1]
HAL_PCD_EP_Receive       0x800'3fa3   0x1e  Code  Gb  stm32l4xx_hal_pcd.o [1]
HAL_PCD_EP_SetStall      0x800'3feb   0x5e  Code  Gb  stm32l4xx_hal_pcd.o [1]
HAL_PCD_EP_Transmit      0x800'3fc1   0x1c  Code  Gb  stm32l4xx_hal_pcd.o [1]
HAL_PCD_IRQHandler       0x800'3b2d  0x396  Code  Gb  stm32l4xx_hal_pcd.o [1]
HAL_PCD_ResetCallback    0x800'40eb   0x24  Code  Gb  usbd_conf.o [1]
HAL_PCD_ResumeCallback   0x800'412b   0x22  Code  Gb  usbd_conf.o [1]
HAL_PCD_SOFCallback      0x800'40e3    0x8  Code  Gb  usbd_conf.o [1]
HAL_PCD_SetAddress       0x800'3f2b   0x1c  Code  Gb  stm32l4xx_hal_pcd.o [1]
HAL_PCD_SetupStageCallback
                         0x800'40b9    0xc  Code  Gb  usbd_conf.o [1]
HAL_PCD_SuspendCallback
                         0x800'410f   0x1c  Code  Gb  usbd_conf.o [1]
HAL_PWREx_ControlVoltageScaling
                         0x800'11ad   0x78  Code  Gb  stm32l4xx_hal_pwr_ex.o [1]
HAL_PWREx_GetVoltageRange
                         0x800'11a1    0xc  Code  Gb  stm32l4xx_hal_pwr_ex.o [1]
HAL_RCCEx_PeriphCLKConfig
                         0x800'2e51  0x3aa  Code  Gb  stm32l4xx_hal_rcc_ex.o [1]
HAL_RCC_ClockConfig      0x800'07ab  0x1be  Code  Gb  stm32l4xx_hal_rcc.o [1]
HAL_RCC_GetPCLK1Freq     0x800'0a17   0x10  Code  Gb  stm32l4xx_hal_rcc.o [1]
HAL_RCC_GetPCLK2Freq     0x800'0a27    0xe  Code  Gb  stm32l4xx_hal_rcc.o [1]
HAL_RCC_GetSysClockFreq
                         0x800'0985   0x92  Code  Gb  stm32l4xx_hal_rcc.o [1]
HAL_RCC_OscConfig        0x800'018d  0x5fa  Code  Gb  stm32l4xx_hal_rcc.o [1]
HAL_SPI_Init             0x800'1e7d  0x1dc  Code  Gb  stm32l4xx_hal_spi.o [1]
HAL_SPI_MspInit          0x800'3495    0x4  Code  Gb  stm32l4xx_hal_msp.o [1]
HAL_SPI_TransmitReceive
                         0x800'2079  0x24e  Code  Gb  stm32l4xx_hal_spi.o [1]
HAL_SYSTICK_Config       0x800'1331   0x2a  Code  Gb  stm32l4xx_hal_cortex.o [1]
HAL_UART_Init            0x800'2705   0x6c  Code  Gb  stm32l4xx_hal_uart.o [1]
HAL_UART_MspInit         0x800'3503   0x5c  Code  Gb  stm32l4xx_hal_msp.o [1]
HAL_UART_Transmit        0x800'27bd   0xb4  Code  Gb  stm32l4xx_hal_uart.o [1]
HardFault_Handler        0x800'5763    0x8  Code  Gb  stm32l4xx_it.o [1]
I2C_Flush_TXDR           0x800'1b8d   0x1c  Code  Lc  stm32l4xx_hal_i2c.o [1]
I2C_IsAcknowledgeFailed
                         0x800'1c73   0x6c  Code  Lc  stm32l4xx_hal_i2c.o [1]
I2C_TransferConfig       0x800'1cdf   0x82  Code  Lc  stm32l4xx_hal_i2c.o [1]
I2C_WaitOnFlagUntilTimeout
                         0x800'1ba9   0x42  Code  Lc  stm32l4xx_hal_i2c.o [1]
I2C_WaitOnSTOPFlagUntilTimeout
                         0x800'1c3b   0x30  Code  Lc  stm32l4xx_hal_i2c.o [1]
I2C_WaitOnTXISFlagUntilTimeout
                         0x800'1beb   0x38  Code  Lc  stm32l4xx_hal_i2c.o [1]
MSIRangeTable            0x800'5730   0x30  Data  Gb  system_stm32l4xx.o [1]
MemManage_Handler        0x800'576b    0x2  Code  Gb  stm32l4xx_it.o [1]
NMI_Handler              0x800'5761    0x2  Code  Gb  stm32l4xx_it.o [1]
PendSV_Handler           0x800'5775    0x2  Code  Gb  stm32l4xx_it.o [1]
RCCEx_PLLSAI1_Config     0x800'3219  0x1a4  Code  Lc  stm32l4xx_hal_rcc_ex.o [1]
RCC_SetFlashLatencyFromMSIRange
                         0x800'0a4d   0x74  Code  Lc  stm32l4xx_hal_rcc.o [1]
Region$$Table$$Base      0x800'57e8          --   Gb  - Linker created -
Region$$Table$$Limit     0x800'580c          --   Gb  - Linker created -
SPI_EndRxTxTransaction   0x800'240d   0x2e  Code  Lc  stm32l4xx_hal_spi.o [1]
SPI_WaitFifoStateUntilTimeout
                         0x800'2367   0x8e  Code  Lc  stm32l4xx_hal_spi.o [1]
SPI_WaitFlagStateUntilTimeout
                         0x800'22dd   0x8a  Code  Lc  stm32l4xx_hal_spi.o [1]
SVC_Handler              0x800'5771    0x2  Code  Gb  stm32l4xx_it.o [1]
So_Tien                 0x2000'02b0   0x14  Data  Gb  main.o [1]
SysTick_Handler          0x800'5777    0x4  Code  Gb  stm32l4xx_it.o [1]
SystemClock_Config       0x800'10e9   0x84  Code  Gb  main.o [1]
SystemCoreClock         0x2000'000c    0x4  Data  Gb  system_stm32l4xx.o [1]
SystemInit               0x800'5685   0x3c  Code  Gb  system_stm32l4xx.o [1]
UART_AdvFeatureConfig    0x800'2b93  0x1b4  Code  Gb  stm32l4xx_hal_uart.o [1]
UART_CheckIdleState      0x800'2d7b   0x5a  Code  Gb  stm32l4xx_hal_uart.o [1]
UART_SetConfig           0x800'2881  0x300  Code  Gb  stm32l4xx_hal_uart.o [1]
UART_WaitOnFlagUntilTimeout
                         0x800'2dd5   0x5a  Code  Gb  stm32l4xx_hal_uart.o [1]
USBD_ClrClassConfig      0x800'4733    0xa  Code  Gb  usbd_core.o [1]
USBD_CtlContinueRx       0x800'4d81    0x4  Code  Gb  usbd_ioreq.o [1]
USBD_CtlContinueSendData
                         0x800'4d71    0x4  Code  Gb  usbd_ioreq.o [1]
USBD_CtlError            0x800'4d4b   0x16  Code  Gb  usbd_ctlreq.o [1]
USBD_CtlReceiveStatus    0x800'4d9f    0xe  Code  Gb  usbd_ioreq.o [1]
USBD_CtlSendData         0x800'4d61   0x10  Code  Gb  usbd_ioreq.o [1]
USBD_CtlSendStatus       0x800'4d91    0xe  Code  Gb  usbd_ioreq.o [1]
USBD_LL_ClearStallEP     0x800'4187   0x1a  Code  Gb  usbd_conf.o [1]
USBD_LL_DataInStage      0x800'4813   0xae  Code  Gb  usbd_core.o [1]
USBD_LL_DataOutStage     0x800'4791   0x7a  Code  Gb  usbd_core.o [1]
USBD_LL_IsStallEP        0x800'41a1   0x1c  Code  Gb  usbd_conf.o [1]
USBD_LL_OpenEP           0x800'414d   0x20  Code  Gb  usbd_conf.o [1]
USBD_LL_PrepareReceive   0x800'41f1   0x1a  Code  Gb  usbd_conf.o [1]
USBD_LL_Reset            0x800'48c1   0x52  Code  Gb  usbd_core.o [1]
USBD_LL_Resume           0x800'4929    0xc  Code  Gb  usbd_core.o [1]
USBD_LL_SOF              0x800'4935   0x18  Code  Gb  usbd_core.o [1]
USBD_LL_SetSpeed         0x800'4913    0x6  Code  Gb  usbd_core.o [1]
USBD_LL_SetUSBAddress    0x800'41bd   0x1a  Code  Gb  usbd_conf.o [1]
USBD_LL_SetupStage       0x800'473d   0x54  Code  Gb  usbd_core.o [1]
USBD_LL_StallEP          0x800'416d   0x1a  Code  Gb  usbd_conf.o [1]
USBD_LL_Suspend          0x800'4919   0x10  Code  Gb  usbd_core.o [1]
USBD_LL_Transmit         0x800'41d7   0x1a  Code  Gb  usbd_conf.o [1]
USBD_ParseSetupRequest   0x800'4d21   0x2a  Code  Gb  usbd_ctlreq.o [1]
USBD_SetClassConfig      0x800'471d   0x16  Code  Gb  usbd_core.o [1]
USBD_SetConfig::cfgidx  0x2000'0490    0x1  Data  Lc  usbd_ctlreq.o [1]
USBD_StdDevReq           0x800'4955  0x24a  Code  Gb  usbd_ctlreq.o [1]
USBD_StdEPReq            0x800'4bf9  0x11a  Code  Gb  usbd_ctlreq.o [1]
USBD_StdItfReq           0x800'4ba5   0x42  Code  Gb  usbd_ctlreq.o [1]
USB_ActivateEndpoint     0x800'4251  0x250  Code  Gb  stm32l4xx_ll_usb.o [1]
USB_EP0_OutStart         0x800'46d1    0x4  Code  Gb  stm32l4xx_ll_usb.o [1]
USB_EPClearStall         0x800'4645   0x7a  Code  Gb  stm32l4xx_ll_usb.o [1]
USB_EPSetStall           0x800'4613   0x32  Code  Gb  stm32l4xx_ll_usb.o [1]
USB_EPStartXfer          0x800'44a1  0x14e  Code  Gb  stm32l4xx_ll_usb.o [1]
USB_IRQHandler           0x800'577b    0x6  Code  Gb  stm32l4xx_it.o [1]
USB_ReadInterrupts       0x800'46cb    0x6  Code  Gb  stm32l4xx_ll_usb.o [1]
USB_ReadPMA              0x800'46f7   0x26  Code  Gb  stm32l4xx_ll_usb.o [1]
USB_SetDevAddress        0x800'46bf    0xc  Code  Gb  stm32l4xx_ll_usb.o [1]
USB_WritePMA             0x800'46d5   0x22  Code  Gb  stm32l4xx_ll_usb.o [1]
UsageFault_Handler       0x800'576f    0x2  Code  Gb  stm32l4xx_it.o [1]
WakeUp_CR95HF            0x800'2461    0x4  Code  Gb  nfcm1833_module.o [1]
WakeUp_TinZ              0x800'3915   0x4c  Code  Gb  nfcm1833tinz.o [1]
__NVIC_SetPriority       0x800'123d   0x1e  Code  Lc  stm32l4xx_hal_cortex.o [1]
__aeabi_ldiv0            0x800'3af5         Code  Gb  I64DivZer.o [4]
__aeabi_memclr4          0x800'3aed         Code  Gb  ABImemclr4.o [4]
__aeabi_memset           0x800'397d         Code  Gb  ABImemset.o [4]
__cmain                  0x800'580d         Code  Gb  cmain.o [4]
__exit                   0x800'5841   0x14  Code  Gb  exit.o [5]
__iar_Memset             0x800'397d         Code  Gb  ABImemset.o [4]
__iar_Memset4_word       0x800'3af9         Code  Gb  ABImemset48.o [4]
__iar_Memset8_word       0x800'3af9         Code  Gb  ABImemset48.o [4]
__iar_Memset_word        0x800'3985         Code  Gb  ABImemset.o [4]
__iar_copy_init3         0x800'1893   0x2e  Code  Gb  copy_init3.o [4]
__iar_data_init3         0x800'579d   0x28  Code  Gb  data_init.o [4]
__iar_init_vfp           0x800'57c5         Code  Gb  fpinit_M.o [3]
__iar_program_start      0x800'5875         Code  Gb  cstartup_M.o [4]
__iar_small_Memcpy       0x800'256d         Code  Gb  ABImemcpy_small.o [4]
__iar_small_memcpy       0x800'2569         Code  Gb  ABImemcpy_small.o [4]
__iar_small_memcpy4      0x800'2569         Code  Gb  ABImemcpy_small.o [4]
__iar_small_memcpy8      0x800'2569         Code  Gb  ABImemcpy_small.o [4]
__iar_small_strlen       0x800'2e3d         Code  Gb  strlen_small.o [4]
__iar_small_uldivmod     0x800'39e5         Code  Gb  I64DivMod_small.o [4]
__iar_zero_init3         0x800'13ab   0x3a  Code  Gb  zero_init3.o [4]
__low_level_init         0x800'582b    0x4  Code  Gb  low_level_init.o [2]
__vector_table           0x800'0000         Data  Gb  startup_stm32l432xx.o [1]
_call_main               0x800'5819         Code  Gb  cmain.o [4]
_exit                    0x800'5835         Code  Gb  cexit.o [4]
_main                    0x800'5827         Code  Gb  cmain.o [4]
assert_failed            0x800'1179    0x2  Code  Gb  main.o [1]
crcx25                   0x800'38ed   0x18  Code  Lc  nfcm1833tinz.o [1]
demFunction             0x2000'048c    0x4  Data  Gb  main.o [1]
display                  0x800'1097   0x1a  Code  Gb  main.o [1]
encode4byte              0x800'25a1   0x7c  Code  Gb  bcdencode.o [1]
encode8byte_little_edian
                         0x800'261d   0xd6  Code  Gb  bcdencode.o [1]
exit                     0x800'582f    0x4  Code  Gb  exit.o [2]
getDeviceID              0x800'245d    0x4  Code  Gb  nfcm1833_module.o [1]
getDeviceID_spi          0x800'38b9   0x32  Code  Gb  nfcm1833tinz.o [1]
hcrc                    0x2000'028c   0x24  Data  Gb  main.o [1]
hi2c1                   0x2000'03b8   0x4c  Data  Gb  main.o [1]
hpcd_USB_FS             0x2000'0010  0x274  Data  Gb  usbd_conf.o [1]
huart1                  0x2000'0408   0x80  Data  Gb  main.o [1]
huart2                  0x2000'0338   0x80  Data  Gb  main.o [1]
idTag                   0x2000'0284    0x8  Data  Gb  main.o [1]
idTagBCD                0x2000'02c4   0x10  Data  Gb  main.o [1]
lcd_clear_display        0x800'252d    0x4  Code  Gb  i2c-lcd.o [1]
lcd_goto_XY              0x800'2531   0x10  Code  Gb  i2c-lcd.o [1]
lcd_init                 0x800'24c5   0x4c  Code  Gb  i2c-lcd.o [1]
lcd_send_cmd             0x800'2465   0x22  Code  Gb  i2c-lcd.o [1]
lcd_send_data            0x800'2487   0x20  Code  Gb  i2c-lcd.o [1]
lcd_send_string          0x800'2517   0x16  Code  Gb  i2c-lcd.o [1]
main                     0x800'0b49  0x4a8  Code  Gb  main.o [1]
memcpy                   0x800'2581    0xc  Code  Gb  memcpy.o [4]
memset                   0x800'258d   0x14  Code  Gb  memset.o [4]
permissReadTag          0x2000'0488    0x4  Data  Gb  main.o [1]
ping_module              0x800'2459    0x4  Code  Gb  nfcm1833_module.o [1]
ping_module_spi          0x800'377d   0x40  Code  Gb  nfcm1833tinz.o [1]
select_tag_type          0x800'2455    0x4  Code  Gb  nfcm1833_module.o [1]
select_tag_type_spi      0x800'37c1   0x66  Code  Gb  nfcm1833tinz.o [1]
sendrecv_spi             0x800'3827   0x88  Code  Gb  nfcm1833tinz.o [1]
spi_polling_data_cr95hf
                         0x800'3691   0x64  Code  Lc  nfcm1833tinz.o [1]
spi_recv_data_from_cr95hf
                         0x800'36f5   0x62  Code  Lc  nfcm1833tinz.o [1]
spi_send_data_to_cr95hf
                         0x800'362d   0x64  Code  Lc  nfcm1833tinz.o [1]
spi_to_nfcm1833tinz     0x2000'02d4   0x64  Data  Gb  main.o [1]
uwTick                  0x2000'0000    0x4  Data  Gb  stm32l4xx_hal.o [1]
uwTickFreq              0x2000'0008    0x4  Data  Gb  stm32l4xx_hal.o [1]
uwTickPrio              0x2000'0004    0x4  Data  Gb  stm32l4xx_hal.o [1]
viTriTien               0x2000'0404    0x4  Data  Gb  main.o [1]


[1] = E:\Firmware\CodeTestL432KC\ReaderSIM\Firmware_L432KC\EWARM\NFC_L432KC\Obj
[2] = dl7M_tlf.a
[3] = m7M_tls.a
[4] = rt7M_tl.a
[5] = shb_l.a

  20'442 bytes of readonly  code memory
   2'454 bytes of readonly  data memory
   2'193 bytes of readwrite data memory

Errors: none
Warnings: none
